GCPF       ¸´ ©  Â    ó  ¤  t  î  :  J  @  ¡  y  a  d  ¦  x  -  &    4  #  T  ‰  (  @  h    4    ;  ı  "  †  *  •  P  B    <  `  j  r  ›  Ì  ƒ  à  ‰  ­  l  ·  C  Æ  j  ‘  €  Œ  Æ  Ê  w  Å  ˆ  ¥  D  C    @  w  m  ²  „  g  0  K  "  ~  Á  Ú  m  Ñ  &  ¦  ü  À  Ø  ¾  ª  w    ƒ  €  V  “  v  …  _  V  Ã    ­  ø  á  ®  À  ü    g  u  i  ˆ        î  E  v    (  )      .  7  à  ò  T           log_type @ @  peer_id @  @ 
 	match_info€K@  h $@W  À'frame`Y  àC@tick 2 ÿ  @@Wstart_tim`/ `nƒ x@  +input_complet X B`W@ À# C à#  ,`×2 `S ^`·@?@ 	 local_lag @£@#@@£remo ``@@ @@7advantag ¾`À7   Qcul ›d_à &Aƒ@ @?@[€ß`Öà?  $mess Ys_sen #o_ Ä@ƒÀg à'_sizeAC@+@3  €w " à[ e t!@9  à3  3à«à’á W@g@o@ßBgend İ m"g `áÛ@duration ğ§ÆK7‰@À7âŸ@O ¨ BkAË@#A;âk@{@@AQ@"j ÿ@@/"'âk àà«àà«;ßO—n‚?@W@Çà« p x@«ã'@ @Sà« "à«AÓ‹âó@# ï"¶à#AK¢R`/Ag@·@ƒ@Bßã Ú`@£ã#À7ã/À?ãK 2 ø@ïã#À3ã@»à n`oB;âsáã@âs®GázÖâs ¬ SA»  @ËAŸã@ À"ãà{DS¡ÛCFs_receiv$Æfrom_2B[@Ã@Ó@@S@¯àËã#ã/Ï@ @o@ßàÃàá[ü©ñÒMbá[ è LA[E»@{ àÏA@@A0@@ @A § t%N`CGc@  /root/SyncMan%èr/Spawn €/@K@/  / s@AŒords @“@ @@Wcount 8à +  €g
Training Gr 'ds/World/Dummy/Ani'á o€;@O@Acis_play 7ë@ @  currF™ a`<%È @@ @  À#posi@"  @ @@ÓÀ s$ˆ d @ïÂS - à» P ™ers  1 /@û@W@_Dßhealth€W d @A¿À@  1120403456|1119092736 @`ëolliderà È à
;15827%R`;Ahurtboxà :@Sà
7às  ?À7Gà 3086324 œ|1 061619Àk @3 iàj`ƒ€kÀ``ß223808 /@W   7@j``3àk7793612à3" gbKed A³@ @OA_ve&9ity@  0|0`ã@B·FallB`@Fsjab_ã3@@À i q x SB+@ @A£last_"er$ªCˆ à#@ç
should_exit`7@· 0 'ÀCnex"ĞllowàC@ƒ!+àŸ@C@?à_AÓdash_abil! v`7Bgâ$çã®bï@{@ã§¯B·ã2¯5515264bÏ#
#¡OBã¯à;ã#¯à7àsAÛ h£çCDAãCã$¯2485990€ßãı¯ã®¯ 2ãs¯urrent_speed        @ $   	%,„µ 
 °      @# 
 	frame_type@+€7@@tickà@/start_tim`/ 4`nƒ l@/  ?input_complet X B ƒ€ À# C à#  . Òr_2 `S ^`·@?@ 	 local_lag @_@@@£remo ``@@?@@7advantag ¾à   Qcul ›d_à &  @ @?@[€ß`Ö`?@@  $mess Ys_sA•to_ Äàƒ à'_sizeAC@¯@3 Ä @[ "à3tot!@9  à3  3à«à’aW@»@gÀ@@ v`w  !éingsaÀ  curr`å!à  P—n@@¯  end meB#:`nâ #@duration@7ìQ¸…ëà 7logbÀ‡ ´ KB³  @[Aƒâ³@ À"[âŸ ;à{A{¢@¶s_receiv!îfrom_2A{@wàA@[@·àÓàW@à· ¨ ”@·BË@?à·@g@@@@Ác@/àË@sàácAaQ¸?@g@7à« ä x@«  ³@#@{ácÀ—@À« 6`@/à« DáwAW‚‹ãó@# C#¶à#  orollbackÁ€ƒÀ›â¯ÀŸ@óÀ7Bs‹lçû©ñbsâË¶óıÔxéæa/A¿£Æ`£@kA+A@DSä‹@#@A¢oä‹@ @7ä/‹@;@äK‹ 2 Ô@[ä#‹À3ä‹A«@@c@ãw HâWA×â	ç a×@âçã/“@@—AÏ"£ä_ Iàã“àà«{®Gáz„bcà« ì tBgã'“Á7à« Uà«Coãƒ“X9´Èv¾ëaã“-²ï§â`ã+“!Ná Ãã#“"ö`7ã/“Æ·ãK“è_@ÃÁ?@ÂcB·âï Wâ_@âïj¼t“üa¿@ã› |!hBïà[à#ÀC‡Æ 2`@ŸbË @C@£@@À@7 - 
/root/Train(× Grounds/World/Players  1 /@?@{@O ÿ  @@ @@ à@oÀ@o@Ëƒg¼¶@/@@@W@@'à'—&Š`?@{@C –à0— 8 — ¬ SAK@“D?è@ ÀåáûégA@»@O@BâKâ@;å/ËA3@o@ßàÃàâÛdºŸŠâÛå/Ë@§@à« eãkåËA+@C@# ïé\_Zd;ßOåË#Ûù~j¼àa/å£Ë@«AKå€Ë        input_ticks_sen 

o_peer_2         @  @?@  end Ame  f`nƒàduration ¸…ëQ¸ú?À7log_typ 7     |   @sà#À@@±@7@@@—`Ë ?@C@@ Rà @' - /root/Training Grounds/World/Players  1 /@O@{@O ÿ  @@ @@ à@oÀ@o@ $ $Ag¼¶ 
 €@W@@'à'—!`?@{@C –à0— 8 — ¬ SAK@“ 
 framea¥€g@ Àstar"0!ù@ gáû  (remot <b\received_from_2B[A@»ÀoâKàO@â/	 á @“à#@[@@@„@@s@@s ¿ t º`C  @  ‚SyncManager/Spawn €/@K@/  / s@@àords A×@ @@W c"_ t 8à +  €gâ‡Dummy/Animato€;@O@A—is_p"©"¿€Ó@ @  currCÊ a`<#| @@ @  À#posi@"  @ @@ÓÀ s$ d @ïÁ;â'«ÃC@W@_DKhealth€W d _@A¿À@  1120403456|1119133190 @`ëollid$¯À8 à;98726 Ahurtboxà :@Sà7às  ?À7sizeà 308632473 §09261619C£@ @3 iàj`€k Ï92`7 
26426À7 à7@jà3àk77936128 +@k@3" gdÓed A³@ @A_velocity@@Ë 0 v00228076@ã@B¿FallBh@#r jab_ã;@@À i y x 'B3@ @A«last_"˜er$C à#@»
should_exit`7@¿áïnex"ØllowàC@ƒ!kàŸ@C@ƒà_Adash_abil!# `7B3ã«æ3ã¶có@{@ã·À›AÃsã·@Ó f ó!ƒ _ R`KB¿À/Âú  @ @kCkÀÃÃ€ €g- à%ÓB“D¿@W@_ã&Ã5515"Û"lã)Ãà;ã"Ãà7ãUÃ2485990€ß çãıÃã³Ã 2ãšÃD;Š[  1²"¨ C£C›C£Doé¿@+@@E‚à@/%×éÓF?ëëéŸëëÉv¾Ÿ/Ídk@7é» ì x@«DÇ@‹@{à«@ß@@À«FŸ@@/à« vêJ_l_compleª‡`ÿ z`C@# C à	#À{  + r(cbackf³)à@?ÀG+%š s`Ï@@Ÿ@óÀ7Lû /İ$éaFgÅ›@×@Ï÷Sã¥›à`A¿)ví ƒ  ƒA+@W@F'Åal_la)ş`sÀwA«w`@@?À7advant*Ô 7À   Qcul!d_à &†3€?@[S@µ€[@ÿ@[  #mess Y sîHàƒLà'häA“@“@3 Ì @[ "à[.® t!ià3  3à«à’aû@Û@g@Ã@Aw@ÂcAÃâïw`nîÛœÄ °rhùa¿@7âïî+Û@Ÿ@ÿ@`Ë ÓB@£@!à @'ç ÓPlayer 1         ÿ  @@ @@ à  À  @ $   	g¼¶ 
 €@W@@' - /root/Training Grounds/World/Pla  s  2 /@?@{@C –à0— 8 — ¬ S  @“ 
 	frame_type€g@ Àstart_tim` w`nƒ ğ@  (remot <icks_received_from_2  *`»  @3  end 0me@O xàO@log`‰@ï@;	 á À?à#@'@@@„@@@@ã ¿ t º`C  @  ‡SyncManager/Spawn €/ÀG  / s@@àords A—@ @O@W c!Ç t 8à +  €gáïDummy/Animato€;@O@A—is_p""'@ @  current_a`<ion @@ @  À#posi@"  @ @@ÓÀspeed @ïAs@â'«ÃC@W@?Aïhealth€W d _@AãÀ@  1120403456|1119214098 @`ëolliderà È à;79634 Ahurtboxà :@Sà7às  ?À7sizeà 308632473 §092616 ¬ +@  hiàj`€k19 /`7 
 è170 /@7   7@j``3àk7793612Á@3" gd;ed A³@ @OA_velocity@@Ë 0 v N16684@ã@B¿FallBh@#r jab_ã;@@À i y x 'B3@ @A«last_"˜er$C à#@»
should_exit`7@¿Á@Cnex"ØllowàC@ƒ!3àŸ@C@ƒà_Adash_abil!# `7 6 ã«å› 1ã¶có@{@ã·À›@ÛÃsã·@Ó f ó!ƒ _ R`KB¿À/Ã3  @Ã.:@kCkÀÃÃ@  €?@- à%ÓBËD¿@W@?ã&Ã5515264"l#ãO`÷ãÃà;ã"Ãà7àsAç h£ûCX@ÏãWã$Ã2485990€ßãıÃã¶Ã 2ãšÃD;Ê[#Ãâ#Ò ¨ C§CŸB×DséÃEs@@E†@E÷@@/%Ûé×é‡é£durhr  Å °rh‘ÍdoF{é›@» ° x@«GÀ{à«@'@@À«àÛà« †ê3Jcinput_compleª‹`ÿ !'@S@# C à	# `#@o)r_%@/@“@·@?@EŸ'Ual_la)`7À;AO r‹`@@?À7advant*d 7À   Qcul ›d_à &@·@ @?@[€ßA€[Ag@  $mess Ys_s't_to_ ÄàƒK§à'eÀï@3 Ğ œ@[ "à[ e t!EU  à3  3à«à’aW@Û@g@Ã@H{@A@w@,' sa `EÏÆëA	B{mçû©ñÒåâ {â³‡`nì §@kâ³F¶óıÔxñà 7â³ | tAû@«@“@?à#À@@‹@¿@@Cca ·@C@@ Rà @'ç'›Ë_@{@O.
î0î×£áûBû£›Aªî£m_2             end_time ‡`nƒ $Àlog_typ €;	     à#@'@@tick@À+  3state @CÀƒ  /root/SyncManager/Spawn €/@K@W  / s@_records @O@ @@Wcount 8à +  €g
Training Gr 'ds/World/Dummy/Animato€;@O@ 
 ;is_play 7@ @  current_a`<ion @@ @  À#posi@"  @ @@ÓÀspeed @ï!Š` - à» P ™ers  1 /@û@W@_  health€W d @AÿÀ@  1120403456|1119335460 @`ëolliderà È à
;400996 Ahurtboxà :@Sà
7às  ?À7sizeà 308632473 §092616192 +@  hiàj`€k19 /`7 
46653À7 à7@jà3àk77936128 +@k@3" gbKed A³@ @A_velocity@@Ë 0@v347!f 2@ã@B¿FallBh@#r jab_ã;@@À i y x 'B3@ @A«last_"˜ereCäck à#@»
should_exit`7@¿áïnex"ØllowàC@ƒ!kàŸ@C@ƒà_Adash_abil!# `7B3â$ïã¶b÷@{@ã·À›AÃsã·@Ó f ó!ƒ _ R`KB¿À/Ã3  DÃ®9@kCkÀÃÃ@  €?@- à%ÓB“ã2Ã5515264BlãO`÷ãÃà;ã#Ãà7 3ä7Aç h£ûCXAc‹ãWã$Ã2485990€ßãıÃã¶Ã 2ãšÃD; $#ÇECßG6\¨ C£G_BÓDoframei5€'@+@@E‚@à/%×rti@+é	ƒéŸdurhn  7´Èv¾ŸÏdkFwé» ì x@«DÇ@‹à«@ß@@À«F@@/à« —ê/J_input_complet!Fq v`?@C@# C à	#  '   r$Ÿback`A)à@CÀ›@*¯%š s`Ï@@[@óÀ7Ad;ßO—ğaDÅ›@”@ã¥›Ä °æ`A)vr_%t@£@kA+@W@F'Åal_la)ş`sÀwAremo Ô`@@?À7advant*Ô 7À   Qcul!d_à &A@ @?@[S@µ€[@‹@  $mess Ys_s'ä_to_ Äàƒ à'e‹Àï@3 Ô œ@[ "à3tot!EÅ  à3  3à«à’aW@Û@g@Ã@A³@AÓ@w@âï™`nìâïj¼t“@À7âïì+«@K@é“BÀŸìı«ì«497277"‡AÃèçìç562813 ;E# h¨¯Éë@Sh³à7àsDgÀ7C!à 3è0çì« ¢349 £K[+wMN@j`ó`Ÿàk
77936128         is_grounded  @ @  velocity@  0|1117005292@  state @  Falling` 	 jab_À#  @'@À i y x   @ @  last_entered_tick à#@»
should_exit`7@¿ 0 'ÀCnext_ owàC@ƒhitàŸ@C@?à_Adash_abil!# v`7 6 
/root/Train!
 Ga_s/World/Players 
 1/Animatorá 
 G!› p - C€—À›Acurr!_a`=ion /@·@Ó f ó 4 _ R`  À/posi@.     /@3  Àspeed €€?@-  (à"Ó 2 /Aë@W@?  healthÃ d @BcÀ@  	1125515264Bl9497277 @`÷olliderà È à
;562813 Ahurtboxà :@Sà
7àsAçÀ7sizeà 3086324736|109261619@÷@  s"Wàj` k485990€ß ¢349 /@7Bs 7@j``3àk77936128à3"'ãıÃãnÃ 2ãšÃD; $"3ECËƒË1¨ C£C›B{Doframe_typ%Ğ@'@@@E‚@Eã@@/%×rt%œ m`/ ™`nƒ h@CÛenEºmeàdurd¶  7®GázÎdk@7log`…@o N ¸ @«CW@[@{à«@'@@À«@K@@/à« ¨à«  cinput_complet!Fq v`?@C@# C à#AK%>r_$@/@“@·@?@E›'Qal_la%Ò`_  @@£remo ``@{@?@@7advantag!j`@@   Qcul ›d_à &@W@ @#@[€ß`Ö`;@@  $mess Ys_sFQto_ Ä@cÀƒ à'd¬Àï@3 j @[ "à3tot!dæà3  3à«à’aW@[ b`Ã@A@Aï@Â£@"'
 sa‡ÀËEÓÆïABƒ/İ$éâ ƒâ»©`nâ×â»yé&1¬ôà 7â» | tBA@·@£à#À@@‹@¿IW@@a ë@C@@ Rà @' - ç#Ÿ 1 /@O@{@O ÿ  @@ @@ à@oÀ@o@„K g¼¶@/@@@W@@'à'—!Ş`?@{@C –à0— 8 —á+CÇ@¿áıá5 ¬¡ÓAKASDwå»@ À%cæSã{Dƒ¥#C*s_receiv$öfrom_2äƒCg@S@ãËã‹B×ç/@g@o@ßàÃ@'àä	[ Œä[ °#$Coç'E/à« ¹äëAOdæ
óÃ#@# ï&¶ça@ @¿@Çæ ğ !d;@ç/Kƒ@?çK Ğ"`@[ç#À3çÅ7@ÃAB‹@A'@w   timings          current_tick J+‡í?@  end me º`nƒ <Àduration@7ƒÀÊ¡Eöà 7log_typ 7€o | 7@{  À?à#À@@‹@7  +  input @C@@ Rà @7 - /root/Training Grounds/World/Players  1 /@O@{@O ÿ  @@ @@ à@oÀ@o@ $ $Ag¼¶ 
 €@W@@'à'— 2 C@?@{@C –à0— 8 — ¬ SAK@“ 
 framea¥€g@ ÀstarB m`áû  (remot <"6s_received_from_2 A@» 	 @SâKâ@;  8ÁÀ?à#@[@@@„@ÀÛ@ ¿ t º`CÂG  ‚SyncManager/Spawn €/@K@W  / s@@àords @“@ @@W c"_ t 8à +  €gâ‡Dummy/Animato€;@O@A—is_p"©"¿@ @  Ã¯ a`<#| @@ @  À#posi@"  @ @@ÓÀspeed @ïAs@â'«ÃC@W@?  Ohealth€W d @AÿÀ@  1120403456|1119699548 @`ëolliderà È à
;765084 Ahurtboxà :@Sà
7àsEÀ7sizeà 308632473 §09261619C£@  shiàj`€k19 /`7 
830620 /@7   7@j``3àk7793612Á@3" gdÓed A³@ @OA_velocity@@Ë 0`v432551@  ,Ã@B¿FallBh@#r jab_À#BÓ@@À i y x 'B3@ @A«last_&Her$C à#@»
should_exit`7@¿Á@Cnex"ØllowàC@ƒ!3àŸ@C@ƒà_Adash_abil!# `7 6 ã«æ3ã¶áã·À›@ÛÃsã·@Ó f ó!ƒ _ R`“B¿À/Ã3  @Ã.:@ëCkÀÃÃ@  €g- à%ÓBËAë@W@_ã&Ã"]5264blãO`÷ãÃà;ã#Ãà7àsAç h£ûCX@ÏãWã$Ã2485990€ßãıÃã¶Ã 2ãšÃD;Š[  ‘ï.é+CÇBÿå÷CçE÷@éıé942(;!ÿA«åKéK20007809 ;FOÅÆO@Se ,éƒàsåIKé £73)û £G¿'ÛI²E¶`ó`ŸéF21%Í810@ÿã@CéÔ   0       dash_ability ` 6 /root/Training Grounds/World/Players  1/Animator   ;@[@ 
 is_p - C   @@  current_a`=ion @ 	 fall 4 _ R`  À/posi@.  DÃ®9@3  Àspeed @  €?@- à%Ó 2 /@Ë@W@?  health    d @  À@  1125515264|1119942273 @`÷olliderà È à;20007809 Ahurtboxà :@Sà7àsAçÀ7sizeà 3086324736|109261619@÷@  shiàj` k485990@ß £73345 /@7   7@j``3àk77936128 +À3"' gbced B#@ @A_veloc"Ÿ@@Ë0| v 1 810@  ,state @   F‚?`BOjab_À#A×@'@À i y x 7AÛ@ @A«last_"¤ered_tick à#@ï
should_exit`7@¿Ãc@Cnex"ällowàC@ƒ!3àŸ@C@ƒà_Aã;Ã 2ãšÃA $¡ãğĞ¨ AËC›A+Doframe_typ"A§@@@A¾@Ao@@/"rt!Ø m`/ º`nƒ h@B{enAöme@ »àdurd¶  7®GázŞdk@7log`…@o N ì @«CÃ@[@{à«@'@@À«@'@@à« Éà  cinput_complet!B­ v  C@C@# C à	#ÁC  / r$Ÿback`A sCÀ›@K!%š s`Ï@_@[@óÀ7A?5^ºIîaB£Å›@”@h‘í|?5ğ`@{%²r_$|@£@kA+@W@A¯$al_la&F`s  @Aremo Ô`@@ @@7advantag!Ş`À7   Qcul!d_à &@@ @?@[S@µ€?@Ë@  $mess Ys_s$ _to_ Ä@ƒ@Ã@' à'e Àï@3 Ø 4@3 "à3tot!eZà3  3à«à’aW@Û@g@Ã@D[@@ç@wAÃâïË`nãâï¤p=
×£@À7âï | ËAÃ@sà#À@A]@‡@@EÏ`Ë Ó@C@@ Rà @' - è$§ /@O@{@O ÿ  @@ @@ à@oÀ@o@„ g¼¶@/@@@W@@'à'—!`?@{@C –à0— 8 — ¬ SAK@“Aãäo@ À$åáûBÃ£cAªs_receiv#6from_2âÃ@g@SAËâKâ/ #¬ACAÀ?à#A@@@„@D‹@@ã ¿gÿ@CÀ  à‚SyncMan#¬r/Spawn €/@K@GIë s@@àord$ú`O@ @@W c+(à +  €gë/Dummyç`@£@O@A/(ûë#@ @H;Å7ë#@ @#FOÀ#Ê‡ @  @@ÓÀË@ïBË@â'«ÃC@W@?E»ë"040*+6|)À022545ë"à;9098ëà7àsE h«OEQ@Ïê«ë$ 1 –+ë€ß35652ëh418027ëıë:îsÛ   /B“CkãÃƒãî*Ûer 2           health    d @  position@  
1125515264| 
0225453 @  collider_À8 @à;90989   hurtboxà :à7às à7sizeà 3086324736|109261619@÷@ @3 iàj` £485990€ß356525 /@7   7@j``3àk77936128 +À3is_grounded  @ @A_velocity@@Ë 0AV4180270@  ,state @  Falling` 	 jab_À#A×@'@À i y x 'AÛ@ @A«last_entered_tick à#@ï
should_exit`7@¿ 0 'ÀCnext_ owàC@ƒ!3àŸ@C@?à_Adash_abil!# v`7 6 
/root/Train!
 Ga_s/World/Players 
 2/Animatorá 
 G!› p - C€—À›Acurr!_a`=# /@·@Ó f ó 4 _ R`B¿À/Âú     /@3CkÀspeeCc€€?@@w$ A ×‡í 
 ¨ AÏCŸ@#@¯frame_typ"A«@@@AÂ@@'@@"rt!Ü m`/ Ë`nƒ l@BenAúme@ Ìàdur`ö  7X9´Èv¾Ï`«@7log`…@o N ° @«C[@[@{à«@'@@À«B@@/à« Úà  cinput_complet!B± v`@C@# C à	#C7@#AK!~r_$@/@“@·@@AÛ#‘al_la"`_A§@@£remo ``@{@ @@7advantag!j`À7   Qcul ›d_à &@@ @?@[€ß`Ö`?B3@  $mess Ys_sB‘to_ Ä@ƒ@Ã@' à'd°Àï@3 Ø 4@3 "à3tot!dêà3  3à«à’aW@Û@g@Ã@CË@ÁïA"w#B sa `@'Ã'A	B{yé&1¬äâ {â³Û`nâÏâ³…ëQ¸…ïà 7â³ | tAû@«Aâ×À@@‹@¿Aç@E—a ·@C@@ Rà @' - ä#« 1 /@O@{@O ÿ  @@ @@ à@oÀ@o@ÄGg¼¶@/@@@W@@'à'—!Ö`?@{@C –à0— 8 — ¬ SAK@“Cä3@ À#ÛäËáûBû£›Aªs_receiv#nfrom_2âûÂƒAïâKâ/ !üACA@“@?à#A@@@„@@#@@ã ¿gÇ@CBÿ@  à‚SyncMan#är/Spawn €/@K@/CO s@@àords ?@O@ @@W c(k'Ôà +  €gç3Dummyç(@S@O@A—ç'@ @ç'@ @#ç`@ÓÃóÇ@ïBË@?â'«ÃC@W@?Eóê"ß040345*7 
549087 §`ëêßà;61462ËA hêßà7àsEÀ7E‰  ‹êsê$ß 1+v 2k v68015ËƒC)«K‚@ja;àkê;ß5393899 Ëã@B¿êıßê!ß 1ã¶ã·ÃSbËê:ß@Ã.:A·CkÀOÃÃ @ Šßã'ÃÆo@W@_ã&Ãî£ãO`÷ãÃà;ã#Ãà7àsãIÃî£ã%Ã6|1077936128      is_grounded  @ @  velocity@  0|1125393899@  state @  Falling` 	 jab_À#  @'@À i y x   @ @  last_entered_tick à#@»
should_exit`7@¿ 0 'ÀCnext_ owàC@ƒhitàŸ@C@?à_Adash_abil!# v`7 6 
/root/Train!
 Ga_s/World/Players 
 2/Animatorá 
 G!› p - C€—À›Acurr!_a`=ion /@·@Ó f ó 4 _ R`  À/posi@.  @Ã.:@3  à speed @  €?@@w$ Ù–ê ¨ AË  @@«frame_typ"A§@@@A¾@AS@@/"rt!Ø m`/ Û`nƒ h@B{enAömeàdur`ò  7Zd;ßOÍ`§@7log`…@o N ° @«  @[@{à«@'@@À«Aß@@/à« ëà«  Winput_complet!B­ va‹@C@# C à	#@³@#AK!zr_2 `/@“@·@@A×#al_la"`_A£@@£remo ``@{@ @@7advantag!j`À7   Qcul ›d_à &@@ @?@[€ß`Ö`?  @  mess Ys_sBto_ Ä@ƒ@Ã@' à'_sizeA@+@3 Ø @3 "à3tot!@9  à3  3à«à’aW@Û@g@Ã@Bû@ÁïDÃ"w#> sa `@ÃCA	B{^ºI+çâ {â³ì`nâÏâ³Å °rh‘ñà 7â³ | tAû@«AB#à#À@@‹@¿A§@E“a ·@C@@ Rà @' - ä#§ 1 /@O@{@O ÿ  @@ @@ à@oÀ@o@„C g¼¶@/@@@W@@'à'—!Ö`?@{@C –à0— 8 — ¬ SAK@“A[ä3@ À#ÛäËáûBû£›Aªs_receiv#nfrom_2âûBc@SAïâKâAW #äACAÀ?à#A@@@„@ 2`@ã ¿gÃ@CBÿ@'  ‚SyncMan#är/Spawn €/@K@/CG s@@àords ?@O@ @@W c(g'Ğà +  €gç/Dummyç$@S@O@A—ç#@ @ç#@ @#ç@ @@ÓÃóÇ@ïas $â'«ÃC@W@?Eóhealth€W d S@AÿÇ§@  )y0403456|@
665577   `ëollid&?À8 @à
;731113 Ahurtboxà :à7àsB«À7E‰  O`k08632473 §09261619C£@Gƒ)oàj``7119 /`7 ê796649 S@7H7 7@j``3àk 7êÛÁ·A_êÛ  g0|0`Wã@{B·êıÓê!Ó 1ã®ã¯Á“bÃê:ÓDÃ®l›CcÀOÃ»Aç  ªÓ-  äwë§ /D{@WBã&»5515264bÛ913175 O@G`÷ã»à;7871DG@;ã»à7àsãI»2485990`ß1044$  ßã?»@ @óã»@Ën—6607528@#ãıÃãÃ   /root/Training Grounds/World/Players  2/Animator       
 is_p - C   @@  current_a`=ion @ 	 fall 4 _ R`  À/posi@.  DÃ®9@3  Àspeed @  €?@@w$    vÅşq¨ @«  @@«	frame_type€'@+@@tick@ à/start_tim`/ ì`nƒ h@/  'end`àdur`ò  7h‘í|?5Î`§@7log`…@o N ì @«A@[à«@'@@À«A@@/à« üà«  cinput_complet! î`ÿ@;@C@# C à	#A¯@#  Grollback`A sCÀ›  !-!Ö s`Ï Ö`7@óÀ7Aü©ñÒMbèaAoÁ×@”@Å °rh‘á`A¿!îr_2 `£@kA+@@@›local_la"‚  @sB@@Ûremo Ô`@@ @@7advantag!Ş`À7   Qcul!d_à &@@ @?@[S@µ€?  @  mess Ys_sCto_ Ä@ƒ@Ã@' à'_sizeA“@+@3 Ø @3 "à3tot!@9  à3  3à«à’aW@Û@g@Ã@Aë@ÂcAÃâïı`nãâï)\Âõ(úa¿@7âï | ËAÃ@s@Óà#À@A]@‡  Ã@  `Ë @C@@ Rà @' - ä#ã 1 /@O@{@O ÿ  @@ @@ à@oÀ@o@„ g¼¶@/@@@W@@'à'—!`?@{@C –à0— 8 — ¬ SAK@“BËå@ À$å şáûBÃ£cAªs_receiv#6from_2âÃâKàOâAWC¬ACA@“à#A@@@„@@Ó@@ã ¿ t#`CD£@  ‚SyncMan#¬r/Spawn €/@K@/@» s@@àord$ú`O@ @@W c'C t 8@«@ @ + €gçkDummyç`@;@7@@Ãç_@ @ç_@ @#FOÅ[çS@ @@ÓÀÇS@ïAs@â'«ÃC@W@?E»health€W d x@A¿À@  
1120403456|@
665577   `ë&wid&À8 @à
;731113 Ahurtboxà :à7àsF—À7EQ  O`k08632473 §09261619C£@E;hiàj``7119 /`7 ê796649 S@7DÛ 7@j``3àk77936128à3" gi·ed A³@@OA_ve'ity@  30|0`ã@@Idl`ßGjab_ã/@@À i m x OB'@ @AŸlast_&êer#úC„ à#@ã
should_exit`7@¯ 0 'ÀCnex*,llowàC@ƒ!'àŸ@C@?à_AÏdash_abil! v`7 6 ãŸë 1ãªã«À›AÃgëC#idleK@ÇB¯À+ÂêA¿@ @C[ÀÃ³€‹- à%ÏB»Ds@W@_@ã"³5515264BÓ131771ÂŸ`óã³à;83254 »@ƒA hã³à7àsAãÀ7CH@KãGã$³2485990€ß44879Â¯Bo"‹DV@j`·àkã³@ @§ã³@Ë 0AV7821157@#ã»Fs F#/+p`CCãı¿ã¿îsË   /AÇCkãÃD7ÊK7Öı 7  î/Ï@k@sHKstart_time    ş`nƒ      end_timeàduration  Év¾Ÿ/Í?À7log_typ 7     °     @# 
 frame`%   `'@@tick@  @@/start`@/ aà«  'input_complet X B`W  @C@# C à	#@_@#  +peer_2 `/@»@·@@ 	 local_lag @£  @@Cremo ``@@ @@7advantag ¾`À7   Qcul ›d_à &@@ @?@[€ß`Ö`?  @  mess Ys_sen #o_ Ä@ƒ@Ã@' à'_sizeA@+@3 Ø @3 "à3tot!@9  à3  3à«à’aW@Û@g@Ã@B@Áï  C"wingsa `  curr`å!àB{š™@  åâ {â³ â#BÏâ³ /İ$ñà 7â³| `{@«A@?à#À@@‹@¿@Ÿ@  §a B?@@ Rà @' - 
/root/Train ï Grounds/World/Players  1 /@O@{@O ÿ  @@ @@ à@oÀ@o@ $ $C?g¼¶ 
 €@W@@'à'—!Ö`?@{@C –à0— 8 — ¬ SAK@“Cä3@ À#ÛäáûBû£›Aªs_receiv#nfrom_2âûÂƒAïâKâAW ü 0ACA@“ à#A@@@„@Ä›@ã ¿ t#J`CBÿ@'  ‚SyncMan#är/Spawn €/@K@/  / s@@àords @“@ @@W c"_ t 8à +  €gâ‡Dummy/Animato€;@O@A—is_p"©"¿@ @  Ã¯ a`<&0 @@ @DÀ#posi@" @  @@ÓÀ s$× d @ïAs@â'«ÃC@W@?Eóhealth€W d _@A¿À@  
1120403456|@
665577   `ëollid&?À8 @à
;731113 Ahurtboxà :à7àsDoÀ7E‰  O`k08632473 §09261619C£@Ekhiàj``7119 /`7 ê796649 S@7B« 7@j``3àk77936128à3" gdÓed A³@@OA_ve'Mity@  30|0`ã@@Idl`ßGKjab_ã/@@À i m x OB'@ @AŸlast_&<er#úC„ à#@ã
should_exit`7@¯ 0 'ÀCnex"ÌllowàC@ƒ!'àŸ@C@?à_AÏdash_abil! v`7 6 ãŸæ'ãªcç@{@ã«À›AÃgã«C#idle_ O@GB¯À+ÂêA¿@Ã.:@C[ÀÃ³@  €go- à%ÏB»D¯@W@_@ã"³5515264BÓ1762715 @G`óã³à;82825D?@;A hã³à7àsAãÀ7CH@KãGã$³2485990€ß89378Ä“Bo"‹DV@j`·àkã³@ @§ã³@Ë 0AV 9%786@#ã»Fs F#/F@Cãı¿ã¿ 2ãF¿As fƒCÂa‡B¿Ã£ã+ÃD7ŠK  HWVf¨ C£C›AçDké¯@+@@E~@Éo@/%ÓéÃB{éëÛÁÊ¡E¶óîIG;@»à« ìkJOkÿî
kC3@C@# ï..î	C·@#AK(òîY          calculated_advantage@@ @# 
 input_tick     @  mess 2s_sen #o_peer_2`'  @'  à'_size @+@[ Ø @3 " à3total`9  à3  3à«à’  @g@Û@g@Ã@  3@  @w  timings   `  curr`å!	  •C‹lçã?@7  end me anƒ <Àduration@7ºI+‡îà 7log_typ 7€o | 7@{@«À?à#À@@‹@7  ;@  a @C@@ Rà @' - 
/root/Train ï Grounds/World/Players  1 /@O@{@O ÿ  @@ @@ à@oÀ@o@ $ $Ag¼¶ 
 €@W@@'à'—!Ö`?@{@C –à0— 8 — ¬ SAK@“Cframea¥€g@ Àstar"û!ù@áûBûremot <"6s_receiv#nfrom_2B“A@»ÂƒâKâ@; ü 0ACA@“ à#@[@@@„@BÏ@@ã ¿ t º`CBÿ@  ‚SyncMan#är/Spawn €/@K@/B s@@àords ?@“@ @@W c"_ t 8à +  €gâ‡Dummy/Animato€;@O@A—is_p"©"¿@ @CßÃ¯ a`<#| @@ @CûÀ#posi@" @  @@ÓÀ s$× d @ïAs@â'«ÃC@W@?  Ohealth€W d @A¿À@  
1120403456|@
665577   `ëollid%zÀ8 @à
;731113 Ahurtboxà :à7àsB?À7EÃ  O`k08632473 §09261619C£@Bßhiàj``7119 /`7 ê796649 S@7   7@j``3àk77936128 +À3" gdÓed A³@@A_velocity@  30|0`ã@@Idl`ß 	 'jab_ã/@@À i m x 'B'@ @AŸlast_&<er#úC„ à#@ã
should_exit`7@¯ 0 'ÀCnex"ÌllowàC@ƒ!'àŸ@C@?à_AÏdash_abil! v`7 6 ãŸæ'ãªcç@{@ã«À›AÃgã«C#idle_ O@GB¯À+ÂêA¿DÃ®9@C[ÀÃ³@  €go- à%ÏB»D¯@W@_@ã"³5515264BÓ224816AO@G`óã³à;31370@‹@;A hã³à7àsAãÀ7CH@KãGã$³ ^5990€ß37923ã"‹DV@j`·àkã³@ @§ã³@Ë 0!V30 ƒ415@#ã»Fs F#/F@Cãı¿ã¿ 2ãF¿As fƒCÂa‡B¿Ã£ã+ÃD7ŠK  ²­e¨ C£C›AçDké¯@+@@E~@F@@/%ÓéÃB{ëÛq=
×£pÍdk@7é« ° x@«à{à«@ß@—@À«A3@à« .ìkJOkÿ_compleªw`ÿÄÃ@# ï à	#CW@gAK(òMÊ`/@“@·@@A×'A-‡la)z`_  @@£ªó` ò` @@7î h @À7î/À—î³@ÃAF@ÁïDÃ,Y$Âîmçû©ñÒåâ {â³/anƒ        duration  •C‹lçï?   @log_type    |     à#À@tick@7  +  input @C@@ Rà @7 - /root/Training Grounds/World/Players  1 /@O@{@O ÿ  @@ @@ à@oÀ@o@ $ $  	g¼¶ 
 €@W@@'à'— 2 C@?@{@C –à0— 8 — ¬ SAK@“ 
 framea¥€g@ Àstart_tim` /anƒ ğ@  (remot <!ªs_received_from_2  *`»  @3Bend 0 m"àO@â/ ü ÁÀ?à#A@@@„@  k@ã ¿ t º`C  @'  ‚SyncManager/Spawn €/@K@/@O s@@àords ?@“@ @@W c"_ t 8à +  €gâ‡Dummy/Animato€;@O@A—is_p"©"¿G@ @  current_a`<#| @@ @AoÀ#posi@" @  @@ÓÀspeed @ïA¯@â'«ÃC@W@?  Ohealth€W d @!Î  À@  
1120403456|@
665577   `ëolliderà È @à
;731113 Ahurtboxà :à7às  ?À7size `k08632473 §09261619C£@  #hiàj``7119 /`7 ê796649 /@7   7@j``3àk77936128 +À3" gdÓed A³@@A_velocity@  30|0`ã@@Idl`ß 	 'jab_ã/@@À i m x 'B'@ @AŸlast_"Œer#úC„ à#@ã
should_exit`7@¯ 0 'ÀCnex"ÌllowàC@ƒ!'àŸ@C@?à_AÏdash_abil! v`7 6 ãŸæ'ãªcç@{@ã«À›AÃgã«C#idle_ O@GB¯À+Ã#A¿   /@C[ÀÃ³€ €go-  (æ"÷B»D¯@W@_@ã"³5515264BÓ277407@O@G`óã³à;83960ÂÛA hã³à7àsAãÀ7CH@‡ãGã$³2485990€ß905144!_@WBo"‹DV@j`àkã³@ @Oã³@Ë 0!V3146% 4@#ã»Fs F#/F@Cãı¿ã¿ 2ãF¿As fƒCÂa‡B¿Ã£ã+ÃD7ŠK$Ÿ¼uj¨ C£C›AçDké¯@+@@E~@@‡@@/%ÓéÃB{éëÛh‘í|?5Îdk@7é‡@· ° x@«GÀ{à«@'@@À«D/@à« >êoJOkÿ_compleªw`ÿÌ#@# ï à	#äç(òr_$°@/@“@·@ƒ@A×'Aal_la)z`_  @@£ªó` ò` @@7advant*P @À7   Qcul ›d_à &@@ @?@[€ßA€?@Ÿ@  $mess Ys_s'l_to_ Ä@g@Ã@'K“à'd¬@O@+@3 Ø @3 "à[ e t!dæà3  3à«à’`·@Û@g@s@Ac@ÁïDÃ,$Â s` `DÿÃCA	NW¦›Ä °ràâ {â³ ?â#B—â³ìQ¸…ëéà 7â³î+ÂßE“a ·ÀÛ@ß@ÇÀA_ç'—ËKÁ?-öí0÷îTÿÿÿ  `  `  à  À  @ $   	8g¼¶ 
 ¬     @# 
 	frame_type@+€ Àstart_tim` ?anƒ X@  *remot <icks_received_from_2  *    @3  end 0meàO@log`‰@3@; ü @¯@çÀ?à#@'@@@„@  c@@ã ¿ t º`C  @  /root/SyncManager/Spawn €/@K@/  / s@@àords @“@ @@Wcount 8à +  €g
Training Gr 'ds/World/Dummy/Animato€;@O@A—is_play 7@ @AKcurrent_a`<ion @@ @  À#posi@"  @ @@ÓÀspeed @ïAs@ - à» P ™ers  1 /@û@W@?  health€W d @!Î  À@  
1120403456|@
665577   `ëolliderà È @à
;731113 Ahurtboxà :à7às  ?À7size `k08632473 §092616192 @  hiàj``7119 /`7 ê796649 /@7   7@j``3àk77936128 +À3" gbKed A³@@A_velocity@  30|0`ã@@Idl`ß 	 'jab_ã/@@À i m x 'B'@ @AŸlast_"Œer#úC„ à#@ã
should_exit`7@¯ 0 'ÀCnex"ÌllowàC@ƒ!'àŸ@C@?à_AÏdash_abil! v`7 6 â$ããªbë@{@ã«À›AÃgã«C#idle_ O@GB¯À+Ã#A¿@Ã.:@C[ÀÃ³@  €?@- à%ÏB»ã2³5515264BÓ334043@O@‡`óã³à;40596ÂÛA hã³à7 8àsAãÀ7CH@‡ãGã$³2485990€ß471504!_@WBo"‹DV@j`àkã³@ @Oã³@Ë 0!V32568876@#ã»Fs F#/F@Cãı¿ã¿ 2ãF¿As fƒCÂa‡B¿Ã£ã+ÃD7‰³  áÔ¨ C£D+AçDké¯@+@@E~@Cƒ@@/%ÓéÃB{édurh^  ™u“VÍdk@7é‡@· ì x@«AÀ{à«@'@@À«@3@à« OêoJOinput_compleªw`ÿG@C@# ï à	#Ê@ r$Ÿbackf¯)Ğ ºà ›C[*Ÿ#Z s`›@@[@óÀ7A®Gáz®ç?@C³Á÷@×@²ï§ÆKß`A¿)fr_%$@£AÀ÷@?BK'µal_la)î`s  @A r‹g`@@ @@7advant*Ä @À7   Qcul!d_à &@@ @?@[S@µ€?@7@  $mess Ys_s'à_to_ Ä@g@Ã@'Là'e Àï@3 Ø 4@3 "à[ e t!eZà3  3à«à’aW@Û@g@Ã@@{@ÁkAÃâï Pâ_@âïyé&1¬øa¿@âï | Ë@W@s@Óà#À@A]@‡ÃEÏ`Ë Ó@C@@ Rà @7ç'ÓË‡@{@O ÿ  @@ @@ à@oÀ@o@„ ®3@@À§@'à'—!`?@{@K –à0—î?Ë QáûBÃ£cAªîËAAAïâKàO@â/C¬@;AÀ?à#A@@@„@Ä×   state           /root/SyncManager/Spawn €/  '@/   s@_records @O@ @@Wcount 8à +  €g
Training Gr 'ds/World/Dummy/Animato€;@O@ 
 ;is_play 7   @ @  current_a`<ion @@ @  À#posi@"  @ @@ÓÀspeed @ï@g@ - à» P ™ers  1 /@û@W@?  health€W d @  À@  
1120403456|@
665577   `ëolliderà È @à
;731113 Ahurtboxà :à7às  ?À7size `k08632473 §092616192 @  hiàj``7119 /`7 ê796649 /@7   7@j``3àk77936128 +À3" gbKed A³@@A_velocity@  30|0`  statC@@Idl`ß 	 jab_ÀAË@@À i m x 'B'@ @AŸlast_"Œered_tick à#@ã
should_exit`7@¯ 0 'ÀCnex"ÌllowàC@ƒ!'àŸ@C@?à_AÏdash_abil! v`7 6 â$ããªáã«À›AÃgã«C#idle_ O@ÇB¯À+Ã#A¿DÃ®9@C[ÀÃ³@  €?@- à%ÏB»Aç@W@?@ã"³5515264BÓ394724AO@G`óã³à;401278@‹@;A hã³à7àsAãÀ7CH@KãGã$³2485990`ß4075895!_@WBo"‹DV@j`àkã³@ @Oã³@Ë 0!V33175690@#ã»Fs F#/F@Cãı¿ã¿ 2ãF¿As fƒCÂa‡B¿Ã£ã+ÃD7 $ K  	¯İ¶ 
 ¨ C§CŸAëDoframe_typ%ÌEk@@@E‚@@3@@/%×rt%œ m`/ Qanƒ l@BenEºmeàdurhb  7!°rh‘íÌdo@7log`…@o N ì @wA@[@{à«@'@@À«  ;@@/à«%8à «@'input_complet!Fq v  Às@# C à	#G§@g  / r$£back`A)Ô@CÀ›C_!#^ s`Ï@@7@óÀ7A+‡ÙæaC·Áû@”@¼t“VŞ`A¿)jr_$ì@£@kA+@W@BO'¹al_la)ò`s  @Aremo Ô`@@ @@7advant*È @À7   Qculat'Yà &@@ @?@[S@µ€?DÏ@  $mess Ys_s'ä_to_ Ä@g@Ã@' à'e$Àï@3 Ø 4@3 "à3tot!e^à3  3à«à’aW@Û@g@Ã@A@@ƒ@wAÃâï `â_@âïşÔxé&1øa¿@âï| aÃ@sÀ[à#À@A]@‡G@EÓ`Ë ÓB@@ Rà @'ç'×Ë‹@{@O ÿ  @@ @@ à@oÀ@o@Äƒg¼¶@/@@À§@'à'—!`?@{@K –à0— 8 — ¬ SAK@“BËäo@ À$åáûBÃ£cAª sMîeiv#6from_2B?  L@»@@SBâK aâKâ@; ø 0ACAÀ?à#@[@@@„@Ä×@ã ¿k¿@CD£@'îıÏîÏ      -   /root/Training Grounds/World/Players  1 /    @?  health    d @  position@  
1120403456|@
665577     collider_À8 @à
;731113   hurtboxà :à7às à7size `k08632473 §092616192 @  hiàj``7119 /`7 ê796649 /@7   7@j``3àk77936128 +À3is_gaed  @@A_velocity@  0|0`  state @@Idl`ß 	 jab_ÀAË@@À i m x 'AÏ@ @AŸlast_entered_tick à#@ã
should_exit`7@¯ 0 'ÀC	next_allowàC@ƒ!'àŸ@C@?à_AÏdash_abil! v`7 6 â$ã/Animatorá 
 G! p##'€—À›Acurr!_a`="ø /@·C#idle_ O@B¯À+ÂêA¿   /@C[Àspe!ù  aß  €?@-  (ã"³B»Aç@W@?@ã"³5515264BÓ 4#À54Ãw`óã³à; 3Cµ »@ƒA hã³à7àsAãÀ7CH@KãGã$³2485990 ß70#· £Bo"‹DV@j`·àkãN³  ƒ F#'Bh@ãCãı·ã· 2ãF·As fƒCºa‡B·Ã›ã+»D/ $ K  	ô„@¥ 
 ¨ CŸC—AëDgframe_typ%ÄEc@@@Ez@  7@@/%Ïrt%” m`/ aanƒ l@F+enE²meàdurd®  7yé&1¬Ìdg@7log`…@o N ° @«G@[@{à«@'@@À«  ;@@/à« pà«@Óinput_complet!Fi vdo@C@# C à	#AŸ@#AK%:r_$ü@/@“@·@@AÛ'=al_la%Ê`_  @@£remo ``@{@ @@7advantag!j`À7@ã Qcul ›d_à &@@ @?@[€ß`Ö`?  @  mess Ys_sFIto_ Ä@ƒ@Ã@' à'd¨Àï@3 Ø 4@3 "à3tot!dâà3  3à«à’aW@Û@g@Ã@E@A@wDÇ"w$Æ sa `EÇÃGA	B{¤p=
×£àâ {â³ qâ#B—â³X9´Èvêà 7â³ | tAû@«@“@?à#À@@‹@¿@/@IKa ·@@@ Rà @'ç'“G@O@{@O ÿ  @@ @@ à@oÀ@o@ÄGg¼¶@/@@@W@@'à'—!Ö`?@{@C –à0— 8 — ¬ SAK@“Cä3@ À#ÛäËáûBû£›Aªs_receiv#nfrom_2âûÂƒAïâKâAW ì 0ACA@“ à#A@@@„@I@@ã ¿k{@CBÿ@  C‰³SyncMan#är/Spawn €/@K@/I« s@@àords ?@O@ @@W c-§+Œà +  €gíÏDummyç(@S@O@A—êß@ @@ßÃ¯êß@ @#E{À#ç`@ÓÀÊ×@ïAs@?â'«ÃC@W@?Eóê"×îõ‹itbox_size     1086324736|1077936128 @  is_grounded  @@  velocity@  0|0`  state @@Idle@ 	 jab_À  @@À i m x   @ @  last_entered_tick à#@¯
should_exit`7@¯ 0 'ÀC	next_allowàC@ƒhitàŸ@C@?à_  gdash_abil! `7 6 /root/Training GaSs/World/Players 
 1/Animatorá 
 G! p - C€—À›Acurr!_a`=ion /@·  idle_ O@  À+posi@*A¿@Ã.:@  à spe!ù  aß  €?@- à%Ï 2 /Aç@W@?@health¿ d @BSÀ@bŸ	125515264| 
4204543 /`óolliderà È à;37311 Ahurtb#à#sAãÀ7CHà §ãG9261619@÷@  s"Sàj` £485990 ß70079 /@7Bo 7@j``3àkãı³ãx³ 2ãn³@ B+C[ÃÓã³D' $ ,E/ï‘Â$¨ C“C‹@?D[frame_typ%¸@'@@@En@  7@@/%Ãrt%ˆ m`/ qanƒ h@CËenE¦meàdurd¢  7u“VÍd[@7log`…@o N ì @«C³@[@{à«@'@@À«C+@@/à« à«  cinput_complet!F] v`w@C@# C à	#D‡@#  / r$back`A sCÀ›  !%» s`W@_@7@óÀ7AË¡E¶óıäaDoÁ×@”@`åĞ"ÛùŞ`A¿%¢r_$l@£  cA+@W@FÏ'¥al_la&2`s  @Aremo Ô`@@ @@7advantag!Ş`À7B Qcul!d_à &@@ @?@[S@µ€?  @@mess Ys_sF±to_ Ä@ƒ@Ã@'  /à'eÀï@3 Ø 4@3 "à3tot!eJà3  3à«à’aW@Û@g@»@  3@ÂcAÃâï ‚â_@âï‡ÙÎ÷S÷a¿@âï | ËAÃ@s@Óà#À@A]@‡A@I{`Ë Ÿ@C@@ Rà @' - è$“ /@O@{@O ÿ  @@ @@ à@oÀ@o@„ g¼¶@/@@@W@@'à'—!`?@{@C –à0— 8 — ¬ SAK@“BËäo@ À$åáûBÃ£cAªs_receiv#6from_2A·A@»âK ƒâKâ/ ğ" ACA@“ à#@[@@@„@@/@@ã ¿k«@D£@  C‚SyncMan#¬r/Spawn €/@K@/F s@@àord$ú`O@ @@W c,G+¼à +  €gëDummyç\@£@O@A—ë@ @E“Å7ë@ @#FOÀ#Ê @  @@ÓÀÇS@ïA¯@â'«ÃC@W@?E»ë"040345-§ 
665577 §`ë&wëà;K 1ËCA hëà7àsF—À7EQ  ‹B¿ê›ë$19 /n‡ v79664ëıëBhould_exit      0 @  dash_ability ` 6 /root/Training Grounds/World/Players  1/Animator   ;@[@ 
 is_p - C€{@@  current_a`=ion @  idle_ O@  À+posi@*  DÃ®9@  Àspeed @  €?@- à%Ï 2 /@Ç@W@?@health    d @  À@  
1125515264| 
4204543 @`óolliderà È à;37311 Ahurtboxà :@Sà7àsAãÀ7sizeà 3086324736|109261619@÷@  shiàj` k485990 ß70079 /@7   7@j``3àk77936128 +À3"# gb_ed B@@A_veloc"›@  30|0`  state @@Idl`ß 	 jab_ÀAË@@À i m x 'AÏ@ @AŸlast_"”ered_tick à#@ãshouãS@Cnex"ÔllowàC@ƒ!'àŸÀóà_AÏã;³ 2ãn³@Ã.:AkC[ã³A$ A{ DŒQÂ 
 ¨ AËC@CD_frame_typ"A§@@@A¾@Bƒ@@/"rt!Ø m`/ ƒanƒ l@BoenAömeàdurd¦  7%•C‹Ìd_@7log`…@o N ° @«CK@[@{à«@'@@À«  ;@@/à« ‘à«  'input_complet!B­ v`@C@# C à	#@›@#AK%2r_#ü@/@“À@B«#al_la%Â`_C‡@@£remo ``@{@ @@7advantag!j`À7   Qcul ›d_à &@@ @?@[€ß`Ö`?  @  mess Ys_s#¬_to_ Ä@ƒ@Ã@' à'd Àï@3 Ø 4@3 "à3tot!dÚà3  3à«à’aW@Û@g@Ã@@Ã@Áï  C"w'' sa `CïÃ'A	B{/İ$áâ {â³ ’â#B—â³X9´Èv¾ëà 7â³ | tAû@«A@?à#À@@‹@¿AË@Ea ·@C@@ Rà @' - è$[ /@O@{@O ÿ  @@ @@ à@oÀ@o@ÄGg¼¶@/@@@W@@'à'—!Ö`?@{@C –à0— 8 — ¬ SAK@“Cä3@ À#ÛäËáûBû£›Aªs_receiv#nfrom_2âûÂƒAïâKâAW ì 0ACA@“ à#A@@@„@@w@@ã ¿g¿@CBÿ@  C‚SyncMan#är/Spawn €/@K@/FG s@@àords ?@O@ @@W c*»'Ğà +  €gêãDummyç$@S@O@A—(³ê×@ @GÿÃ¯ê×@ @#IËÀ#Ê? @  @@ÓÀÊÏ@ïAs@â'«ÃC@W@?Eóê"Ï040345*' 
665577 §`ëêÏà;JÍ 1ËA hêÏà7àsEÀ7E‰  ‹Gßêcê$Ï19 /k v79664êıÏê¥Ïîoƒ   /BƒC[ã³    îwƒ24204543      collider_position @  
1125515264| 
4237311 @  hurtboxà :@à7às à7sizeà 3086324736|1092616192 +@  hiàj` k485990 £70079 /@7   7@j``3àk77936128 +À3is_grounded  @@  velocity@  0|0`  state @@Idl`ß 	 jab_À  @@À i m x   @ @AŸlast_entered_tick à#@ã
should_exit`7@¯ 0 'ÀC	next_allowàC@ƒ!'àŸ@C@?à_AÏdash_abil! v`7 6 /root/Training GaSs/World/Players 
 2/Animatorá 
 G! p - C€—À›Acurr!_a`=â¿ @7dle_ O@ÇB¯À+ÂêA¿DÃ®9@  /Àspe!ù  aß  €?@@s$ {Ç¤p¨ AÇ@g@@§frame_typ"A£@@@Aº@  7@@/"rt!Ô m`/ ’anƒ h@BkenAòmeàdur`î  7%•C‹Ì`§@7log`…@o N ì @«A@[@{à«@'@@À«  ;@@/à« £à«  'input_complet!B© v  @C@# C à	#@@#  + r$back`A sCÀ›  !" s`Ï@_@7@óÀ7A/İ$! ãaBŸÁ×@”@h‘í|?5Ş`A¿!îr_$l@‡@kA+  k@C#ñal_la"~`sB7@Aremo Ô`@@ @@7advantag!Ş`À7A Qcul!d_à &@@ @?@[S@µ€?  @A—mess Ys_sBıto_ Ä@ƒ@Ã@'  /à'eÀï@3 Ø 4@3 "à3tot!eJà3  3à«à’aW@Û@g@Ã@  3@@Ë@wAÃâï ¤â_@âï{®Gázöa¿@âï | ËAÃ@sÀ[à#À@A]@‡F@EÇ`Ë Ÿ@C@@ Rà @' - ä#ßG7@O@{@O ÿ  @@ @@ à@oÀ@o@„ g¼¶@/@@@W@@'à'—!`?@{@C –à0— 8 — ¬ SAK@“BËäo@ À$åáûBÃ£cAªs_receiv#6from_2âÃâKâAW ğ"DACA@“ à#A@@@„@CÃ@@ã ¿g÷@CD£@  C‚SyncMan#¬r/Spawn €/@K@/F s@@àord$ú`O@ @@W c(“(à +  €gçgDummyç\@£@O@A—ç[@ @ç[@ @#FOÅ[çS@ @@ÓÀÇS@ïAs@â'«ÃC@W@?E»health€W d x@A¿À@CÛ*À040345*_ 
665577 /`ë&wëà;K 1ËCA hëà7àsF—À7EQ  ‹`§ê›ë$19 /k? v79664ëıë¥ 1ãªã«ÃGb¿ë6@Ã.:BƒC[ÀKÃ³ @ ‹- äoë× /Ds@W@_ã&³îîG`óã³à;îü»elocity    0|0 @  state @@Idle@ 	 jab_À  @@Àindex   @ @  last_entered_tick à#  
should_exit`7   0 ÀC	next_allowàC@ƒhitàŸ@C@?à_  gdash_ability `7 6 /root/Training Grounds/World/Players 
 2/Animatorá 
 Gis_p - C€—À›Acurr!_a`=ion /@·  idle_ O@  À+posi@*A¿   /@  Àspeed €€?@@s$ A{ sbxÇ 
 ¨ AË@k@#@«frame_typ"A§@@@A¾@  7@@/"rt!Ø m`/ ¤anƒ l@  'enAöme@ ¥àdur`ò  7ÍÌ` `«@7log`…@o N ì @«A@[@{à«@'@@À«  ;@@/à« ³à  'input_complet!B­ v  @C@# C à	#  #  rollback`A sCÀ›  !" s`Ï@_@[@óÀ7A!°rh‘íäaB£ÁÛ@”@¼t“VŞ`A¿!òr_2 `£@kA+@W@Clocal_la"‚`sB@Aremo Ô`@@ @@7advantag!Ş`À7@ï Qculat#•à &@@ @?@[S@µ€?  @BCmess Ys_sCto_ Ä@ƒ@Ã@'  /à'_sizeA“@+@3 Ø @3 "à3tot!@9  à3@—à«à’aW@Û@g@+@  g@ÂcAÃâï ´â_@âïX9´Èv¾÷a¿@âï | ËAÃ@s@Óà#À@A]@‡  @EË`Ë @C@@ Rà @' - ä#ã 1 /@O@{@O ÿ  @@ @@ à@oÀ@o@Äƒg¼¶@/@@@W@@'à'—!`?@{@C –à0— 8 — ¬ SAK@“BËäo@ À$åáûBÃ£cAªs_receiv#6from_2âÃâK µâKâ/ ğ" ACA@“ à#A@@@„@Ä×@ã ¿gû@CD£@'  C‚SyncMan#¬r/Spawn €/@K@/Fƒ s@@àord$ú`O@ @@W c'C(à +  €gçkDummyç`@£@O@A—ç_@ @ç_@ @#FOÅ[çW`@ÓÀÇW@ïBË@?â'«ÃC@W@?E»health€W d wA¿À@'A«
1120403456|@
665577 /`ë&wid&À8 à
;731113 Ahurtboxà :  à
7àsF—À7EQ À308632473 §09261619C£@  #)«àj`€k19 /`7 ê796649 /@7IÇ 7@j``3àk77936128à3" gi·ed A³@@OA_ve')ó@  3ëıë9 1ãªã«Áb¿ë6DÃ®9AËC[ÀKÃ³Aß  «-  äoëÛ /Ds@W@_ã&³5515264BÓ 4#À54Ãw`óã³à; 3Cµ ‹@ƒã³à7àsãI³2485990 ß70#· £ãı³ã†³s/World/Players  2/Animator       
 is_p -ing   @@  current_a`=ion @  idle_ O@  À+posi@*  @Ã.:@  à speed @  €?@@s$    	DŒQÂ 
 ¨ @«@k@#@«	frame_type@+€@@tick@  @@/start_tim`/ µanƒ l@  'end`àdur`ò  7mçû©ñÒÍ`«@7log`…@o N ° @«  @[@{à«@'@@À« à/à« Ãà«  'input_complet! î!/   @S@# C à	#  #AK!~r_2 `/@“@·@?@ 	 'local_la"`_A§@@Óremo ``@{@ @@7advantag!j`À7   Qcul ›d_à &@@ @?@[€ß`Ö`?  @  mess Ys_sBto_ Ä@ƒ@Ã@' à'_sizeA@+@3 Ø @3 "à3tot!@9  à3  3à«à’aW@Û@g@Ã@@3@Áï  C"•#s sa `  ÃGA	B{Ñ"Ûù~jàâ {â³ Äâ#B—â³‰A`åĞ"ëà 7â³ | tAû@«A@?à#À@@‹@¿A‹@  §a @C@@ Rà @' - 
/root/Train ï	 Grounds/Wä§ 1 /@O@{@O ÿ  @@ @@ à@oÀ@o@ÄGg¼¶@/@@@W@@'à'—!Ö`?@{@C –à0— 8 — ¬ SAK@“Cä3@ À#ÛäËáûBû£›Aªs_receiv#nfrom_2âûÂƒAïâKâAW ì 0ACA@“ à#A@@@„@Ä›@ã ¿ t#J`CBÿ@'  ‚SyncMan#är/Spawn €/@K@/FG s@@àords ?@“@ @@W c"_ t 8à +  €gâ‡Dummyç$@;@O@A—ç#@ @ç#@ @#ç@ @@ÓÃóÇ@ïAs@â'«ÃC@W@?Eóhealth€W d x@A¿Ç«@F#
1120403456|@
665577 /`ëollid&?À8 à
;731113 Ahurtboxà :  à
7àsEÀ7E‰ À308632473 §09261619C£@Gƒhiàj`€k19 /`7 ê796649 S@7   7@j``3àk77936128 +À3" gdÓed A³@@A_ve'Mity@  30|0`ã@@Idl`ßGKjab_ã/@@À i m x OB'@ @AŸlast_'"er#úC„ à#@ã
should_exit`7@¯ 0 'ÀCnex)ğllowàC@ƒ!'àŸ@C@?à_AÏdash_abil! v`7 6 ãŸêÏ 1ãªã«À›AÃgê/Ï   /@çC[ÀKÃ³Aß  ªÏ-  (æ"÷B»Ds@W@_ã&³5515264BÓ 4#À54Ãw`óã³à; 3Cµ »@ƒã³à7àsAã h£ëCH@KãGã$³2485990 ß70#· £Bo"‹DV@j`·àkãı³ãx³îoƒDÃ®9BƒC[ã³D'Š;  Ç¤pî/É_H7%Ãé³FéëËÅ °rh‘îì           
   frame_type     @@tick@  @/start_tim`/ Õanƒ 4@/  'input_complet X B`W  À# C à	#  #  rollback`A sà›   ings  @£@[  À7  ›w¾Ÿ/İä?@  curren@½€®GázŞ`  peer_2 `Ç Ò`[@;@ 	 local_lag @s  @Aremo Ô`@@ @@7advantag!2`À7   Qcul!d_à &@@ @?@[S@µ€?  @ASmess Ys_s`Ùo_ Ä@ƒ@Ã@'@/à'_sizeA·@+@3 Ø @3 " cà3tot!@9  à3B'à«à’aW@Û@g@“@  g@@;@wAÃend ímeB_ Öâ_@durationAßL7‰A`åöa¿@logbÉ@O Æ | B@sÀ[à#À@A]@7  7@  `Ë @C@@ Rà @' - 
/root/Train"“ Grounds/World/Players  1 /@O@{@O ÿ  @@ @@ à@oÀ@o@ $ $Ag¼¶ 
 €@W@@'à'—!`?@{@C –à0— 8 — ¬ SAK@“BËäo@ À$ä[ ×áûB/£cAªs_receiv#6from_2âÃâKàOâ/ ğ ACA@“ â/A@@@„@Cƒ@@ã ¿ t#`CD£@  ‚SyncMan#¬r/Spawn €/@K@/  / s@@àord$ú`O@ @@W c"_ t 8@«@ @ + €gâ‡Dummy/Animato€;@7@A—is_p"©"¿‚c@ @  Å7 a`<#| @@ @  À#posi@"  @ @@ÓÀ s$Ÿ d @ïBË@â'«ÃC@W@?E»health€W d _@A¿À@  
1120403456|@
665577   `ë&wid&À8 @à
;731113 Ahurtboxà :à7àsF—À7EQ  O`k08632473 §09261619C£@  #hiàj``7119 /`7 ê796649 /@7   7@j``3àk77936128 +À3" gdÓed A³@@A_ve'ity@  30|0`ã@@Idl`ßGjab_ã/@@À i m x OB'@ @AŸlast_&êer#úC„ à#@ã
should_exit`7@¯ 0 'ÀCnex"ÌllowàC@ƒ!'àŸ@C@?à_AÏdash_abil! v`7 6 ãŸæ'ãªcç@{@ã«À›AÃgã«C#idle_ O@GB¯À+ÂêA¿@Ã.:@C[ÀÃ³@  €go- à%ÏB»D¯@W@_@ã"³5515264BÓ 4#À54Ãw`óã³à; 3Cµ »@ƒA hã³à7àsAãÀ7CH@KãGã$³2485990 ß70#· £Bo"‹DV@j`·àkãı³ãx³ 2ãn³   /BƒC[ã³D'Ê;sbxÇ 7 ¨ C—C@CD_é£E_@@Er@  7@@/%Çé·F#ëÏéƒëÏV-²Ïd_@7ë«@» ì x@«C·À{à«@'@@À«Lc@à« åêcJCkóî
›Ì@# ï-êî	¿Êî?¿çû©ñÒMæaDsÁÛ@×LÿÙÎ÷Sãİ`A¿)Zî¿           
 remote_lag  @@ @ 	 advantage @À7  
calculated_à &@@ @?@[	input_tick€?  @  mess Ys_sen #o_peer_2`g  @'  à'_size @+@› Ø @3 " à3total`9  à3  3à«à’  @g@Û@g@Ã@@›@  ;@w  end íme •çanƒ “@duration h‘í|?5ø?À7log_typ 7€Ï | 7  @sà#À@A]@7  /@  `Ë @C@@ Rà @' - /root/Training Grounds/World/Players  1 /@O@{@O ÿ  @@ @@ à@oÀ@o@ $ $Ag¼¶ 
 €@W@@'à'—!`?@{@C –à0— 8 — ¬ SAK@“BËframea¥€g@ Àstar"Ã!ù@áûB'£cAªs_receiv#6from_2B[A@»âKâ/ ğ"`ACA@“ à#@[@@@„@  #@@ã ¿ t º`C  @  ‚SyncMan#¬r/Spawn €/@K@/  / s@@àords @“@ @@W c"_ t 8à +  €gâ‡Dummy/Animato€;@O@A—is_p"©"¿G@ @  currD] a`<#| @@ @  À#posi@"  @ @@ÓÀ s$Ÿ d @ïA¯@â'«ÃC@W@?  Ohealth€W d @A¿À@  
1120403456|@
665577   `ëollid%BÀ8 @à
;731113 Ahurtboxà :à7às  ?À7E‹  `k08632473 §09261619C£@  #hiàj``7119 /`7 ê796649 /@7   7@j``3àk77936128 +À3" gdÓed A³@@A_velocity@  30|0`ã@@Idl`ßGjab_ã/@@À i m x OB'@ @AŸlast_"Œer#úC„ à#@ã
should_exit`7@¯ 0 'ÀCnex"ÌllowàC@ƒ!'àŸ@C@?à_AÏdash_abil! v`7 6 ãŸæ'ãªcç@{@ã«À›AÃgã«C#idle_ O@GB¯À+ÂêA¿DÃ®9@C[ÀÃ³@  €go- à%ÏB»D¯@W@_@ã"³5515264BÓ 4#À54Ãw`óã³à; 3Cµ »@ƒA hã³à7àsAãÀ7CH@KãGã$³2485990 ß70#· £Bo"‹DV@j`·àkãı³ãx³ 2ãn³@Ã.:BƒC[ã³D'Ê;DŒQÂ    ¨ C—C@CD_é£E_@@Er@Éc@/%Çé·F#ëÏu“VÍd_@7éŸ ° x@«Fÿ@‹@{à«@ã@@À«J;@@/à« öì_JCkó_comple-Ï@B`ÿÌ@# C à	#ÊAK(æM†`/@“@·@ƒ@F_'5-Cn.`_  @@£ rîbKJŸ@wî³K@Ã"îS@ÓK+,M*Ó saA‡@E¿Ã'AàNKD‹lçû©áâ {â³ ÷â#   duration  V-²í?    log_type    |     à#À@tick@7  +  input @C@@ Rà @7 - /root/Training Grounds/World/Players  1 /@O@{@O ÿ  @@ @@ à@oÀ@o@ $ $  	g¼¶ 
 €@W@@'à'— 2 C@?@{@C –à0— 8 — ¬ SAK@“ 
 framea¥€g@ Àstart_tim` ÷anƒ ğ@  (remot <!ªs_received_from_2  *`»@+@3Bend 0 m"àO@â/ ì ÁÀ?à#A@@@„@  s@@ã ¿ t º`C  @  ‚SyncManager/Spawn €/@K@/  / s@@àords @“@ @@W c"_ t 8à +  €gâ‡Dummy/Animato€;@O@A—is_p"©"¿G@ @  current_a`<ion @@ @  À#posi@"  @ @@ÓÀspeed @ïA¯@â'«ÃC@W@?  Ohealth€W d @!Î  À@  
1120403456|@
665577   `ëolliderà È @à
;731113 Ahurtboxà :à7às  ?À7size `k08632473 §09261619C£@  #hiàj``7119 /`7 ê796649 /@7   7@j``3àk77936128 +À3" gdÓed A³@@A_velocity@  30|0`ã@@Idl`ß 	 'jab_ã/@@À i m x 'B'@ @AŸlast_"Œer#úC„ à#@ã
should_exit`7@¯ 0 'ÀCnex"ÌllowàC@ƒ!'àŸ@C@?à_AÏdash_abil! v`7 6 ãŸæ'ãªcç@{@ã«À›AÃgã«C#idle_ O@GB¯À+Ã#A¿   /@C[ÀÃ³€ €go-  (æ"÷B»D¯@W@_@ã"³5515264BÓ 4#À54Ãw`óã³à; 3Cµ »@ƒA hã³à7àsAãÀ7CH@KãGã$³2485990 ß70#· £Bo"‹DV@j`·àkãı³ãx³ 2ãn³DÃ®9BƒC[ã³D'Š;  Ç¤p¨ C“C‹@?D[éŸ@+@@En@É_@/%Ãé³FédurhNKË!°rh‘íÌd[@7éw@· ° x@«Fû@‹@{à«@'@@À«  ã@@/à«bnê _J?kï_compleªg`ÿ  C@# C à	#ÊAK(âr_$ğ@/@“@·@ƒ@F['1al_la)j`_  @@£ªã` ò` @@7advant*@ @À7   Qcul ›d_à &@@ @?@[€ßA€?  @  mess Ys_s'\_to_ Ä@g@Ã@'A÷à'dœÀï@3 Ø 4@3 "à[ e t!dÖà3Aoà«à’aW@Û@g@Ã@Kg@ÁïK'+÷*Ï sa `E»Ã#A	B{¢E¶óıÔàâ {â³ â#B—â³"°|?5ğà 7â³î+  §I?a B?@Û@@ÇÀA_ç'‡Fû@?Á?-æí0çîl         @@   @ $   	8g¼¶ 
 ¬     @# 
 	frame_type@+€ Àstart_tim` bnƒ X@  *remot <icks_received_from_2  *    @3  end 0meàO@log`‰@3@; ğ @¯  7À?à#@'@@@„@  +@ã ¿ t º`C  @'  /root/SyncManager/Spawn €/@K@/  / s@@àords @“@ @@Wcount 8à +  €g
Training Gr 'ds/World/Dummy/Animato€;@O@A—is_play 7@ @  current_a`<ion @@ @  À#posi@"  @ @@ÓÀspeed @ïAs@ - à» P ™ers  1 /@û@W@?  health€W d @!Î  À@  
1120403456|@
665577   `ëolliderà È @à
;731113 Ahurtboxà :à7às  ?À7size `k08632473 §092616192 @  hiàj``7119 /`7 ê796649 /@7   7@j``3àk77936128 +À3" gbKed A³@@A_velocity@  30|0`ã@@Idl`ß 	 'jab_ã/@@À i m x 'B'@ @AŸlast_"Œer#úC„ à#@ã
should_exit`7@¯ 0 'ÀCnex"ÌllowàC@ƒ!'àŸ@C@?à_AÏdash_abil! v`7 6 â$ããªbë@{@ã«À›AÃgã«C#idle_ O@GB¯À+Ã#A¿@Ã.:@C[ÀÃ³@  €?@- à%ÏB»ã2³5515264BÓ 4#À54Ãw`óã³à; 3Cµ »@ÃA hã³à7àsAãÀ7CH@KãGã$³2485990 ß70#· £Bo"‹DV@j`·àkãı³ãx³ 2ãn³   /Bƒã³D'É£sbxÇ 7 ¨ C—D@CD_é£E_@@Er@Éc@/%Çé·F#éƒdurhR  %•C‹Ìd_@7é{@» ì x@«C·@‹@{à«@'@@À«Iƒ@@/à« êcJCinput_compleªk`ÿ !'@C@# C à	#  #   r$“backf£)Ä ºà ›IÃ*“)k s`Ï@@[@óÀ7AåĞ"Ûù~æaDsÅ@×@Ãõ(\Âİ`A¿)Zr_%h@£AA+@W@FÓ'©al_la)â`s  @A r‹[`@@ @@7advant*¸ @À7   Qcul!d_à &@@ @?@[S@µ€?  €  mess Ys_s'Ô_to_ Ä@g@Ã@CKûà'eÀï@3 Ø 4@3 "à[ e t!eNà3A¿à«à’aW@Û@g@Ã@ €ÂcAÃâï â_@âï¨ÆK7‰Aøa¿@âï | ËAÃ@s@Óà#À@A]@A+@I`Ë Ÿ@C@@ Rà @'ç'Ç 1 ?@{@O ÿ  @@ @@ à@oÀ@o@Äƒ ®'@@À§@'à'—!`?@{@K –à0—î?¿áûA—£cAªî¿âK âKâ/î+¿Ä×B/d×¡GD£A‡@‹Š·	SyncManager/SpawnManager           s@_records @@ @  count 8à + /root/Training Gr 'ds/World/Dummy/Animato€;@O@ 
 ;is_play 7   @ @  current_a`<ion @@ @  À#posi@"  @ @@ÓÀspeed @ï@g@ - à» P ™ers  1 /@û@W@?  health€W d @  À@  
1120403456|@
665577   `ëolliderà È @à
;731113 Ahurtboxà :à7às  ?À7size `k08632473 §092616192 @  hiàj``7119 /`7 ê796649 /@7   7@j``3àk77936128 +À3" gbKed A³@@A_velocity@  30|0`  state @@Idl`ß 	 jab_ÀAË@@À i m x 'B'@ @AŸlast_"Œered_tick à#@ã
should_exit`7@¯ 0 'ÀCnex"ÌllowàC@ƒ!'àŸ@C@?à_AÏdash_abil! v`7 6 â$ããªáã«À›AÃgã«C#idle_ O@ÇB¯À+Ã#A¿DÃ®9@C[ÀÃ³@  €?@- à%ÏB»Aç@W@?@ã"³5515264BÓ 4#À54Ãw`óã³à; 3Cµ »@ƒA hã³à7àsAãÀ7CH@KãGã$³2485990 ß70#· £Bo"‹DV@j`·àkãı³ãx³ 2ãn³@Ã.:BƒC[ã³D'$ E/ DŒQÂ 
 ¨ C—C@CD_frame_typ%¼E[@@@Er@  7@@/%Çrt%Œ m`/ bnƒ l@F#enEªmeàdurhR  7!°rh‘íÌd_@7log`…@o N ° @«Fÿ@[@{à«@'@@À«  ;@@/à« 'à«  'input_complet!Fa v  @C@# C à	#  #AK(ær_$ô@/  @·@?@F_'5al_la)n`_  @@£remo ``@{@ @@7advant*7 @À7   Qcul ›d_à &@@ @?@[€ß`Ö`? ! @  mess Ys_s'`_to_ Ä@g@Ã@'Aà'd Àï@3 Ø 4@3 "à[ e t!dÚà3  3à«à’aW@Û@g@Ã@  €ÁïK+"w*Ó sa `E¿Ã'A	B{•C‹lßâ {â³ (â#B—â³ – 5çûéà 7â³ | tAû@«A@?à#À@@‹@Ç  §ICa @C@@ Rà @7ç'‹Fÿ@O@{@O ÿ  @@ @@ à@oÀ@o@ÄGg¼¶@/@@@W@@'à'—!Ö`?@{@C –à0— 8 — ¬ SAK@“Cä3@ À#ÛäËáûBû£›Aª sM¢eiv#nfrom_2âûÂƒAïâKâAW ì 0ACA@“ à#A@@@„@@—@@ã ¿ks@CBÿ@E«Š{SyncMv /îıƒîhƒ   
1120403456|@
	665577      collider_position @  @0à;731113 @  hurtboxà :@à
7às à7size `308632473 §092616192 @  hiàj``7119 /`7 1 £96649 /@7   7@j``3àk77936128 +À3is_grounded  @@  velocity@  0|0`  state @@Idl`ß 	 jab_À  @@À i m x   @ @AŸlast_entered_tick à#@ã
should_exit`7@¯ 0 'ÀC	next_allowàC@ƒ!'àŸ@C@?à_AÏdash_abil! v`7 6 /root/Training GaSs/World/Players 
 1/Animatorá 
 G! p - C€—À›Acurr!_a`=â¿ @7dle_ O@ÇB¯À+ÂêA¿   /@  Àspe!ù  aß  €?@-  (à"ÏB»Aç@W@?@health¿ d O@BSÀ@bŸ125515264BÓ 4#„54Ãw`óã³à; 3Cµ kA hã³à7àsAãÀ7CHà §ãGã$³2485990 ß70#· £Bo"‹DV@ja#aàkãı³ãx³ 2ãn³DÃ®9BƒC[ã³D' $"WE/Ç¤p¨ C“C‹@?D[frame_typ%¸@'@@@En@  7@@/%Ãrt%ˆ m`/ (bnƒ h@CËenE¦meàdurd¢  7X9´Èv¾Ïd[@7log`…@o N ì @«C³@[@{à«@'@@À«  €@/à« 9à«  'input_complet!F] v  @S@# C à	#  #   r$back`A sCÀ›  !%» s`Ï@_@[@óÀ7A…ëQ¸…çaDoÁ×@”@/İ$İ`A¿%¢r_%d@£@kA+@W@FÏ'¥al_la&2`s  @Aremo Ô`@@ @@7advantag!Ş`À7   Qcul!d_à &@@ @?@[S@µ€? " @  mess Ys_sF±to_ Ä@ƒ@Ã@'AWà'eÀï@3 Ø 4@3@cà3tot!eJà3  à«à’aW@Û@g@_@ ! 3@ÂcAÃâï :â_@âï–C‹lçû÷a¿@âï | ËAÃ@s@Óà#À@A]@‡ €I{`Ë @C@@ Rà @7ç'ÃG7@O@{@O ÿ  @@ @@ à@oÀ@o@„ g¼¶@/@@@W@@'à'—!`?@{@C –à0— 8 — ¬ SAK@“BËäo@ À$åáû  (£cAªs_receiv#6from_2âÃâKâ/ ğ" ACA@“ à#A@@@„@Ä×@ã ¿k«@CD£@'BO‰ãSyncMan#¬r/Spawn €/@K@/F s@@àord$ú`O@ @@W c,G+¼à +  €gëDummyç\@£@O@A—ë@ @jë@ @#FOÀ#Êw @  @@ÓÀË@ïBË@â'«ÃC@W@?E»ë"îîG`ë&wîı»î»          velocity@  0|0`  state @@Idle@ 	 jab_À  @@Àindex   @ @  last_entered_tick à#  
should_exit`7@¯ 0 ÀC	next_allowàC@ƒhitàŸ@C@?à_  gdash_abil! `7 6 /root/Training Grounds/World/Players 
 1/Animatorá 
 Gis_p - C€—À›Acurr!_a`=ion /@·  idle_ O@  À+posi@*A¿@Ã.:@  à speed @  €?@- à%Ï 2 /Aç@W@?@health¿ d @BSÀ@  
1125515264| 
4204543 @`óolliderà È à;37311 Ahurtboxà :@Sà7àsAãÀ7sizbÓ`3086324736|109261619@÷@S  s"Sàj``7 Ô85990 ß70079 /@7Bo 7@j``3àk77936128à3"# gb_ed B@@OA_ãı³ãI³ 2ãn³   /AÛC[ÃÓã³B $ ,  	sbxÇ 
 ¨ C—C@CD_frame_typ%¼E[@@@Er@  €@/%Çrt%Œ m`/ :bnƒ l@/BoenEªmeàdurd¦  7¼t“VÎd_@7log`…@o N ° @«CK@[@{à«@'@@À« ! ;@@/à« Ià«  'input_complet!Fa v  @C@# C à	#  #AK%2r_#ü@/@“@·@?@F_'5al_la%Â`_  @@£remo ``@{@ @@7advantag!j`À7   Qcul ›d_à &@@ @?@[€ß`Ö`? # @  mess Ys_sFAto_ Ä@ƒ@Ã@' à'd Àï@3 Ø 4@3 "à3tot!dÚà3  3à«à’aW@Û@g@Ã@@g@Áï  C"w'' sa `E¿Ã'A	B{w¾Ÿ/İàâ {â³ Jâ#B—â³ÁÊ¡E¶óíà 7â³ | tAû@«A@?à#À@@‹@¿  §ICa @C@@ Rà @7 - è$[ /@O@{@O ÿ  @@ @@ à@oÀ@o@ÄGg¼¶@/@@@W@@'à'—!Ö`?@{@C –à0— 8 — ¬ SAK@“Cä3@ À#ÛäËáûBû£›Aªs_receiv#nfrom_2âûÂƒAïâKâAW ğ 0ACA@“ à#A@@@„@Ä›@ã ¿ks@CBÿ@'@‚SyncMan#är/Spawn €/@K@/FG s@@àords ƒ@O@ @@W c*»+„à +  €gêãDummyç$@S@O@A—(³ê×@ @iãê×@ @#IËÀ#Ê? @  @@ÓÀÇ@ïAs@â'«ÃC@W@?Eóê"Ï040345*' 
665577 §`ëêÏà;JÍ 1ËA hêÏà7àsEÀ7E‰  ‹êcê$Ï19 /k v79664êıÏê¥Ïîƒ   
   is_playing   €    current_animation @  idle_r€  À+posi@*  DÃ®9@/  Àspeed @  €?@-   /root/Train ‹ Grounds/World/P ¡ers  2 /  @W@?@health    d @  À@  
1125515264| 
4204543 @`óolliderà È à;37311 Ahurtboxà :@Sà7às  ?À7sizeà 3086324736|109261619@÷@ @3 iàj` k485990 ß70079 /@7   7@j``3àk77936128 +À3"# gaed â#A_velocity@+  30|0`7  state @@Idl`ß 	 jab_ÀAË@@À i m x 'AÏ@ @AŸlast_"”ered_tick à#@ã
should_exit`7@³ 0 'ÀCnex"ÔllowàC@ƒ!'àŸ@C@?à_AÏdash_abil! v`7 6 â$ã/Acu o#cáãW³@Ã.:@çC[ã³A$ A{ DŒQÂ 
 ¨ @«C@C@«frame_typ"A§@@@A¾@ ! 7@@/"rt!Ø m`/ Jbnƒ l@BoenAömeàdurd¦  7ÍÌ` d_@7log`…@o N ì @«C·@[@{à«@'@@À« " ;@@/à« Zà«  'input_complet!B­ v  @C@# C à	#  #   r$“back`As `CÀ›  !%3 s`Ï@_@[@óÀ7A-²ï§æaB£ÁÛ@”@d;ßO—Ş`A¿%¦r_$p@£@kA+@W@C#õal_la&6`sCû@Aremo Ô`@@ @@7advantag!Ş`À7   Qcul!d_à &@@ @?@[S@µ€?Bƒ@  $mess Ys_s$ _to_ Ä@ƒ@Ã@' à'eÀï@3 Ø 4@3Aóà[ e t!eNà3  gà«à’aW@Û@g@Ã@ # 3@@o@wAÃâï [â_@âïa¾nøa¿@âï | ËAÃ@sÀ[à#À@A]@‡  €EË`Ë @C@@ Rà @7 - ä#ãG;@O@{@O ÿ  @@ @@ à@oÀ@o@; g¼¶@/@@@W@@'à'—!`?@{@C –à0— 8 — ¬ SAK@“BËäo@ À$åáûBÃ£cAªs_receiv#6from_2âÃâKâAW ì"DACA@“ à#A@@@„@Ä×@ã ¿gû@CD£@'DÓ‚SyncMan#¬r/Spawn €/@K@/Fƒ s@@àord$ú`O@ @@W c*'(à +  €gêODummyç`@£@O@A—(ïë@ @HÅ7ë@ @#FOÀ#Ê{ @  @@ÓÀË@ïAs@â'«ÃC@W@?E»ë"040345*c 
665577 §`ë&wëà;K	 1ËGA hëà7àsF—À7EQ  ‹êŸë$19 /kC v79664ëıë¥ 1ãªã«ÃGb¿î6¿   /BƒC[ÀKÃ³    î³¿24237311      hurtbox_position@  
1125515264| 
4204543 @  À7size@`3086324736|1092616192 +@  hiàj``7 `85990 k70079 /@7   7@j``3àk77936128 +À3is_grounded  @@  velocity@  0|0`  state @@Idl`ß 	 jab_À  @@À i m x   @ @  last_entered_tick à#@ã
should_exit`7@¯ 0 'ÀC	next_allowàC@ƒ!'àŸ@C@?à_AÏdash_abil! v`7 6 /root/Training GaSs/World/Players 
 2/Animatorá 
 G! p - C€—À›Acurr!_a`="„ /@·  idle_ O@B¯À+Â¯A¿DÃ®9@  /Àspe!ù  aß  €?@@s$ {Ç¤p¨ AÇ@g@@§frame_typ"A£@@@Aº@ " 7@@/"rt!Ô m`/ [bnƒ h@BkenAòme@ \àdur`î  7Év¾Ÿ/Í`§@7log`…@o N ° @«CG@[@{à«@'@@À« # ;@@/à« jà  'input_complet!B© v   €C@# C à	#  #AK!zr_#ø@/@“@·@ƒ@B§#}al_la"
`_AÃ@@£remo ``@{@ @@7advantag!j`À7   Qcul ›d_à &@@ @?@[€ß`Ö`? % @  mess Ys_sB‰to_ Ä@ƒ@Ã@' à'dœÀï@3 Ø 4@3B+à[ e t!dÖà3  gà«à’aW@Û@g@Ã@Â×Áï  C"w#o sa `CëÃ#A	B{Tã¥›Ä àâ {â³ kâ#B—â³×£p=
×ëà 7â³ | tAû@«A@?à#À@@‹@Ç ! §E‹a @C@@ Rà @7 - ä#£Fû@O@{@O ÿ  @@ @@ à@oÀ@o@k g¼¶@/@@@W@@'à'—!Ö`?@{@C –à0— 8 — ¬ SAK@“Cä3@ À#ÛäËáûBû£›Aªs_receiv#nfrom_2âûÂƒAïâKâAW ğ 0ACA@“ à#A@@@„@Ä›@ã ¿g»@CBÿ@' ÂSyncMan#är/Spawn €/@K@/FC s@@àords ?@O@ @@W c(W'Ìà +  â‡Dummyç @S@O@A—ç@ @ç@ @#ç@ @@ÓÃóÇ@ïAs@â'«ÃC@W@?Eóhealth€W d x@A¿Ç§@i· 1*J0345*# 
665577 /`ëollid&?À8 à
; 7*É 1Ê“A hêËàsEÀ7E‰  o`kê_ê$Ë19 /k v79664êıËê¥Ë 1ãªã«ÃGb¿ê6Ë@Ã.:BƒC[ÀKÃ³ @ ŠË- äoë› /Ds@W@_ã&³î`óã³à;îıînred_tick    @     
should_exit`   0 @  next_allowedàC 	 #hit_state   @C@?à_  +dash_ability `7 6 /root/Training Grounds/World/Players 
 2/Animator€@{@ 
 Gis_p - C€—À›@Ûcurren Ş`=ion /@7  idle_ O@  À+posi@*     /@  Àspeed €€?@@s$ A{ sbxÇ 
 ¨ A+@k@#@«frame_typ!HA§@@@ t!¾@ # 7@@/!srt!” m`/ kbnƒ l@  'enA²meàdur`ò  7}?5^ºIÌ`«@7log`…@o N ° @«  @[@{à«@'@@À«@ó@@/à« {à«  Winput_complet! î`ÿ ! @C@# C à	#  €#AK!~r_2 `/@“@·@?@B«local_la"`_A§@@£remo `` ò` @@7advantag!j`À7   Qcul ›d_à &@@ @?@[€ß`Ö`? & @  mess Ys_sBto_ Ä@ƒ@Ã@' à'_sizeA@+@3 Ø @3 "à3tot!@9  à3  3à«à’aW@Û@g@Ã@ % 3@Áï  "w#s sa `CïÃ'A	B{•C‹lçãâ {â³ |â#B—â³İ$ : ïà 7â³ | tAû@«A@?à#À@@‹@¿A/@  ¯a @C@@ Rà @' - ä#§ 1 /@O@{@O ÿ  @@ @@ à@oÀ@o@AcCÏg¼¶@/@@@W@@'à'—!Ö`?@{@C –à0— 8 — ¬ SAK@“Cä3@ À#ÛäËáûBû£›Aªs_receiv#nfrom_2âûA@SAïâKâAW ğ 0ACAÀ?à#A@@@„@Ä›@ã ¿æ ÿBÿ@'  à‚SyncMan#är/Spawn €s@K@/FG s@@àords ?@“@ @@W c' t 8à +  €gç/Dummyç$@;@O@A—ç#@ @ç#@ @#ç`@ÓÃóÇ@ïAs@?â'«ÃC@W@?Eóhealth€W d w!Î  Ç«@'  
1120403456|@
665577   `ëollid&?À8 @à
;731113 Ahurtboxà :à7àsEÀ7E‰  O`k08632473 §09261619C£@Gƒ)oàj``7119 /`7 ê796649 S@7I‹ 7@j``3àk77936128à3" gi{ed A³@@OA_ve'M)·@  30|0`ã@@Idl`ßGKjabê/@@À i m x OB'@ @AŸlast_'"er#úC„ à#@ãê»Ï 1ãªã«ÁAÃgê/ÏDÃ®9AkC[ÀKÃ³Aß  ªÏ-  äoëŸ /Ds@W@_ã&³5515264BÓ 4#À54Ãw`óã³à; 3Cµ ‹@ƒã³à7àsãI³2485990 ß70#· £BÏãı³ã™³îoƒ@Ã.:BÏC[ã³      $     DŒQÂ 
 ¨        
 	frame_type@+€@@tick@@G@@/start_tim`/ |bnƒ l@  ?end`àduration 7Å °rh‘Í?À7log`…@o N ° @«  @#@{à«@'@@À« %à/à« Œà«  'input_complet! î!/  " @S@# C à	# ! #AKpeer_2 `/@“@·@?@ 	 'local_lag @_  @@Óremo ``@@ @@7advantag!j`À7   Qcul ›d_à &@@ @?@[€ß`Ö`? ' @  mess Ys_sen #o_ Ä@ƒ@Ã@' à'_sizeA@+@3 Ø @3A;à[ e t!@9  à3  gà«à’aW@Û@g@Ã@ & 3@Áï  "•ingsa `  curr`å!àB{u“Váâ {â³ â#BÏâ³ /İ$íà 7â³| `{@«A@?à#À@@‹@¿ # Ÿ@  a B?@@ Rà @' - 
/root/Train ï Grounds/World/Players  1 /@O@{@O ÿ  @@ @@ à@oÀ@o@CÿCÏg¼¶@/@@@W@@'à'—!Ö`?@{@C –à0— 8 — ¬ SAK@“Cä3@ À#ÛäËáûBû£›Aªs_receiv#nfrom_2âûÂƒAïâKâAW ì 0ACA@“ à#A@@@„@C_@@ã ¿ t#J`CBÿ@  ‚SyncMan#är/Spawn €/@K@/  / s@@àords @“@ @@W c"_ t 8à +  €gâ‡Dummy/Animato€;@O@A—is_p"©"¿@ @  Ã¯ a`<&0 @@ @  À#posi@"  @ @@ÓÀ s$× d @ïAs@â'«ÃC@W@?Eóhealth€W d _@A¿À@  
1120403456|@
665577   `ëollid&?À8 @à
;731113 Ahurtboxà :à7àsEÀ7E‰  O`k08632473 §09261619C£@Gƒhiàj``7119 /`7 ê796649 S@7   7@j``3àk77936128 +À3" gdÓed A³@@A_ve'Mity@  30|0`ã@@Idl`ßGKjab_ã/@@À i m x OB'@ @AŸlast_&<er#úC„ à#@ã
should_exit`7@¯ 0 'ÀCnex"ÌllowàC@ƒ!'àŸ@C@?à_AÏdash_abil! v`7 6 ãŸæ'ãªcç@{@ã«À›AÃgã«C#idle_ O@GB¯À+ÂêA¿   /@C[ÀÃ³€ €go-  (æ"÷B»D¯@W@_@ã"³5515264BÓ 4#À54Ãw`óã³à; 3Cµ »@ƒA hã³à7àsAãÀ7CH@KãGã$³2485990 ß70#· £Bo"‹DV@j`·àkãı³ãx³ 2ãn³DÃ®9BƒC[ã³D'Š;  Ç¤pî/É_D‹%Ãé³FéëËZd;ßOî ì ´D?C³@ë@{êK@ß@@F 2l—@@/à« œì[J?kïî
[Ì@# C.î	Ê  s r$back_ticks            timings    @  rollback  =
×£p=æ?@  	current_ti€Zd;ßOİ`  peer_2   @k@[@;@ 	 local_lag @s  @ 
 remote€@@ @@7advantage @À7   Qculated_à &@@ @?@[inpu€µ€? ( @  mess Ys_s`Ùo_ Ä@g@Ã@' à'_sizeÀï@3 Ø 4@3 "à3tot!@9  à3  3à«à’aW@Û@g@Ã@ ' 3@ & @wAÃend!£me Ábnƒ “@durationAß qaà ÷a¿@log_typ 7€û | 7AÃ@sÀ[à#À@B@7 $ ;@  `Ë @C@@ Rà @' - 
/root/Train"“ Grounds/World/Players  1 /@O@{@O ÿ  @@ @@ à@oÀ@o@@£Ag¼¶@/@@@W@@'à'—!`?@{@C –à0— 8 — ¬ SAK@“BËframea¥€g@ ÀstarBç m`áûBÃ£cAªs_receiv#6from_2âÃâK âKâAW ğ"DACA@“ à#A@@@„@ # #@@ã ¿ t º`CD£@  ‚SyncMan#¬r/Spawn €/@K@/  / s@@àords @“@ @@W c"_ t 8à +  €gâ‡Dummy/Animato€;@O@A—is_p"©"¿@ @  Å7 a`<#| @@ @  À#posi@"  @ @@ÓÀ s$Ÿ d @ïAs@â'«ÃC@W@?E»health€W d _@A¿À@  
1120403456|@
665577   `ë&?id&À8 @à
;731113 Ahurtboxà :à7àsF—À7EQ  O`k08632473 §09261619C£@  #hiàj``7119 /`7 ê796649 /@7   7@j``3àk77936128 +À3" gdÓed A³@@A_ve'ity@  30|0`ã@@Idl`ßGjab_ã/@@À i m x OB'@ @AŸlast_&êer#úC„ à#@ã
should_exit`7@¯ 0 'ÀCnex"ÌllowàC@ƒ!'àŸ@C@?à_AÏdash_abil! v`7 6 ãŸæ'ãªcç@{@ã«À›AÃgã«C#idle_ O@GB¯À+ÂêA¿@Ã.:@C[ÀÃ³@  €go- à%ÏB»D¯@W@_@ã"³5515264BÓ 4#À54Ãw`óã³à; 3Cµ »@ƒA hã³à7àsAãÀ7CH@KãGã$³2485990 ß70#· £Bo"‹DV@j`·àkãı³ãx³ 2ãn³   /BƒC[ã³D'Ê;sbxÇ 7 ¨ C—C@CD_é£E_@@Er@Éc@/%Çé·égëÏàëÏ\Âõ(\Ïd_F[éŸ ° x@«Fÿ@‹@{à«@ã@@À«Lc@@/à« ¬êJCkó_comple-Ï@B`ÿA7@C@# C à	#ÊAK(æîœK )!ÿ@×î˜Kent_to_peer_2         ) @ (  '     timings    @  current_tick …ëQ¸å?@  end me ­bnƒ <Àduration@7øSã¥›Äğà 7log_typ 7€o | 7@{@«À?à#À@@‹@7 % ;@  input @C@@ Rà @' - 
/root/Train ï Grounds/World/Players  1 /@O@{@O ÿ  @@ @@ à@oÀ@o@ $ $Ag¼¶ 
 €@W@@'à'—!Ö`?@{@C –à0— 8 — ¬ SAK@“ 
 framea¥€g@ ÀstarB m`áû  (remot <"6s_received_from_2B“A@»ÂƒâKâ@; ğ 0ACA@“ à#@[@@@„@A‹@@ã ¿ t º`CBÿ@  ‚SyncManager/Spawn €/@K@/  / s@@àords @“@ @@W c"_ t 8à +  €gâ‡Dummy/Animato€;@O@A—is_p"©"¿@ @  Ã¯ a`<#| @@ @  À#posi@"  @ @@ÓÀ s$D d @ïAs@â'«ÃC@W@?  Ohealth€W d @A¿À@  
1120403456|@
665577   `ëollid$çÀ8 @à
;731113 Ahurtboxà :à7àsEÀ7size O`k08632473 §09261619C£@  #hiàj``7119 /`7 ê796649 /@7   7@j``3àk77936128 +À3" gdÓed A³@@A_velocity@  30|0`ã@@Idl`ß 	 'jab_ã/@@À i m x 'B'@ @AŸlast_&<er#úC„ à#@ã
should_exit`7@¯ 0 'ÀCnex"ÌllowàC@ƒ!'àŸ@C@?à_AÏdash_abil! v`7 6 ãŸæ'ãªcç@{@ã«À›AÃgã«C#idle_ O@GB¯À+ÂêA¿DÃ®9@C[ÀÃ³@  €go- à%ÏB»D¯@W@_@ã"³5515264BÓ 4#À54Ãw`óã³à; 3Cµ »@ƒA hã³à7àsAãÀ7CH@KãGã$³2485990 ß70#· £Bo"‹DV@j`·àkãı³ãx³ 2ãn³@Ã.:BƒC[ã³D'H¯I[DŒQÂ    ¨ C—C@CD_é£E_@@Er@Éc@/%Çé·F#ëÏmçû©ñÒÍd_@7éŸ ì x@«C·@‹@{à«@ã@@À«L›@@/à« ¾ì_JCkó_compleªk`ÿÌ@# C à	#A[@g !S r$“backf£)Ä ºà ›IÃ*å)k@@7@óÀ7Lß•C‹lçãaDsÁÛ@×@q=
×£pİ`A¿)Zí ŸAA+@W@FÓ'©al_la)â`s  @A r‹[`@@ @@7advant*¸ @À7   Qcul!d_à &@@ @?@[S@µ€? * @  mess Ys_s'Ôîd@g@Ã@'Kûà'eA“@+@3 Ø @3 "à[ e t!eNà3  3à«à’aû@Û@g@Ã@îÿ@wAÃâï ¿â_@î¿-²ï§öa¿@âïî+¿ & Ã@‡I`Ë B@«@!à @'çÇers/Player 1         ÿ  @@ @@ à  À  @ $   	g¼¶ 
 €@W@@' - /root/Training Grounds/World  s  2 /@?@{@C –à0— 8 — ¬ S  @“ 
 	frame_type€g@ Àstart_tim` ¿bnƒ ğ@  (remot <icks_received_from_2  *`» ( @3  end 0meàO@log`‰@ï@; ì ÁÀ?à#@'@@@„@ % c@@ã ¿ t º`C  @  ‡SyncManager/Spawn €/@K@/  / s@@àords @“@ @@W c!Ç t 8à +  €gáïDummy/Animato€;@O@A—is_p"¡"'@ @  current_a`<ion @@ @  À#posi@"  @ @@ÓÀspeed @ïAs@â'«ÃC@W@?  Ohealth€W d @!Î  À@  
1120403456|@
665577   `ëolliderà È @à
;731113 Ahurtboxà :à7às  ?À7size `k08632473 §09261619C£@  #hiàj``7119 /`7 ê796649 /@7   7@j``3àk77936128 +À3" gd;ed A³@@A_velocity@  30|0`ã@@Idl`ß 	 'jab_ã/@@À i m x 'B'@ @AŸlast_"Œer#úC„ à#@ã
should_exit`7@¯ 0 'ÀCnex"ÌllowàC@ƒ!'àŸ@C@?à_AÏdash_abil! v`7 6 ãŸ P#}å 1ãªcç@{@ã«À›AÃgã«C#idle_ O@GB¯À+Ã#A¿   /@C[ÀÃ³€€?@-  (æ*_@W@?@ã"³5515264BÓ 4#À54Ãw`óã³à; 3Cµ »@ƒA hã³à7àsAãÀ7CH@KãGã$³2485990 ß70#· £Bo"‹DV@j`·àkãı³ãx³ 2ãn³DÃ®9BƒC[ã³D'Š;  Ç¤p¨ HCC‹@?D[éŸ@+@@En@É_@/%Ãé³Fé ÀéÏ@durhN  ™®GázÎd[@éw  § ì x@«C³@‹@{à«@'@@À« ) ;@@/à« ÎàJ?input_compleªg`ÿ & C@# C à	#Ê  + r$backfŸ)À ºà ›I¿*)g s`Ï@@Ÿ@óÀ7A\Âõ(\ãaDoÁ×@×@7‰A`åĞâ`A¿)Vr_( @£AA+@W@FÏ'¥al_la)Ş`s  @A«W`@@ @@7advant*´ @À7   Qcul!d_à &@@ @?@[S@µ€?J§@  $mess Ys_s'Ğ_to_ Ä@g@Ã@'K÷à'eÀï@3 Ø 4@3 "à[ e t!eJà3  3à«à’aW@Û@g@Ã@ * 3@ÂcAÃâï Ïâ_@âïÕxé&1øa¿@âï | ËAÃ@s@Óà#À@A]@‡ ' @I{`Ë @C@@ Rà @'ç'ÃG7@O@{@O."î0#î×»áû   remote_ticks_received_from_2        )     end 0me Ïbnƒ $Àlog_typ €; ğ 0    à#@'@@@„@ & +  state @C  @'  /root/SyncManager/Spawn €/@K@/  / s@@àords @O@ @@Wcount 8à +  €g
Training Gr 'ds/World/Dummy/Animato€;@O@ 
 ;is_play 7@ @  current_a`<ion @@ @  À#posi@"  @ @@ÓÀspeed @ï!Š` - à» P ™ers  1 /@û@W@_  health€W d @!Î  À@  
1120403456|@
665577   `ëolliderà È @à
;731113 Ahurtboxà :à7às  ?À7size `k08632473 §092616192 @  hiàj``7119 /`7 ê796649 /@7   7@j``3àk77936128 +À3" gbKed A³@@A_velocity@  30|0`ã@@Idl`ß 	 'jab_ã/@@À i m x 'B'@ @AŸlast_"Œer#úC„ à#@ã
should_exit`7@¯ 0 'ÀCnex"ÌllowàC@ƒ!'àŸ@C@?à_AÏdash_abil! v`7 6 â$ããªbë@{@ã«À›AÃgã«C#idle_ O@GB¯À+Ã#A¿@Ã.:@C[ÀÃ³@  €?@- à%ÏB»ã2³5515264BÓ 4#À54Ãw`óã³à; 3Cµ »@ÃA hã³à7àsAãÀ7CH@KãGã$³2485990 ß70#· £Bo"‹DV@j`·àkãı³ãx³ 2ãn³   /Bƒã³D' $ ,IsbxÇ 
 ¨ C—D@CD_fram)f)@+€@@Er@Éc@/%Çrt%Œ m`/é	géƒ ĞéƒdurhR  7ğ§ÆK7‰Ñd_F[éŸ ì x@«C·@‹@{à«@ã@@À« * Ã@@/à« ßàJCinput_compleªk!/  ' @C@# C à	#Ê  + r$“back!ck)Ä@CÀ›IÃ!-)k s`Ï@@[@óÀ7A¢E¶óıÔèaDsÅ@R@¦›Ä °rò`A¿)Zr_%h@£@kA+@W@FÓ'©al_la)â`s  @Arek[`@@ @@7advant*¸ @À7   Qcul!d_à &@@ @?@[S@µ€? , @  mess Ys_s'Ô_to_ Ä@g@Ã@' à'eÀï@3 Ø 4@3 "à3tot!eNà3  3à«à’aW@Û@g@Ã@Kw@ÂcAÃâï áâ_@âïq=
×£p@@¯@âï | ËAÃ@sà#À@A]@‡ ( Ã@I`Ë @C@@ Rà @'ç'ÇG;@O@{@O ÿ  @@ @@ à@oÀ@o@Äƒg¼¶@/@@@W@@'à'—!`?@{@C –à0— 8 — ¬ SAK@“BËäo@ À$åáûBÃ£cAªî¿âKâ/î+¿Ä×@ã ¿î‘¿Dummy/Animator      
 is_playing   @ @  current_a`<ion @@ @  À#posi@"  @ @  Àspeed   @g@ - 
/root/Train ƒ Grounds/World/P ™ers  1 /@¿@W@?  health€W d @  À@  
1120403456|@
665577   `ëolliderà È @à
;731113 Ahurtboxà :à7às  ?À7size `k08632473 §092616192 @  hiàj``7119 /`7 ê796649 /@7   7@j``3àk77936128 +À3" gaed A³@@A_velocity@  30|0`  state @@Idl`ß 	 jab_ÀAË@@À i m x 'B'@ @AŸlast_"Œered_tick à#@ã
should_exit`7@¯ 0 'ÀCnex"ÌllowàC@ƒ!'àŸ@C@?à_AÏdash_abil! v`7 6 â$ããªáã«À›AÃgã«C#idle_ O@ÇB¯À+Ã#A¿DÃ®9@C[ÀÃ³@  €?@- à%ÏB»Aç@W@?@ã"³5515264BÓ 4#À54Ãw`óã³à; 3Cµ »@ƒA hã³à7àsAãÀ7CH@KãGã$³2485990 ß70#· £Bo"‹DV@j`·àkãı³ãx³ 2ãn³@Ã.:BƒC[ã³D'$ E/ DŒQÂ 
 ¨ C—C@CD_frame_typ%¼E[@@@Er@ * 7@@/%Çrt%Œ m`/ ábnƒ l@F#enEªmeàdurhR  7`åĞ"ÛùÎd_@7log`…@o  o ° @«Fÿ@[@{à«@'@@À« + ;@@/à« ğà«  'input_complet!Fa v ( @C@# C à	# ' #AK(ær_$ô@/@“@·@?@F_'5al_la)n`_  @@£remo ``@{@ @@7advantag!j`À7   Qcul ›d_à &@@ @?@[€ß`Ö`?EÇ@  $mess Ys_s'`_to_ Ä@ƒ@Ã@' à'd Àï@3 Ø 4@3 "à3tot!dÚà3  3à«à’aW@Û@g@Ã@ , 3@Áï  "w*O sa `E¿Ã'A	B{bX9´Èââ {â³â#B—â³ Bb´ íà 7â³ | tAû@«A@?à#À@@‹@¿ ) §ICa @C@@ Rà @7@ÿè$[ ?@{@O ÿ  @@ @@ à@oÀ@o@ÄGg¼¶@/@@À§@'à'—!Ö`?@{@K –à0— 8 — ¬ SAK@“Cä3@ À#ÛäË ñäBû£›Aªs_receiv#nfrom_2âûÂƒAïâKàO@âAW ì ACA@“ à#A@@@„@Ä›@ã ¿ks@CBÿ@'  C‚SyncMan#är/Spawn €/@K@/FG s@@àords ?@O@ @@W c-Ÿ+„à@ó€gíÇDumîıƒîjƒ120403456|1120665577      hurtbox_size@  108632473 3092616192 @  hi`2position``7119 /`7 k796649 /@7   7@j``3àk77936128 +À3is_grounded  @@  velocity@  0|0`  state @@Idl`ß 	 jab_À  @@À i m x   @ @  last_entered_tick à#@ã
should_exit`7@¯ 0 'ÀC	next_allowàC@ƒ!'àŸ@C@?à_AÏdash_abil! v`7 6 /root/Training GaSs/World/Players 
 1/Animatorá 
 G! p - C€—À›Acurr!_a`=B€  idle_ O@Ç  À+ÂDA¿   /@  Àspe!ù  aß  €?@-  (à"ÏB»Aç@W@?@health¿ d O@BSÀ@bŸ125515264BÓ4204543 /`óolliderà È à;37311 A h£{à#sAãÀ7CHà §ãGã$³2485990 ß70#· £Bo"‹Äa#`×àkãı³ãx³ 2ãn³DÃ®9BƒC[ã³D' $"WE/Ç¤p¨ C“C‹@?D[frame_typ%¸@'@@@En@ + 7@@/%Ãrt%ˆ m`/ ñbnƒ h@CËenE¦meàdurd¢  7¦›Ä °rĞd[@7log`…@o N ì @«C³@[@{à«@'@@À« , ;@@/à«cà«  'input_complet!F] v ) @C@# C à	# ( #   r$back`A sCÀ›  !%» s`Ï@_@[@óÀ7A—nƒÀæaDoÁ×@”@ÍÌ@  ä`A¿%¢r_%d@£@kA+@W@FÏ'¥al_la&2`s  @Aremo Ô`@@ @@7advantag!Ş`À7   Qcul!d_à &@@ @?@[S@µ€? . @  mess Ys_sF±to_ Ä@ƒ@Ã@' à'e{Àï@3 Ø 4@3 "à3tot!Eµ  à3  3à«à’aW@Û@g@Ã@ - 3@ÂcAÃâï â_@âï
×£p=
ûa¿@âï | ËAÃ@s@Óà#À@A]@‡ * @I{`Ë @C@@ Rà @'@¿ç#ÃG7@O@{@O ÿ  @  (@@ €€@oÀ@o@„ g¼¶ &`@#@W@@'à'—!`?@{@C – —€@ @@ @@‡@@ @o@À— 8 — ¬ @“AK@#BËäo@ À$åáûBÃ£cAªs_receiv#6from_2âÃâKâ/ ğ" @¯@ç@“ à#@ï@@@„@Ä×@ã ¿k«@CD£@'  C‚SyncMan#¬r/Spawn €/@K@/F s@@àord$ú`O@ @@W c,G+¼àFO€gëDummyç\@£@O@A—ë@ @jë@ @#FOÀ#Ê @  @@ÓÀË@ïB3@â'«ÃC@W@?E»ë" 0îG`ë&wëà;K 1ËCA hëà7îı»î'»      last_entered_tick    @     
should_exit`   0 @@C	next_allowàC 	 +hit_state   @C@?à_  +dash_ability `7 6 /root/Training Grounds/World/Players 
 1/Animator€@{@ 
 Gis_p - C€—À›@Ûcurr!_a`=ion /@7  idle_ O@  À+posi@*  @Ã.:@  à speed @  €?@- à%Ï 2 /AG@W@?@health¿ d @  À@  
1125515264| 
4204543 @`óolliderà È à;37311 Ahurtboxà :@Sà7àsAãÀ7sizeà 3086324736|109261619@÷@  s"Sàj` k485990 ß70079 /@7Bo 7@j``3àk77936128à3"# gb_ed B@@OA_veloc"›@  30|0`  Âó@@Idl`ßCjabã@@À i m x CãAŸãß³ 2ãn³   /A‡C[ÃÓã³B $ ,  	sbxÇ 
 ¨ C—C@CD_frame_typ$üAË@@@Er@ , 7@@/"3rt%Œ m`/ cnƒ l@BoenEªme@ àdurd¦  7ü©ñÒMbĞd_@7log`…@o N ° @«CK@[@{à«@'@@À« - ;@@/à« à  'input_complet!Fa v * @C@# C à	# ) #AK%2r_#ü@/@“@·@?@C/#al_la%Â`_C‡@@£remo ``@{@ @@7advantag!j`À7   Qcul ›d_à &@@ @?@[€ß`Ö`? / @  mess Ys_sFAto_ Ä@ƒ@Ã@' à'd Àï@3 Ø 4@3 "à3tot!dÚà3  3à«à’aW@Û@g@Ã@ . 3@Áï  "w'' sa `E¿Ã'A	B{é&1¬æâ {â³ â#B—â³…ëQ¸…ñà 7â³ | tAû@«A@?à#À@@‹@¿ + §Ea @C@@ Rà @7@ïè$[ ?@{@O ÿ  @  'Û@@ €€@oÀ@o@ÄGg¼¶ &`@#À§@'à'—!Ö`?@{@K – —€@ @@ @@‡@@ @o@À— 8 — ¬ @“AK@#Cä3@ À#ÛäËáûBû£›Aªs_receiv#nfrom_2âû@û@SAïâKâ@¿Cä@¯@çÀ?à#@ï@@@„@Ä›@ã ¿ê ³Bÿ@'  V‚SyncMan#är/Spawn €s@K@/FG s@@àords ?@“@ @@W c*»+„àB·€gêãDummyç$@S@O@A—(³ê×@ @HCÃ¯ê×@ @#IËÀ#Ê? @  @@ÓÀÇ@ïAs@A¯à»ëŸ W@¿@W@?Eóê"Ï0428942|*Ï0665577 O  `ëêÏà;JÍ 1ËA hêÏà7àsEÀ7E‰  ‡êcê$Ï1911822€ß79664ê_Ï@Ë ¬4363819|0@Ëã@B¿RunM„`GW jêıÛêÛîGAs rƒN’a‡B¿Ã£ãÃ      current_speed      €?   - /root/Training Grounds/World/Players  2 /  @W@?  health    d @  position@  
1125515264| 
4204543 @  collider_À8 @à;37311   hurtboxà :à7às à7sizeà 3086324736|109261619@÷@ @3 iàj` £485990 ß70079 /@7   7@j``3àk77936128 +À3is_gaed  @@A_velocity@  0|0`  state @@Idl`ß 	 jab_ÀAË@@À i m x 'AÏ@ @AŸlast_"Hered_tick à#@ã
should_exit`7@¯ 0 'ÀC	next_allowàC@ƒ!'àŸ@C@?à_AÏdash_abil! v`7 6 â$ã/Animatorá 
 G! p##'€—À›AÃg a`="ø /@·C#idle_ O@B¯À+ÂêA¿@Ã.:@C[Àã³@s$ A{ Û'…„ 
 ¨ AË@k@C@«frame_typ"A§@@@A¾@ - 7@@/"rt!Ø m`/ cnƒ l@BoenAömeàdur`ò  7h‘í|?5Îd_@7log`…@o N ° @«CK@[@{à«@'@@À« . ;@@/à« "à«  'input_complet!B­ v + @C@# C à	# * #AK%2r_#ü@/@“@·@?@B«#al_la"`_AÇ@@£remo ``@{@ @@7advantag!j`À7   Qcul ›d_à &@@ @?@[€ß`Ö`?Ãc  $mess Ys_s#¬_to_ Ä@ƒ@Ã@C à'd Àï@3 Ø 4@3 "à3tot!dÚà3  3à«à’aW@Û@g@Ã@ / 3@Áï  "w#s sa `CïÃ'A	B{¾Ÿ/İ$ââ {â³â#B—â³˜nƒÀÊíà 7â³ | tAû@«A@?à#À@@‹@¿ , §Ea @C@@ Rà @7C‹ä#§Fÿ@O@{@O ÿ  @  'Û@@ €€@oÀ@o@ÄGg¼¶ &`@#@W@@'à'—!Ö`?@{@C – —€@ @@ @@‡@@ @o@À— 8 — ¬ @“AK@#Cä3@ À#ÛäË #äBû£›Aªs_receiv#nfrom_2âûÂƒAïâKàO@â@¿ ü @¯@ç@“ à#@ï@@@„@Ä›@ã ¿g¿@CBÿ@'  C‚SyncMan#är/Spawn €/@K@/FG s@@àords ?@O@ @@W c)ë'Ğà@‡€gêDummyç$@S@O@A—ç#@ @ç#@ @#ç@ @@ÓÃóÇ@ïAs@â'«ÃC@W@?Eóê"Ï047991iï0665577 ¨  `ëêÏà;JÍ 1ËA hêÏà7àsEÀ7E‰  ‡êcê$Ï1916919€ß79664ê_Ï@Ë110275,(7|0@Ëã@B¿RunL´`GWêıÛêÛ 1ã¶ã·ÃSbË®CêÛAs rƒJŞa‡B¿À/êß‰ˆˆ<A·CkÀÃÃ  ;  &·@ã'ÃÆo@W@?ã&ÃîÑ“   
1124859904|@
	270079      
hitbox_size`  1086324736|1077936128 À3is_grounded  @@  velocity@  0|0`  state @@Idle@ 	 jab_À  @@À i m x   @ @  last_entered_tick à#@ã
should_exit`7@¯ 0 'ÀC	next_allowàC@ƒ!'àŸ@C@?à_  gdash_abil! `7 6 /root/Training GaSs/World/Players 
 2/Animatorá 
 G! p - C€—À›Acurr!_a`=ion /@·  idle_ O@  À+posi@*A¿DÃ®9@ àspe!ù  aß  €?@@s$ {Û§[¨ AÇ@g@@§frame_typ"A£@@@Aº@ . 7@@/"rt!Ô m`/ #cnƒ h@BkenAòmeàdur`î  7Zd;ßOÍ`§@7log`…@o N ì @«A@[@{à«@'@@À« / ;@@/à« 2à«  'input_complet!B© v , @C@# C à	# + #  rollback`A sCÀ›  !" s`Ï@_@[@óÀ7AƒÀÊ¡EêaBŸÁ÷@”@ /İ$á`A¿!îr_2 `£  cA+@W@C#ñal_la"~`sB7@Aremo Ô`@@ @@7advantag!Ş`À7   Qcul!d_à &@@ @?@[S@µ€? 1 @  mess Ys_sBıto_ Ä@ƒ@Ã@' à'eA“@+@3 Ø @3 "à3tot!eJà3  3à«à’aW@Û@g@Ã@DŸ@ÂcAÃâï 3â_@âïğ§ÆK7‰ûa¿@âï | ËAÃ@s@Óà#À@A]@‡ - Ã@EÇ`Ë @C@@ Rà @'@/ä#ß@÷@O@{@O ÿ  @  $_@@ €€@oÀ@o@„ g¼¶ &`@#@W@@'à'—!`?@{@C – —€@ @@ @@‡@@ @o@À— 8 — ¬ @“AK@#BËäo@ À$åáûBÃ£cAªs_receiv#6from_2âÃâKâ/ ü" @¯@ç@“ à#@ï@@@„@Ä×@ã ¿g÷@CD£@'  C‚SyncMan#¬r/Spawn €/@K@/F s@@àord$ú`O@ @@W c(“(àE;€gçgDummyç\@£@O@A—ç[@ @ç[@ @#FOÅ[çS@ @@ÓÀÇS@ïB3@â'«ÃC@W@?E»health€W d x@A¿À@ió	120556372|@
665577 /`ë&wid&À8 à
;731113 AhurjdÀ:  à
7àsF—À7EQ À3ê›9261619C£@  #)§JÏÀj`€k '4565€ß79664ë_@Ë 1 ¸082688|0@«ã@B¿RunJ`Gëıë 1ã¶ã·ÃSbËëAs rƒKa‡B¿À/ÂT  ‰ˆ=A·CkÀÃÃ@  &·@-  äëç /Dƒ@W@?ã&Ã551526­ë0454Ã‡`÷ãÃà; 3CÅ ‹@ƒAÃ‹Á@ƒWà7àsB÷À7ã=ÃîıËî Ëtick    €    	 hit_state     @  
should_exit`@ 0 @  dash_ability ` 6 /root/Training Grounds/World/Players 
 2/Animator€@[@ 
 Gis_p - C€{@@  current_a`=ion @  idle_ O@  À+posi@*     /@  Àspeed €€?@@s$ 7Şª¨X¨ A'@g@@§frame_typ!DA_@@@tick@ / 7@@/!ort_tim`/ 3cnƒ h@  'end`@ 4àdur`î  7u“VÍ`§@7log`…@o N ° @«  @[@{à«@'@@À«Áã@/à« Cà  Winput_complet! î`ÿ - @S@# C à	# , #AK!zr_2 `/@“@·@?@B§local_la"
`_A£@@£remo `` ò` @@7advantag!j`À7   Qcul ›d_à &@@ @?@[€ß`Ö`? ¢`  mess Ys_sB‰to_ Ä@ƒ@Ã@C à'_sizeA@+@3 Ø @3 "à3tot!@9  à3  3à«à’aW@Û@g ` 1 Áï  "•#o sa `CëÃ#A	B{+‡ÙÎ÷çâ {â³ Dâ#B—â³%•C‹òà 7â³ | tAû@«A@?à#À@@‹@Ï . §  a @C@@ Rà @7B›ä#£A'@O@{@O ÿ  @  $#@@ €€@oÀ@o@„C g¼¶ &`@#@W@@'à'—AÇ@?@{@C – —€@ @@ @@‡@@ @o@À— 8 — ¬ @SAK@#Cä3@ À#ÛäËáûBû£›Aªs_receiv#nfrom_2âûÂƒAïâKâ@¿Cä@¯@ç@“@?à#@ï@@@„@Ag@@ã ¿æ ûBÿ@  V‚SyncMan#är/Spawn €s@K@/FC s@@àords ?@“@ @@W c' t 8à +  €gç+Dummyç @;@O@A—ç@ @ç@ @#ç`@ÓÃóÇ@ïAs@?ACà»ççÃC@W@?Eóhealth€W d wA¿Ç§@'  
1120658316|`
65577   `ëollid&?À8 @à
;731113 Ahurtboxà :à7àsEÀ7E‰  O`k08632473 §09261619C£@Gƒ)kàj``711934759 7 ê796649 S@7I‡ 7@j``3àk77936128à3" giwed A³@@OA_ve'M)³@@Ë 1141034|0@ã@B¿RunIÌ`GWjabê7@'@À i y x B3@ @A«last_'.er$C à#@ïêw@Cnex)øllowàC@ƒ!3àŸÀÿà_Aê;× 1ã¶ã·À›@ÛÃsê×@Ó rƒJÚaOB¿À/Âú  ÎÌL=AoCkÀÃÃ@  &·@-  ã$ÃBËDƒ@W@?ã&Ã5515264Bã420454Ã‡`÷ãÃà; 3CÅ »@ƒA hãÃà7àsAçÀ7CX@KãWã$Ã2485990 ß70#Ç £Bs"Cû@j`·àkã2Ã  g0|0`Wã»@×Idl`ßBCãı·ã·îo@Ã.:A«C[ã³D+É³¯ö‚¹   î“      @tick   0 @ 
 start_time    Dcnƒ€  end`àduration 7ğ§ÆK7‰Ñ?@W@7log_typ 7     ì     @#@{frame`%@{€'@@À« 1 @@/à« Tà«  'input_complet X î Ó  . @C@# C à	# - #  rollback`A sà›  !-ings`Ï@_@[@óÀ7ATã¥›Ä ìa  3currenAi€!°rh‘íà`  peer_2 `£A/A+@W@ 	 local_lag @s  @Aremo Ô`@@ @@7advantag!b`À7   Qcul!d_à &@@ @?@[S@µ€? 3 @  mess Ys_s`Ùo_ Ä@ƒ@Ã@' à'_sizeA“@+@3 Ø @3 "à3tot!@9  à3  3à«à’aW@Û@g@Ã@ `ÂcAÃâï Uâ_@âï f`  üa¿@âï | ËAÃ@s@Óà#À@A]@ / @  `Ë @C@@ Rà @'B³
/root/Train"“ Grounds/World/Players   @ç@O@{@O ÿ  @  €?@@ €€@oÀ@o@ $` g¼¶ 
`@#@W@@'à'—A‡@?@{@C – —€@ @@ @@‡@@ @o@À— 8 — ¬ @SAK@#BËäo@ À$åáûBÃ£cAªs_receiv#6from_2âÃAc@SAïâK VâKâ/ ü 0@¯@çÀ?à#@ï@@@„@Ä×@ã ¿ t#`CD£@'  ‚SyncMan#¬r/Spawn €/@K@/  / s@@àord$ú`O@ @@W c"_ t 8@«@ @ + €gâ‡Dummy/Animato€;@7@A—is_p"©"¿Ë@ @  Å7 a`<&l @@ @FOÀ#posi@" @  @@ÓÀ s$Ÿ d @ïB3@â'«Aß@û@W@?E»health€W d _@!Î  À@  
1120785747|@
665577   `ë&wid&À8 @à
;73111DÇ@Ahurtboxà :@à
7àsF—À7EQ  o`3086324736|109261619C£@  #hiàj``711947502€ß796649 /@7   7@j``3àk77936128 +À3" gdÓed A³@@A_ve'ity@@Ë 4199380|0@ã@B¿RunE(`Gjab_ã;@'@À i y x B3@ @A«last_&öer$C à#@ï
should_exit`7@»É{@Cnex"ØllowàC@ƒ!3àŸ@C@ƒà_Adash_abil!# `7 6 ã«æ3ã¶b÷@{@ã·À›@ÛÃsã·@Ó rƒ _ R`KB¿À/Âú  ‰ˆˆ=@kCkÀÃÃ@  &·@- à%ÓBËã2Ã5515264CÃ420454Ã‡`÷ãÃà; 3CÅ »@ÃA hãÃà7àsAçÀ7CX@KãWã$Ã2485990 ß70#Ç £Bs"Df@j`·àkã2Ã  g#º`Wã»@×Idl`ßBCãı·ã· 2ãF·Fç i!C´A‹B¯Ã“ã³DÃ®9@ã³D+‰³  C¤h¨ C“@g@?D_é¯@+@@Er@Ã?@/%ÇéÃéséëÛu“VÍd[Fgé‡@·î/ËDw@»à« dêJOkÿî
§Ì#@# ï-öî	ËÊ   rollback_ticks          timings  @@  roll@7  -w¾Ÿ/İè?@  current`R@¤p=
×£à`  peer_2   @k@[@;@ 	 local_lag @s  @ 
 remote€@@ @@7advantage @À7   Qculated_à &@@ @?@[inpu€µ€? 4 @  mess Ys_s`Ùo_ Ä@g@Ã@' à'_sizeÀï@3 Ø 4@3 "à3tot!@9  à3  3à«à’aW@Û@g@Ã@ 3 3@ `wAÃend!£me Áecnƒ “@durationA¿Ñ"Ûù~júa¿@log_typ 7€û | 7AÃ@s@Óà#À@Bf@7 0 ;@  `Ë @C@@ Rà @' - 
/root/Train"“ Grounds/World/Players  1 /@O@{@O ÿ  @  €?@@ €€@oÀ@o@ $` g¼¶ 
`@#@W@@'à'—A@?@{@C – —€@ @@ @@‡@@ @o@À— 8 — ¬ @SAK@#BËframea¥à?@starBç m`áûBÃ£cAªs_receiv#6from_2âÃ@Ë@oAïâK fâKâ/ ü 0@¯@çÀ?à#@ï@@@„@ / ã@@ã ¿ t º`CD£@  ‚SyncMan#¬r/Spawn €/@K@/  / s@@àord$ú`O@ @@W c"_ t 8@«@ @ + €gâ‡Dummy/Animato€;@7@A{is_p"©"¿Ë@ @  Å7 a`<#| @@ @  À#posi@"  @ @@ÓÀ s$Ÿ d @ïB3@â'«ÃC@W@?E»health€W d _@!Î  À@  
1120938664|@
665577   `ë&?id&À8 @à
;73111D¿@Ahurtboxà :@à
7àsF—À7EQ  o`3086324736|109261619Â×  #hiàj`ƒ`711962794€ß79 é 9 /@W   7@j``3àk77936128 +À3" gdÓed A³@@A_ve'ity@@Ë 6471295|0@ã@B¿RunE(`Gjab_ã;@'@À i y x B3@ @A«last_&öer$C à#@ï
should_exit`7@»Åã@Cnex"ØllowàC@ƒ!3àŸ@C@ƒà_Adash_abil!# `7 6 ã«æ3ã¶có@{@ã·À›@ÛÃsã·@Ó rƒ _ R`KB¿À/Âú  «ªª=@kCkÀÃÃ@  &·@- à%ÓBËD¿@W@?ã&Ã55152ƒÃ420454Ã‡`÷ãÃà; 3CÅ »@ƒA hãÃà7àsAçÀ7CX@KãWã$Ã2485990cÃ4270#Ç £Bs"Df@j`·àkã2Ã  g0|0`Wã»@×Idl`ßBCãı·ã· 2ãF·C# i!C´A‹B¯Ã“ã³   /@C[Àã³D+‰³ +ıú¨ C“@g@?D_é¯@+@@Er@CË@@/%ÇéÃéséëÛ%•C‹Ìd[Fgé‡@· ° x@«GÀ{à«@'@@À«Ä'à« uêJOkÿ_comple-Û@B`ÿÆ?@# ï à	#ÊAK(òîœW 5!ÿA+î|W   Ø      input_ticks_sen 

o_peer_2        5 @ 4  3 @C  timings    @  curr`R ]  Zd;ßOå?@  end me vcnƒ <Àduration@7ÍÌ@  ğà 7log_typ 7€o | 7@{@«À?à#À@@‹@7 1 ;@  a @C@@ Rà @' - 
/root/Train ï Grounds/World/Players   @_@O@{@O ÿ  @  €?@@ €€@oÀ@o@ $` g¼¶ 
`@#@W@@'à'—!Ö`?@{@C – —€@ @@ @@‡@@ @o@À— 8 — ¬ @“AK@# 
 framea¥à?@star"h!ù@áû  ;remot <"6s_received_from_2B“@ƒ@“ÂƒâKâ@; 	 `¯@ç@¯@?à#@[@@@„@ 0 6@@ã ¿ t º`CBÿ@  ‚SyncManager/Spawn €/@K@/  / s@@àords AC@ @@W c"_ t 8à +  €gâ‡Dummy/Animato€;@O@A{is_p"©"¿¡  @  Ã¯ a`<#| @@ @  À#posi@"  @ @@ÓÀ s$D d @ïAs@â'«ÃC@W@?  Ohealth€W d @A¿À@  
1121102504| 
0665577   `ëollid$çÀ8 @à
;73111ÂkAhurtboxà :à7àsEÀ7size o`k086324736|109261619C£@  #hiàj``711979178€ß796649 /@7   7@j``3àk77936128 +À3" gdÓed A³@@A_velocity@@Ë 712 â6|0@ã@B¿RunE(`#r jab_ã;@'@À i y x 'B3@ @A«last_&Her$C à#@ï
should_exit`7@»Ã³@Cnex"ØllowàC@ƒ!3àŸ@C@ƒà_Adash_abil!# `7 6 ã«æ3ã¶có@{@ã·À›@ÛÃsã·@Ó rƒ _ R`KB¿À/Âú  'c =@kCkÀÃÃ@  &·@- à%ÓBËD¿@W@?ã&Ã551526bã420454Ã‡`÷ãÃà; 3CÅ »@ƒA hãÃà7àsAçÀ7CX@KãWã$Ã248599„£4270#Ç £Bs"Df@j`·àkã2Ã  g0|0`Wã»@×Idl`ßBCãı·ã· 2ãF·C# i!C´A‹B¯Ã“ã³@Ã.:@C[Àã³D+É³Ù¡ıŞ    ¨ C—@k@CDcé³Ec@@Ev@Ã@/%ËéÇF3ëßÑ"Ûù~jÌd_@7é‹@» ì x@«A@‹@{à«@'@@À«L«@@/à« †ìoJSl_compleª{`ÿÄ3@# C à	#Æg !S r$“backf§)Ô ºà ›G*õ){+@@Ÿ@óÀ7Lï/İ$éaDsÁÛ@×@Ház®GGA¿)jí ¯AA+@W@C¿'¹al_la)ò`sCû@A r‹k`@@ @@7advant*È @À7   Qcul!d_à &@@ @?@[S@µ€?G@  $mess Yît@g@Ã@'Là'eA“@+@3ÎÓ "à[.Ú t!eNà3  3à«à’aû@Û@g@Ã@ï@«AÃâï ‡â_@îÏ‹lçû©ñüaß@âïî+Ï ¦`‡EË`Ë B@«@            -   /root/Training Grounds/World/Players  1 /       ÿ  @  €?@@ €€  @ @o@ $   	g¼¶ 
 €@W@@'à'— 2 C@?@{@C – —€@ @@ @@‡@@ @o@À— 8 — ¬ @S  @# 
 	frame_typeà?@start_tim` ‡cnƒ X@;  ;remot <icks_received_from_2  *`“ 4 @3  end 0me@O ˆàO@log`‰@Ç@; ü @¯@çÀ?à#@'@@@„@AÏ@@ã ¿ t º`C  @  ‚SyncManager/Spawn €/@K@/  / s@@àords @“@ @@W c"_ t 8à +  €gâ‡Dummy/Animato€;@O@A{is_p"©"¿@ @  current_a`<ion @@ @  À#posi@"  @ @@ÓÀspeed @ïAs@â'«As@û@W@?  Ohealth€W d @!Î  À@  
1121266344| 
0665577   `ëolliderà È @à
;731113 Ahurtboxà :à7às  ?À7size `k086324736|109261619C£@  #hiàj``711995562€ß796649 /@7   7@j``3àk77936128 +À3" gdÓed A³@@A_velocity@@Ë  7A`56|0@ã@B¿RunE(` 	 gjab_ã;@'@À i y x 'B3@ @A«last_"˜er$C à#@ï
should_exit`7@» 0 'ÀCnex"ØllowàC@ƒ!3àŸ@C@?à_Adash_abil!# v`7 6 ã«æ3ã¶b÷@{@ã·À›AÃsã·@Ó rƒ _ R`KB¿À/Ã3  ïîî=@kCkÀÃÃ@  &·@-  à$ÓBËã2Ã551526bã420454Ã‡`÷ãÃà; 3CÅ »@ÃA hãÃà7àsAçÀ7CX@KãWã$Ã2485990 ß70#Ç £Bs"Df@j`·àkã2Ã  g0|0`Wã»@×Idl`ßBCãı·ã· 2ãF·Fç i!C´A‹B¯Ã“ã³DÃ®9@ã³D+‰³  ŠHJA¨ C“@g@?D_é¯@+@@Er@Éo@/%ÇéÃésédurh^  ™%•C‹Ìd[Fgé‡@· ì x@«A@‹@{à«@'@@À« 5 ã@@/à« –êJOinput_compleªw`ÿD»@C@# C à	#ÄS  o r$backf£)Ğ ºà ›G*Ÿ)w s`Ï@@[@óÀ7A /İ$éaDoÁ÷@×@áz®Gáâ`A¿)fr_ ¨@£  oA+@W@C»'µal_la)î`sC÷@A«g`@@ @@7advant*Ä @À7   Qcul!d_à &@@ @?@[S@µ€?É{  $mess Ys_s'Ô_to_ Ä@g@Ã@CLà'eÀï@3 Ø 4@3 "à[ e t!eJà3  3à«à’aW@Û@g@Ã@G×@ÂcAÃâï—cnì Ï@âïÙÎ÷Sã¥ûa¿@âï | ËAÃ@s@Óà#À@A]@‡ÇEÇ`Ë Ó@C@@ Rà @7ç'ÃBã@O@{@O.2®3îÚË   frame_type   €    
 start_tim` —cnƒ€  remot <icks_received_from_2  *`S 5 @S  end 0meàO@log`‰@‡@; 	     À?à#@'@@@„@ 2 +   ¿ t º`C  @'  /root/SyncManager/Spawn €/@K@/  / s@@àords @“@ @@Wcount 8à +  €g
Training Gr 'ds/World/Dummy/Animato€;@O@A{is_play 7¡  @  current_a`<ion @@ @  À#posi@"  @ @@ÓÀspeed @ïAs@ - à» P ™ers  1 /@û@W@?  health€W d @AãÀ@  
1121430184| 
0665577   `ëolliderà È @à
;731113 Ahurtboxà :à7às  ?À7size `k086324736|109261619Âk  #hiàjà£011946€ß796649 /@W   7@j`àk77936128 +À3" gbKed A³@@A_velocity@@Ë!712 â6|0@ã@B¿RunB `#r jab_ã;@'@À i y x 'B3@ @A«last_"˜er$C à#@ï
should_exit`7@» 0 'ÀCnex"ØllowàC@ƒ!3àŸ@C@?à_Adash_abil!# v`7 6 â$ïã¶b÷@{@ã·À›AÃsã·@Ó rƒ _ R`KB¿À/Ã3  ‰ˆ>@kCkÀÃÃ@  €?@- à%ÓBËã2Ã55152‚ã420454Ã‡`÷ãÃà; 3CÅ »@ÃA hãÃà7àsAçÀ7CX@KãWã%Ã485990cÃ4270#Ç £Bs"Df@j`·àkã2Ã  g0|0`Wã»@×Idl`ßBCãı·ã· 2ãF·Fç i!C´A‹B¯Ã“ã³   /@ã³D+ $ ,IBH;¸ 
 ¨ C—@k@CDcé³Ec@@Ev@És@/%ËéÇF3é“ ˜éã@durhb  ¬Zd;Ïd_@é‹@» ì x@«A@‹@{à«@'@@À«E@@/à« §àJSinput_compleª{`ÿÄo@# C à	#Dã@g !S r$“backf§)Ô ºà ›G*£){ s`Ï@@7@óÀ7A®GázêaDsÁû@×@B`åĞ"Ûå`A¿)jr_ „@£AA+@W@C¿'¹al_la)ò`sCû@A«k`@@ @@7advant*È @À7   Qcul!d_à &@@ @?@[S@µ€?Èk  $mess Ys_s'Ø_to_ Ä@g@Ã@CLà'eÀï@3 Ø 4@3 "à[ e t!eNà3  3à«à’aW@Û@g@Ã@JK@ÂcAÃâï ¨â_@âï‘í|?5^şa¿@âï | ËAÃ@s@Óà#À@A]@‡ 4 Ã@EË`Ë @C@@ Rà @'ç'ÇG;@O@{@O ÿ  @  (@@ à@o@  €o@ÄƒrnÏ `@#@W@à+—!`?@{@C – —€@ @@ @@‡@@ @o@À—8g¼¶@ ¬ @“AK@#BËäo@ À$å ©áûBÃ£cAª sMîîÏâKàOâ@¿C¬@¯@ç@“à#@ï@@@„@Ä×@ã ¿îEÏords    €     counterà + /root/Training Gr 'ds/World/Dummy/Animato€;@O@ 
 ;is_play 7   @ @  current_a`<ion @@ @  À#posi@"  @ @  Àspeed   @g@ - à» P ™ers  1 /A@W@?  health€W d @  À@  
1121594024| 
0665577   `ëolliderà È @à
;731113 Ahurtboxà :à7às  ?À7size `k086324736|1092616192 @  hiàj``7 Ô28330€ß796649 /@7   7@j``3àk77936128 +À3" gbKed A³@@A_velocity@@Ë!712 â6|0@  Gstate @B¿RunnBh@ 	 jab_À#A×@@À i y x 'B3@ @A«last_"˜ered_tick à#@ï
should_exit`7@» 0 'ÀCnex"ØllowàC@ƒ!3àŸ@C@?à_Adash_abil!# v`7 6 â$ïã¶áã·À›AÃsã·@Ó rƒ _ R`“B¿À/Ã3  š™>@ëCkÀÃÃ@  €?@- à%ÓBËAë@W@?ã&Ã551526bã420454Ã‡`÷ãÃà; 3CÅ »@ƒA hãÃà7àsAçÀ7CX@KãWã%Ã48599ƒÃ4270#Ç £Bs"Df@j`·àkã2Ã  g0|0`Wã»@×Idl`ßBCãı·ã· 2ãF·C# i!C´A‹B¯Ã“ã³@Ã.:@C[Àã³D+$ E3 |²¬ş 
 ¨ C—@k@CDcframe_typ%ÄE_@@@Ev@DÓ@@/%Ërt% m`/ ©cnƒ l@F3enE®meàdurhb  7¨ÆK7‰AĞd_@7log`…@o N ° @«G@[@{à«@'@@À«Çï@/à« ·à«  cinput_complet!Fe v 4 @S@# C à	#Ä“AK(ör_$ô@/@“@·@?@CK'Eal_la)~`_C‡@@£remo ``@{@ @@7advantag!j`À7   Qcul ›d_à &@@ @?@[€ß`Ö`?Äg  $mess Ys_s'd_to_ Ä@ƒ@Ã@C à'd Àï@3 Ø 4@3 "à3tot!dÚà3  3à«à’aW@Û@g@Ã@HÃ@ÁïH{"w(z sa `E¿Ã'A	B{?5^ºIââ {â³â#B—â³NbX9´ìà 7â³ | tAû@«A@?à#À@@‹@¿ 5 §Ea @C@@ Rà @7ç'‹Fÿ@O@{@O ÿ  @  'Û@@ à@o@  €o@ÄGrnÏ `@#@W@à+—!Ö`?@{@C – —€@ @@ @@‡@@ @o@À—8g¼¶@ ¬ @“AK@#Cä3@ À#ÛäË ¸äBû£›Aªs_receiv#nfrom_2âûÂƒAïâKàO@â@¿ ü @¯@ç@“ à#@ï@@@„@Ä›@ã ¿k{@CBÿ@'  CŠSyncMan#är/Spawn €/@K@/FG s@@àordîı“îE“7578ŠÏ)ë
6649         collider_position      
1121757864| 
0862185 @  hurtboxà :@à
7796649 /@  À7size@`3 ^324736|1092616192 +@  hiàj``7 ˜44714€£927721 /@7   7@j``3àk77936128 +À3is_grounded  @@  velocity@@Ë1117126656|0@  #state @  Running` 	 jab_À#  @'@À i y x   @ @A«last_entered_tick à#@ï
should_exit`7@» 0 'ÀC	next_allowàC@ƒ!3àŸ@C@?à_Adash_abil!# v`7 6 	/root/TraiA
 Ga_s/World/Players 
 1/Animatorá 
 G!› p -AN`—À›Acurr!_a`=âË@Ó rƒ _ R`“B¿À/Âú  «ª*>@ë  Àspe"	  @  €?@- à%ÓBËAë@W@?  ?healthÃ d @BcÀ@b¯1255152ƒ‡ 4"ğ543 /`÷ãÃà;3731ÃA hãÃà7àsAçÀ7CXà §ãWã%Ã485990cÃ4270$3 ßBs"Df@ja#aàkã2Ã  g0|0`Wã»@×Idl`ßBCãı·ã· 2ãF·C# i!C´A‹B¯Ã“Ã#A¿DÃ®9@C[Àã³D+ $!ïE38³hF¨ C“@g@?D_frame_typ%À@'@@@Er@ 7 7@@/%Çrt%Œ m`/ ¸cnƒ h@CËenEªmeàdurd¦  7¼t“VÎd[@7log`…@o N ì @«A@[@{à«@'@@À«Æ×@/à« Èà«  cinput_complet!Fa v  Çó@# C à	# 4 '@w   r$back`A sCÀ›G!%¿ s`Ï@_@7@óÀ7Aé&1¬æaDoÁ×@”@X9´Èv¾ã`A¿%¢r_%d@£@kA+@W@C»'µal_la&6`sB7@Aremo Ô`@@ @@7advantag!Ş`À7   Qcul!d_à &@@ @?@[S@µ€? : @  mess Ys_sFµto_ Ä@ƒ@Ã@' à'eÀï@3 Ø 4@3 "à3tot!eJà3  3à«à’aW@Û@g@Ã@E£@ÂcAÃâï Éâ_@âïV-²ïùa¿@âï | ËAÃ@s@Óà#À@A]@‡Hg@EÇ`Ë Ó@C@@ Rà @'ç'ÃG7@O@{@O ÿ  @  (@@ à@o@  €o@„ rnÏ `@#@W@à+—!`?@{@C – —€@ @@ @@‡@@ @o@À—8g¼¶@ ¬ @“AK@#BËäo@ À$åáûBÃ£cAªs_receiv#6from_2âÃâKâ/ ü" @¯@ç@“ à#@ï@@@„@Ä×@ã ¿k³@CD£@'  CŠ·SyncMan#¬r/Spawn €/@K@/F s@@àord$ú`O@ @@W c,W+Àà +  €gëDummyç\@£@O@A—ë@ @jë@ @#FOÀ#çS@ @@ÓÀÇS@ïB3@ã/C@W@?E»ë".17Š'*aíë`ë&wîËà;9325ÇÇA hëà7àsF—À7EQ@Ïê›ë%06 1 8k1058.›!ˆ  ëH   velocity    1117126656|0@  state @  Running` 	 jab_À#  @'@Àindex   @ @  last_entered_tick à#  
should_exit`7   0 ÀC	next_allowàC@ƒhitàŸ@C@?à_Adash_abil!# v`7 6 	/root/TraiA
 Grounds/World/Players 
 1/Animatorá 
 Gis_p -AN`—À›Acurr!_a`=ion /@·@Ó rƒ _ R`  À/posi@.  ¼»;>@3  Àspeed @  €?@- à%Ó 2 /Aë@W@?  healthÃ d @  À@  
1125515264| 
4204543 @`÷olliderà È à;37311 Ahurtboxà :@Sà7àsAçÀ7sizeà 3086324736|109261619@÷@  s"Wàj` k485990 ß70079 /@7Bs 7@j``3àk77936128à3"' gbced B#@@OA_ãÃ  30|0`ã»@/Idl`ßBCãı·ã· 2ãF·C# i!C´A‹B¯Ã“Ã#A¿   /@C[Àã³B $ ,E3Clæ]¨ C“@g@?D_frame_typ%À@'@@@Er@Âg@/%Çrt%Œ m`/ Écnƒ h@/BkenEªme@ Êàdurd¦  7¼t“VÎd[@7log`…@o N ° @«CG@[@{à«@'@@À«ÃG@/à« Ùà  cinput_complet!Fa ve¿@S@# C à	# 5 '@#AK%.r_#ø@/@“@·@@CG'Aal_la%Â`_AÃ@@£remo ``@{@ @@7advantag!j`À7   Qcul ›d_à &@@ @?@[€ß`Ö`? ; @  mess Ys_sFAto_ Ä@ƒ@Ã@' à'dœÀï@3 Ø 4@3 "à3tot!dÖà3  3à«à’aW@Û@g@Ã@ : 3@ÁïHw"w'' sa `E»Ã#A	B{¬Zd;ãâ {â³ Úâ#B—â³¾Ÿ/İ$ğà 7â³ | tAû@«A@?à#À@@‹@¿ 7 §E‹a @C@@ Rà @7 - è$[ /@O@{@O ÿ  @  '×@@ à@o@  €o@„C rnÏ `@#@W@à+—!Ö`?@{@C – —€@ @@ @@‡@@ @o@À—8g¼¶@ ¬ @“AK@#Cä3@ À#ÛäËáûBû£›Aªs_receiv#nfrom_2âûÂƒAïâKâ@¿Cä@¯@ç@“@?à#@ï@@@„@J[@@ã ¿kw@CBÿ@  V‚SyncMan#är/Spawn €/@K@/FC s@@àords ?@O@ @@W c*»+„à +  €gêãDummyç @S@O@A—(¯ê×@ @ißê×@ @#ç`@ÓÀCÇ@ïAs@?ã/C@W@?Eóê"Ë208554ië1058)» §`ëêËà;*532ÂkA hêËà7àsEÀ7E‰@Ïê_ê%Ë*482€ß18986ÇêWË@Ë11îıîLr      € 
 is_playing   @@  current_animation @ 	 runn 4_r @  À/posi@.  ÍÌL>@  Àspeed @  €?@-   /root/Trai@Z Grounds/World/P ¥ers  2 /@Ë@W@?  health    d @  À@  
1125515264| 
4204543 @`÷olliderà È à;37311 Ahurtboxà :@Sà7às  ?À7sizeà 3086324736|109261619@÷@ @3 iàj` k485990 ß70079 /@7   7@j``3àk77936128 +À3"' gaed B#@@A_velocity@  30|0`  state @@Idl`ßBCjab_ÀAË@@À i m x ;AÏ@ @AŸlast_"˜ered_tick à#@ã
should_exit`7@¯ 0 'ÀCnex"ØllowàC@ƒ!'àŸ@C@?à_AÏdash_abil! v`7 6 â$ã/Acy o#dáã/·C#idleC´@ÇB¯Ã“Ã#A¿@Ã.:@C[Àã³A$ A{ İ¿Å 
 ¨ @«@k@C@«frame_typ"A§@@@A¾@ÂŸ@/"rt!Ø m`/ Úcnƒ l@/BoenAömeàdurdª  7ö(\ÂõĞd_@7log`…@o N À @«AÏ@[@{à« "`@À« : @/à« êà«  'input_complet!B­@ 7 @S@# C à	#B/@#AK%2r_#ü@/@“@·@@B«#al_la%Æ`_AÇ@@£remo ``@{@ @@7advantag!j`À7   Qcul ›d_à &AW w` @@C  'skippäAS@_reas$›àwA‹áÃá3@áÃÓMbX9´áÃ ¬ ADk@@ïáÃ@ À!kâ[à{  (¡+A§ s »ceiv şfrom_2Á{@ËÂ@¯àËâsãKàÃàá[ü©ñÒMbá[ èA[FkÁ?á[B‹@@A4 2á A‹áo úã~@§@³@£¡óãÀ7ã@_„A€? <!#@{  mess#}s_s&Ğ_to_£è@gÁ[B—à'gÄâ— B 4@[ "à[ e t$+gş`gÀ3  3à«à’d{@—@@Ã@ ; 3@oD%“* sb3 †`GÆCAD?^ºI+çâ wã? ûâBËâ¯ /İ$ñà 7ã[| `{ÄÃ@?à#À@¯@‹@¿ÈãD?`û ·Bó@@ Rà @7 - ç#ÃJ@O@{@O ÿ  @  *÷@@ à@o@  €o@ÇcrnÏ `@#@W@à+—!Î`?@{@C – —€@ @@ @@‡@@ @o@À—8g¼¶@å7‹áûBó£—Aªå‹ÂƒAïâKâ@¿ ü 0AC@ç@Ó à#@ï@@@„@Ç·B/$ÛjÛ@CBÿ@'  C‚SyncMan#Ür/Spawn €/@K@/Ic s@Flords ?@O@ @@W c-*ìà +  €gí/Dummyê@@S@O@d“ sí÷@ @K_Ã¯í÷@ @#ê7@ @@ÓÀCÊ7@ïAs@ã/C@W@?Ií"ë224938m1189865 ¨@G`ëíëà;.440CÏ@;A híëà7àsEÀ7E@Kíí%ë 0 İ 6Ë13@Â£Iƒ,Ãbox_size       1086324736|1077936128      is_grounded  @@  velocity@  1117126656|0@  state @  Running` 	 jab_À#  @'@À i y x   @ @  last_entered_tick à#@»
should_exit`7@» 0 'ÀC	next_allowàC@ƒhitàŸ@C@?à_Adash_abil!# v`7 6 	/root/TraiA
 Ga_s/World/Players 
 1/Animatorá 
 G!› p -AN`—À›Acurr!_a`=ion /@·@Ó rƒ _ R`  À/posi@.  Şİ]>@3  Àspe"	  @  €?@- à%Ó 2 /Aë@W@?  healthÃ d @BcÀ@b¯	125515264| 
4204543 /`÷olliderà È à;37311 Ahurtboxà :àsAçÀ7sizeà 3ãW9261619@÷@  s"Wàj` £485990 ß70079 /@7Bs 7@j``3àkã2Ã  g0|0`Wã»@Idl`ßBCãı·ã· 2ãF·C# i!C´A‹B¯Ã“Ã#A¿DÃ®9@C[Àã³D+ $!ïE3«ÿ–m¨ C“@g@?D_frame_typ%À@'@@@Er@ : 7@@/%Çrt%Œ m`/ ûcnƒ h@CËenEªmeàdurd¦  7š™@  Ñd[@7log`…@o N ä @«A@[@{à«@'@@À« ; ;@@/à«dà«  'input_complet!Fa v  Ç@# C à	# 7 '@g   r$back`A sCÀ›G!%¿ s`Ï@_@7@óÀ7A®GázêaDoÁ×@”@D‹lçû©á`A¿%¢r_$l@£@kA+@W@C»'µal_la&6`sÀwAremo Ô`@@ À7advantag!Ş`@@   Qcul!d_à &B@ @#@[S@µ€; = @  mess Ys_sFµto_ Ä@c@Ã@' à'eÀï@3 B 4@3 "à3tot!eJà3  3à«à’aW@c@@Ã@ < 3@oA»âç âW@âçÙÎ÷Sãûa·@âç | ÃA»AGÀ[à#À@AU@‡Æ+E¿`Ã —@C@@ Rà @7 - è$ /@O@{@O ÿ  @  (@@ à@o@  €o@„w rnÏ `@#@W@à+—!–`?@{@C – —€@ @@ @@‡@@ @o@À—8g¼¶@ ¬ @“AK@#BÃäg@ À$äÿáûB»£[Aªs_receiv#.from_2â»âK âKâ@¿CÜ@¯@ç@“âS@ï@@@„@ÄÏ@ã ¿k«@CD›@'  V‚SyncMan#¤r/Spawn €/@K@/Fw s@@àord$ò`O@ @@W c,O+¸à +  €gëDummyçT@£@O@A—ë@ @jë@ @#FGÀ#çK@ @@ÓÀÇK@ïAs@ã/C@W@?E³ê"ÿ2413  |*ÿ 093Æo`ë&oêÿà;86-÷ ä@ƒAhuêÿà7àsFÀ7EI@Kê“ê%ÿ11025Šÿ145200ÄÓêWÿ@ËîàÃ      should_exit      0 @  dash_ability ` 6 /root/Training Grounds/World/Players  1/Animator   ;@[@ 
 is_p - C€{@@  current_a`=ion @ 	 run@x _ R`  À/posi@.  ïîn>@3  Àspeed @  €?@-  à$Ó 2 /@Ë@W@?  health    d @  À@  
1125515264| 
4204543 @`÷olliderà È à;37311 Ahurtboxà :@Sà7àsAçÀ7sizeà 3086324736|109261619@÷@  shiàj` k485990 ß70079 /@7Bs 7@j``3àk77936128à3"' gbced B#@@OA_veloc"Ÿ@  30|0`  state @@Idl`ßBCjab_ÀAË@@À i m x ;AÏ@ @AŸlast_"˜ered_tick à#@ããW@Cnex"ØllowàC@ƒ!'àŸÀóà_AÏã;· 2ãF·C#idleC´AKB¯Ã“Ã#A¿   /@C[Àã³A $ ,  	+÷£ 
 ¨ AË@k@CDcframe_typ"A§@@@A¾@ ; 7@@/"rt!Ø m`/ dnƒ l@BoenAömeàdurdª  7®GázÎd_@7log`…@o N ì @«A@[@{à«@'@@À« < ;@@/à« à«  'input_complet!B­ v  Ã@# C à	#Ã  / r$“back`A sCÀ›  !%Ã s`Ï@_@Ÿ@óÀ7A¢E¶óıÔèaB£ÁÛ@”@ÙÎ÷Sãİ`A¿%¦r_$p@£@kA+@W@C#õal_la&:`sÀwAremo Ô`@@?À7advantag!Şà   Qcul!d_à &¢“`?@[S@µ€? >   mess Ys_s$ _to_ Äàƒ à'eÀï@3 Ø ¸@· "à3tot!eNà3  3à«à’aW@Û@g@Ã@ = 3@ÂcAÃâï â_@âï/İ$ùa¿@âï | ËAÃ@s@Óà#À@A]@‡ : @EË`Ë @C@@ Rà @' - è$› /@O@{@O ÿ  @  (@@ à@o@  €o@ÄƒrnÏ `@#@W@à+—!`?@{@C – —€@ @@ @@‡@@ @o@À—8g¼¶@ ¬ @“AK@#BËäo@ À$åáûBÃ£cAªs_receiv#6from_2âÃBS@SAïâKâ/Cä@¯@çÀ?à#@ï@@@„@Ä×@ã ¿gû@CD£@'  V‚SyncMan#¬r/Spawn €/@K@/Fƒ s@@àord$ú`O@ @@W c*û(à +  €gë#Dummyç`@£@O@A—(ïë@ @H;Å7ë@ @#FOÀ#çW`@ÓÀÇW@ïB3@?ã/C@W@?E»ë"25770‹145200ÁÃ`ë&wëà;517545 ãA hëà7àsF—À7EQ@ÏêŸë%126634k158308Ds@WIÇ)ãK®@j`àkë@ @OC_ë@Ë1117@€56|0@#ã@B¿ RK`GWëıëîsÏ  €î=ÏPlayers/Pla  2          health    d @  position@  
1125515264| 
4204543 @  collider_À8 @à;37311   hurtboxà :à7às à7sizeà 3086324736|109261619@÷@ @3 iàj` £485990 ß70079 /@7   7@j``3àk77936128 +À3is_grounded  @@A_velocity@  0|0`  state @@Idl`ß 	 jab_ÀAË@@À i m x 'AÏ@ @AŸlast_entered_tick à#@ã
should_exit`7@¯ 0 'ÀC	next_allowàC@ƒ!'àŸ@C@?à_AÏdash_abil! v`7 6 /root/Training GaSs/World¢Ûâã/Animatorá 
 G! p#	 C€—À›Acurr!_a`="ø /@·C#idle_ O@B¯À+ÂêA¿@Ã.:@C[Àspe!ù  aß  €?@@s$ A{ í,ó 
 ¨ AË@k@#@«frame_typ"A§@@@A¾@ < 7@@/"rt!Ø m`/ dnƒ l@BoenAöme@ àdur`ò  7ôıÔxé&Ñ`«@7log`…@o N ° @«CK@[@{à«@'@@À« = ;@@/à« ,à  'input_complet!B­ v : @C@# C à	#Ã³AK!~r_#ü@/@“@·@?@B«#al_la"`_@c@@£remo ``@@?@@7advantag!jà   Qcul ›d_à &B@ @?@[€ß`Ö`? ? @  mess Ys_sBto_ Äàƒ à'd Àï@3 Ô ¸@[ "à3tot!dÚà3  3à«à’aW@Û@g@Ã@ > 3@Áï  "w#s sa `CïÃ'A	B{é&1¬ââ {â³â#B—â³Zd;ßOíà 7â³ | tAû@«A@?à#À@@‹@¿ ; §Ea @C@@ Rà @7 - ä#§Fÿ@O@{@O ÿ  @  $'@@ à@o@  €o@ÄGrnÏ `@#@W@à+—!Ö`?@{@C – —€@ @@ @@‡@@ @o@À—8g¼¶@ ¬ @“AK@#Cä3@ À#ÛäË -äBû£›Aªs_receiv#nfrom_2âûB‹@SAïâKàO@â@¿	 `¯@çÀ?à#@ï@@@„@Ä›@ã ¿g¿@óBÿ@'  à‚SyncMan#är/Spawn €/@K@/FG s@@àords ?@O@ @@W c(['Ğà +  €gç/Dummyç$@S@O@A—ç#@ @ç#@ @#ç@ @@ÓÃóÇ@ïAs@ã/C@W@?Eóê"Ï2732711|*Ï*Ø2804 ¨@G`ëêÏà;8834É'A hêÏà7àsEÀ7E‰@‡êcê%Ï142199€ß65387IK@WI‹)§Kr@j`àkêÏ@ @OCCêÏ`K116635135!_0740305Á_ã#@?BË F*W&$`#~êıçêç 1ãÂãÃÃ_b×êçAs fƒJêa‡BËÀ/êë@ A·CwÀÃÏ @&Ã@ã'ÏÆ{@W@?ã&ÏîıŸîŸ086324736|1077936128      is_grounded  @@  velocity@  0|0`  state @@Idle@ 	 jab_À  @@À i m x   @ @  last_entered_tick à#@¯
should_exit`7@¯ 0 'ÀC	next_allowàC@ƒhitàŸ@C@?à_  gdash_abil! `7 6 /root/Training GaSs/World/Players 
 2/Animatorá 
 G! p - C€—À›Acurr!_a`=ion /@·  idle_ O@  À+posi@*A¿DÃ®9@ àspe!ù  aß  €?@@s$ {à¯Í¨ €§@g@@§frame_typ"A£@@@Aº@ = 7@@/"rt!Ô m`/ -dnƒ h@BkenAòmeàdur`î @7²ï§ÆË`§@7log`…@o N ì BsA@[@{à«@'@@À« > ;@@/à« <à«  'input_complet!B© v ; @C@# C à	# : #  rollback`A sCÀ›  !" s`Ï@_@[@óÀ7AÂõ(\êaBŸÁ÷@”@V-²İ`A¿!îr_2 `£@kA+@W@C#ñal_la"~`sÀwAremo Ô`@@?À7advantag!Şà   Qcul!d_à &B@ @?@[S@µ€?@ €  mess Ys_sBıto_ Äàƒ à'_sizeA“@¯@3 Ø @w "à3tot!@9  à3  3à«à’aW@Û@g@Ã@? €ÂcAÃâï =â_@âï}?5^ºIúa¿@âï | ËAÃ@s@Óà#À@A]@ < @EÇ`Ë @C@@ Rà @' - ä#ß 1 /@O@{@O ÿ  @  $_@@ à@o@  €o@„ rnÏ `@#@W@à+—!`?@{@C – —€@ @@ @@‡@@ @o@À—8g¼¶@ ¬ @“AK@#BËäo@ À$åáûBÃ£cAªs_receiv#6from_2âÃBS@SAïâKâ/ #ä@¯@çÀ?à#@ï@@@„@Ä×@ã ¿g÷@CD£@'  à‚SyncMan#¬r/Spawn €/@K@/F s@@àord$ú`O@ @@W c(“(à +  €gçgDummyç\@£@O@A—ç[@ @ç[@ @#FOÅ[çS@ @@ÓÀÇS@ïB3@ã/C@W@?E»health€W d x@AÿÀ@  
1122888358| 
1664394 @`ë&wid&À8 à
;72993É_Ahurtboxà :@Sà
7àsF—À7EQà 3086ê ›9261619C£@  “)§àj` k157763€ß79546Iƒ@7IÃ 7@j``3àkë@ @OA_ë`K 1 ß35135!_ ‰ 9 À·ã#@?BË F*'È`#~ëıë 1ãÂãÃÃ_b×ëAs fƒK"a‡BËÀ/Ã  @Ã.:A·CwÀÃÏ@  &Ã@-  ä‹ëó /D@W@?ã&Ï5515264"o24204543 O@G`÷ãÏà;3731GŸ@;A hãÏà7àsãJÏ485990 ß70079 ßã?ÏÂ'ãÏ  gîÔ×      should_exit      0 @  dash_ability ` 6 /root/Training Grounds/World/Players  2/Animator   ;@[@ 
 is_p - C€{@@  current_a`=ion @  idle_ O@  À+posi@*     /@  Àspeed €€?@@s$    	; ¢“ 
 ¨ @«@k@#@«	frame_type@+€@@tick@ > @@/start_tim`/ =dnƒ l@  'end`@ >àdur`ò  7¼t“VÎ`«@7log`…@o N ì @«A@[@{à«@'@@À« ? ;@@/à« Mà  'input_complet! î!/  < @C@# C à	# ; #  rollback`A sCÀ›  !-" s`Ï@_@[@óÀ7A¬Zd;ßçaB£ÁÛ@”@òÒMbXá`A¿!òr_2 `£@kA+@W@ 	 slocal_la"‚`sÀwAremo Ô`@@?À7advantag!Şà   Qcul!d_à &‚s€?@[S@µ€? A   mess Ys_sCto_ Äàƒ à'_sizeA“@¯@3 Ô @· "à3tot!@9  à3  3à«à’aW@Û@g@Ã@@ €ÂcAÃâï Nâ_@âïV-²ïùa¿@âï | ËAÃ@s@Óà#À@A]@ = @  `Ë @C@@ Rà @' - ä#ã 1 /@O@{@O ÿ  @  $c@@ à@o@  €o@ÄƒrnÏ `@#@W@à+—!`?@{@C – —€@ @@ @@‡@@ @o@À—8g¼¶@ ¬ @“AK@#BËäo@ À$åáûBÃ£cAªs_receiv#6from_2âÃBS@SAïâK OâKâ/	 `¯@çÀ?à#@ï@@@„@Ä×@ã ¿ t#`CD£@'  ‚SyncMan#¬r/Spawn €/@K@/Fƒ s@@àord$ú`O@ @@W c'C t 8A[@ @ + €gçkDummyç`@;@7@A—ç_@ @ç_@ @#FOÅ[çW`@ÓÀÇW@ïB3@?ã/C@W@?E»health€W d wAÿÀ@'  
1123044005| 
1876779 @`ë&wid&À8 à
;942315 Ahurtboxà :@Sà
7àsF—À7EQà 3086324736|109261619C£@  shiàj` k173328`ß200785Ds@7IÇ 7@j``3àk!36128 cÀ3" gi·ed A³@ @A_ve')ó@`K11663513`003 MÁ#ã#@/BËFall'È`#~ jab_ãG@'@À i … x 'B?@ @A·last_'er$Cœ à#@ûêÃ@Cnex*DllowàC@ƒ!?àŸA@ƒà_Açë;# 1ãÂãÃÀ›@ÛÃë#@Ó f ó!ƒK&`ËBËÀ/Ã  DÃ®9@ëCwÀÃÏ@  &Ã@-  ä‹ë÷ /D@W@?ã&Ï5515264|#Ï4204543 O@G`÷ãÏà;3731Ã+A hãÏà7àsAçÀ7Cd@‡cãcã%Ï485990 ß 7#ÑÄ¯Bs"Dr@j`óàkãÏÂ'ãÏ !G0|0`Wã»@×Idl`ßBCãı·ã·îoÛ@Ã.:A«C[ã³B‰¿  ÿµY¨            
   frame_type   @@@tick@ ? @@/start_tim`/ Odnƒ€  'end`àduration 7%•C‹Ì?@W@7log`…@o N °     @#@{à«@'@@À«@ €@/à« ^à«  'input_complet! î`ÿ = @S@# C à	# < #  peer_2 `/@“@·@?@ 	 local_lag  Ö`@@£remo ``@@?@@7advantag!jà   Qcul ›d_à &  @ @?@[€ß`Ö`? B @  mess Ys_sen #o_ Äàƒ à'_sizeA@¯@3 Ô @[ "à3tot!@9  à3  3à«à’aW@Û@g@Ã@ A 3@Áï  "mingsa `  curr`å!àB{øSã¥›Äàâ {â³â#B—â³Õxé&1ìà 7â³ | tAû@«A@?à#À@@‹@¿ > Ÿ@  a @C@@ Rà @' - 
/root/Train ï Grounds/World/Players  1 /@O@{@O ÿ  @  €?@@ à@o@  €o@ $ CÏrnÏ 
 €@W@à+—!Ö`?@{@C – —€@ @@ @@‡@@ @o@À—8g¼¶@ ¬ @“AK@#Cä3@ À#ÛäË _äBû£›Aªs_receiv#nfrom_2âûB‹@SAïâKàO@â@¿ #ä@¯@çÀ?à#@ï@@@„@Ä›@ã ¿ t#J`CBÿ@'  ‚SyncMan#är/Spawn €/@K@/  / s@@àords @“@ @@W c"_ t 8à +  €gâ‡Dummy/Animato€;@O@A—is_p"©"¿@ @  Ã¯ a`<&0 @@ @  À#posi@"  @ @@ÓÀ s$× d @ïAs@ã/C@W@?Eóhealth€W d _@AãÀ@  
1123199652| 
2159959 @`ëollid&?À8 à
;225495 Ahurtboxà :@Sà
7àsEÀ7E‰à 3086324736|109261619C£@Gƒhiàj` k188893€ß29103Ds@7  « 7@j``3àk77936128 +À3" gdÓed A³@ @A_ve'Mity@`K116635135A_4180270 0@ã#@BËFallBt@#~ jab_ãG@@À i … x 'B?@ @A·last_&Ter$Cœ à#@û
should_exit`7@ËÀ›@Cnex"ällowàC@ƒ!?àŸ@C@ƒà_Açdash_abil!/ `7 6 ã·æ?ãÂcÿ@{@ãÃÀ›@ÛÃãÃ@Ó f ó!ƒ _ R`KBËÀ/Ã     /@kCwÀÃÏ€ €g‹-  (ç"B×DË@W@_ã&Ï5515264bo204543 @G`÷ãÏà;3731Ã+A hãÏà7àsAçÀ7Cd@‡cãcã%Ï48$¤ 0 ß7007Ä¯Bs"Dr@j`óàkãÏÂ'ãÏ !G0|0`Wã»@×Idl`ßBCãı·ã· 2ãF·C# i!C´A‹B¯Ã“ã³DÃ®9@C[Àã³BÉ¿ÇUğø!ú ¨ C—@k@CDcé¿Ec@@Ev@Ì@/%ËéÓBoéŸëëX9´Èv¾Ïd_@7é—@»î/ŸA  `»à« nêJ_lî
{Ì3@# ï.>î	ŸÊ'AK)îŸ      @	   local_lag   @ 
 remote€@  @@7advantage à   Qculated_à &  @ @?@[	input_tick€? C @  mess Ys_sen #o_peer_2àg à'_size @¯@› Ô @[ " à[ e t!@9  à3  3à«à’  @g@Û@g@Ã@ B 3@ A @w  timings   `  curr`å!	  şÔxé&1ä?@7  end me odnƒ <Àduration@7…ëQ¸óà 7log_typ 7€o | 7@{@«À?à#À@@‹@7 ? ;@  a @C@@ Rà @' - 
/root/Train ï Grounds/World/Players  1 /@O@{@O ÿ  @  €?@@ à@o@  €o@ $ ArnÏ 
 €@W@à+—!Ö`?@{@C – —€@ @@ @@‡@@ @o@À—8g¼¶@ ¬ @“AK@#Cframea¥à?@star"û!ù@áûBû£›Aªs_receiv#nfrom_2B“@ƒ@“B‹@oâKâ@; #ä@¯@çÀ?à#@[@@@„@ > ã@@ã ¿ t º`CBÿ@  ‚SyncMan#är/Spawn €/@K@/  / s@@àords @“@ @@W c"_ t 8à +  €gâ‡Dummy/Animato€;@O@A{is_p"©"¿@ @  Ã¯ a`<#| @@ @  À#posi@"  @ @@ÓÀ s$× d @ïAs@ã/C@W@?  Ohealth€W d @AÿÀ@  
1123355299| 
2513934 @`ëollid%zÀ8 à;79470 Ahurtboxà :@Sà7àsEÀ7E‰à 3086324736|109261619C£@  shiàj` k2044 ›`ß645006 /@7   7@j``3àk77936128 +À3" gdÓed A³@ @A_ve'Mity@`K11663 â 5@630412Dó@ã#@BËFallBt@#~ jab_ãG@@À i … x 'B?@ @A·last_&Ter$Cœ à#@û
should_exit`7@ËÁ¿@Cnex"ällowàC@ƒ!?àŸ@C@ƒà_Açdash_abil!/ `7A›ã·æ?ãÂcÿ@{@ãÃÀ›@ÛÃãÃ@Ó f ó!ƒ _ R`KBËÀ/Ã  @Ã.:@kCwÀÃÏ@  &Ã@- à%ÓB×DË@W@?  ?ã"Ï5515"èBo 4"û543 ?@G`÷ãÏà;3731Â«A hãÏà7àsAçÀ7Cd@‡cãcã%Ï485990 ß70079 ßBs"Dr@j`óàkãÏÂ'ãÏ  g0|0`Wã»@×Idl`ßBCãı·ã· 2ãF·C# i!C´A‹B¯Ã“ã³   /@C[Àã³BÉ¿Y‹hÓ 7 ¨ C—@k@CDcé¿Ec@@Ev@ A 7@@/%ËéÓBoëë¼t“VÎd_@7é—@» ° x@«GÀ{à«@'@@À«Ê+à« ì{J_l_comple.#@B`ÿÌ3@# ï à	#Ê'AK)MÚ`/@“@·@“@CK'Q-—îyŸ D¡Çî³ŸD      C      B     timings    @  current_tick +‡ÙÎ÷ã?@  end me €dnƒ€;@duration@7'1¬Zòà 7log_typ 7€o | 7@{  À[à#À@@‹@7@ €  input @C@@ Rà @7 - 
/root/Train ï Grounds/World/Players  1 /@O@{@O ÿ  @  €?@@ à@o@  €o@ $ ArnÏ 
 €@W@à+— 2 C@?@{@C – —€@ @@ @@‡@@ @o@À—8g¼¶@ ¬ @SAK@# 
 framea¥à?@starB m` áû  ;remot <"6s_received_from_2   @“B‹@oB/âKâ@;	 `¯@çÀ?à#@[@@@„@ ? s@@ã ¿ t º`CBÿ@  ‚SyncManager/Spawn €/@K@/  / s@@àords AC@ @@W c"_ t 8à +  €gâ‡Dummy/Animato€;@O@A{is_p"©"¿@ @  Ã¯ a`<#| @@ @  À#posi@"  @ @@ÓÀspeed @ïAs@ã/C@W@?  Ohealth€W d @AÿÀ@  
1123510946| 
2938704 @`ëolliderà È à	;3004240 Ahurtboxà :@Sà	7àsEÀ7sizeà 308632473 §09261619C£@  shiàj` k220022 7@£69776 /@7   7@j``3àk77936128 +À3" gdÓed A³@ @A_velocity@`K1166!a35@842797À·  8Ã#@/BËFallBt@#~ jab_À#Bß@@À i … x 'B?@ @A·last_&Ter$Cœ à#@û
should_exit`7@ËÁ¿@Cnex"ällowàC@ƒ!?àŸ@C@ƒà_Açdash_abil!/ `7A›ã·æ?ãÂáãÃÀ›@ÛÃãÃ@Ó f ó!ƒ _ R`“BËÀ/Ã?  DÃ®9@ëCwÀÃÏ@  &Ã@- à%ÓBAë@W@?ã&Ï5515264Bo4204543 @G`÷ãÏà;3731GŸ@;A hãÏà7àsAçÀ7Cd@Kcãcã%Ï485990 ß70079 ßBs"Dr@j`·àkãÏÂ'ãÏ  g0|0`Wã»@×Idl`ßBCãı·ã· 2ãF·C# i!C´A‹B¯Ã“ã³@Ã.:@C[Àã³B‰¿  =0†?¨ C“@g@?D_é»@+@@Er@Ëÿ@/%ÇéÏBké›ëçl!d[@7é“@· ° x@«G@‹@{à«@'@@À«Ê'@/à« ìwJ[l_compleªƒ`ÿÌ/@# C à	#Ê#AK(şr_$ğ@/@“@·@“@CG'Mal_la)†`_ Ú`@£ rŠÿ`@@?À7advant*\ /à   Qcul ›d_à &CÛ@ @?@[€ßA€? E @  mess Ys_s'`_to_ ÄàgKŸà'dœÀï@3 Ô ¸@[ "à[ e t!dÖà3  3à«à’aW@Û@g@Ã@ D 3@ÁïHw,e&òî›9´Èv¾Ÿââ {â³ ‘â#B—â³˜nƒÀÊñà 7â³î+› A ÇA7E‹a B?@Û@!Và @'ç'‡Fû@OÁ?.®î›ào             $   	g¼¶ 
 €  @' - /root/Training Grounds/World/Players  2 /@?  @O ÿ  @@ @@ à@‡À@o@À— 8 — ¬ 4@S  @# 
 	frame_typeà?@start_tim` ‘dnƒ X@;  ;remot <icks_received_from_2  *`“ D @3  end 0meàO@log`‰@Ç@;	 `¯@çÀ?à#@'@@@„@@ €@ã ¿ t º`C  @'  ‡SyncManager/Spawn €/@K@/  / s@@àords AC@ @@W c!Ç t 8à +  €gáïDummy/Animato€;@O@A{is_p""'@ @  current_a`<ion @@ @  À#posi@"  @ @@ÓÀspeed @ïAs@â'« 1 ?@û@W@?  health€W d @AãÀ@  
1123666593|@
434269 @`ëolliderà È à;99805 Ahurtboxà :@Sà7às  ?À7sizeà 3086324736|109261619C£@ @3 iàj` k235587€ß56534A/@7 à7@j``3àk77936128 +À3" gd;ed A³@ @A_velocity@`K116635135!_30551823 0@ã#@BËFallBt@#~ jab_ãG@@À i … x 'B?@ @A·last_"¤er$Cœ à#@û
should_exit`7@Ë 0 'ÀCnex"ällowàC@ƒ!wàŸ@C@?à_Açdash_abil!/ v`7 6 ã·å§ 1ãÂc@{@ãÃÀ›AÃãÃ@Ó f ó!ƒ _ R`KBËÀ/Ã?     /@kCwÀÃÏ€€?@-  (æ*{@W@?ã&Ï"c5264"o2420454Âo`÷ãÏà;3731Ã+A hãÏà7àsAçÀ7Cd@Ïcãcã%Ï485990 ß7007Ä¯Bs"Dr@ja;àkãÏÂ'ãÏ !Ç0|0`Wã»@×Idl`ßBCãı·ã· 2ãF·C# i!C´A‹B¯Ã“ã³DÃ®9@C[Àã³B‰¿  íbw'¨ Gc@g@?D_é»@+@@Er@ C 7@@/%ÇéÏBké›durhj  ™ÁÊ¡E¶óÍd[@7é“@· ì x@«AÀ{à«@'@@À«Ê'à« ¡ê{J[input_compleªƒ`ÿ A ï@# ï à	#Ê#   r$backf£)Ü ºà ›G*«%Š s`Ï@@¯@óÀ7Açû©ñÒMîaDoÁ×@×@V-²á`A¿)rr_(<@£AA+@W@C»'Áal_la)ú`sÀwA«s`@@?À7advant*Ğ 7À   Qcul!d_à &DO@ @?@[S@µ€[ F @  mess Ys_s'Ô_to_ ÄàƒLà'eÀï@3 Ô œ@[ "à[ e t!eJà3  3à«à’aW@Û@g@Ã@ E 3@ÂcAÃâï ¢â_@âï f`  şa¿@âï | ËAÃ@s@Óà#À@A]@‡ B @EÇ`Ë @C@@ Rà @'ç'ÃG7@O@{@O.>®?€?@@ @@ @@o@@ @o@„îÙ× £áûBÃ£cAªî×   E       end_time  £dnƒàlog_typ     /	     À?à#@'@@tick@ A +  state @C  @'  /root/SyncManager/Spawn €/@K@/  / s@_records @O@ @@Wcount 8à +  €g
Training Gr 'ds/World/Dummy/Animato€;@O@ 
 ;is_play 7  a@ @  current_a`<ion @@ @  À#posi@"  @ @@ÓÀspeed @ïAs@ - à» P ™ers  1 /@û@W@?  health€W d @AÿÀ@  
1123822240|@
970288 @`ëolliderà È à	;4035824 Ahurtboxà :@Sà	7às  ?À7sizeà 3086324736|1092616192 +@  hiàj` k251152`ß4087416 /@7   7@j``3àk7793612Á@3" gbKed A³@ @OA_velocity@`K116635135!_3176545À·ã#@/BËFallBt@#~ jab_ãG@@À i … x 'B?@ @A·last_"¤ereCğck à#@Ç
should_exit`7@Ë 0 'ÀCnex"ällowàC@ƒ!?àŸ@C@?à_Açdash_abil!/ v`7A›â$ûãÂc@{@ãÃÀ›AÃãÃ@Ó f ó!ƒ _ R`KBËÀ/Ã?  @Ã.:@kCwÀÃÏ@  €?@- à%ÓBã2Ï55"î64"o24204543 @‡`÷ãÏà;3731D[@;A hãÏà7àsAçÀ7Cd@Kcãcã%Ï485990 ß70079 ßBs"Dr@j`·àkãÏÂ'ãÏ  g0|0`Wã»@×Idl`ßBCãı·ã· 2ãF·Fó i!C´A‹B¯Ã“ã³   /@ã³B $ ,E3~~=v¨ C“@g@?D_framei1€'@+@@Er@ D 7@@/%Çrti}@+é	é›durhj  7h‘í|?5Îd[B£é“@· ì x@«AÀ{à«@'@@À« Eà« ²ê+  'input_complet!Fa v B @S@# ï à	# A #   r$back`A)Ü@CÀ›G*«%Š s`Ï@@[@óÀ7A—nƒÀîaDoÁ÷@”@²ï§ÆKß`A¿)rr_%d@£@kA+@W@C»'Áal_la)ú`sÀwAÃremo Ô`@@?À7advant*Ğ 7À   Qcul!d_à &DO@ @?@[S@µ€[ G @  mess Ys_s'Ô_to_ Äàƒ à'eÀï@3 Ô œ@[ "à3tot!eJà3  3à«à’aW@Û@g@Ã@ F 3@ÂcAÃâï ³â_@âïmçû©ñÒıa¿@âï | ËAÃ@s@Óà#À@A]@‡ C @EÇ`Ë @C@@ Rà @'ç'ÃG7@O@{@O ÿ  @  (@@ €€@oÀ@o@„ g¼¶ &`@#@W@@'à'—!`?@{@C – —€@ @@ @@‡@@ @o@À— 8 — ¬ @“AK@#BËäo@ À$å ´áûBÃ£cAª sMöeiv#6from_2âÃBS@SAïâKàO@â/Cä@¯@çÀ?à#@ï@@@„@Ä×@ã ¿î¡×      @
   is_playing   @ @  current_animation @@ @  À#posi@"  @ @  Àspeed   @g@ - 
/root/Train ƒ Grounds/World/P ™ers  1 /  @W@?  health€W d @  À@  
1123977887| 
4204543 @`ëolliderà È à;3731@‹@;Ahurtboxà :@à7às  _À7sizeà 3086324736|1092616192 +@  hiàj` k266716 ß70079 /@7   7@j``3àk77936128 +À3" gaed A³@@A_velocity@@Ë1116635135|0@  Gstate @  Fall!ä` 	 jab_À#A×@'@À i y x 'B3@ @A«last_"˜ered_tick à#@ï
should_exit`7@» 0 'ÀCnex"ØllowàC@ƒ!3àŸ@C@?à_Adash_abil!# v`7 6 â$ï/Acyoráã·À›AÃsã·@Ó f ó!ƒ _ R`“B¿À/Ã3  DÃ®9@ëCkÀÃÃ@  €?@- à%ÓBËAë@W@?ã&Ã5515264ã,Ãà;ã"Ãà7ãVÃ485990 ßãcÃAÓ0|0a“ã»A§Idld£BCãı·ã· 2ãF·C# i!C´A‹ã³@Ã.:@C[ã³D+$ E3 €gq† 
 ¨ C—@k@CDcframe_typ%ÄE_@@@Ev@ E 7@@/%Ërt% m`/ ´dnƒ€F3enE®meàdurhb  7ÁÊ¡E¶óÍd_@7log`…@o N ì @«AÀ{à«@'@@À« F ;@à« Âà«  'input_complet!Fe v C @C@# ï à	# B #   r(Wback`As `CÀ›G!% s`Ï@_@[@óÀ7A°rh‘í|çaF[ÁÛ@”@/İ$İ`A¿)jr_%h@£@kA+@W@C¿'¹al_la)ò`sÀwAremo Ô`@@?À7advantag!Şà   Qcul!d_à &DS@ @?@[S@µ€? H @  mess Ys_s'Ø_to_ Äàƒ à'hØÀï@3 Ô ¸@[ "à3tot!ià3  3à«à’aW@Û@g@Ã@ G 3@ÂcAÃâï Ãâ_@âï#Ûù~j¼øa¿@âï | ËAÃ@s@Óà#À@A]@‡ D @EË`Ë @C@@ Rà @'ç'ÇJÿ@O@{@O ÿ  @  (@@ €€@oÀ@o@Äƒg¼¶ &`@#@W@@'à'—!`?@{@C – —€@ @@ @@‡@@ @o@À— 8 — ¬ @“AK@#BËäo@ À$åáûBÃ£cAªs_receiv#6from_2âÃBS@SAïâKâ/Cä@¯@çÀ?à#@ï@@@„@Ä×@ã ¿k·@CD£@'  VŠ»SyncMan#¬r/Spawn €/@K@/Fƒ s@@àord$ú`O@ @@W c-ë+Äà +  €gîDummyç`@£@O@A—,³îßÏ 4-´*- |î%Ï   
1124107599|@
	237311      hurtbox_position@  @,à704543 @  À7size@`3086324736|1092616192 +@  hiàj``712283100 7 1 £70079 /@7   7@j``3àk77936128 +À3is_grounded  @@  velocity@@Ë1117126656|0@  #state @  Running` 	 jab_À#  @'@À i y x   @ @  last_entered_tick à#@ï
should_exit`7@» 0 'ÀC	next_allowàC@ƒ!3àŸ@C@?à_Adash_abil!# v`7 6 	/root/TraiA
 Ga_s/World/Players 
 1/Animatorá 
 G!› p -AN`—À›Acurr!_a`=" /@·@Ó rƒ _ R`B¿À/Â¿  @ @3  Àspe"	  €€?@- à%ÓBËAë@W@?  ?healthÃ d @BcÀ@b¯125515264‚ããO`÷olliderà È Kà;ã"ÃàsAç h£ûCXà §ãWã%Ã48$e 0 ßãcÃ !+0|0a{ã»@×Idl`ßBCãı·ã· 2ãF·C# i!C´A‹ã³DÃ®9@C[ã³D+ $!ï  	½#Ğ 
 ¤ C—@k@CDcframe_typ%ÄE_@@@Ev@ F 7@@/%Ërt% m`/ Ãdnƒ l@CÏenE®me@ ÄàdurdªB‡  €>À3log`@k J ° @§G@#@wà§@'@@À§ G ;@@/à§ Óà‹  'input_complet! Fa v D @C@# C à	# C #AG%.r_$ğ@/@“@·@?@CG'Aal_la%Â`_@c@@£remo ``@@?@@7advantag!fà   Qcul ›d_à &S€?@[€ß`Ö`? I   mess Ys_sFAto_ Äàƒ à'eÀï@3 Ô ¸@· "à3tot!EA  à3  3à«à’aW@Û@g@Ã@ H 3@ÁïHw"s'' sa `E»Ã#A	  j¼t“âf×â¯â#@â¯ ¶óıÔxéîà 7â³ | tAû@«A@?à#À@@‹@¿ E §E‹a @C@@ Rà @7 - è$[ /@O@{@O ÿ  @  '×@@ €€@oÀ@o@ÄCg¼¶ &`@#@W@@'à'—!Ö`?@{@C – —€@ @@ @@‡@@ @o@À— 8 — ¬ @“AK@#Cä3@ À#ÛäÇ ÔäBû£›Aªs_receiv#nfrom_2âûB‹@SAïäûàO@â@¿Cä@¯@çÀ?à#@ï@@@„@Ä›@ã ¿kw@CBÿ@'  V‚SyncMan#är/Spawn €/@K@/FC s@@àords ?@O@ @@W c,+„à +  €gêãDummyç @S@O@A—ê×@ @ißê×@ @#ç@ @@ÓÀCÊË@ïAs@â'«ÃC@W@?Eóê"Ë418951®Sê&Ëà;ê"Ëà7àsE hêEË299484î·   	   jab_index    @     last_entered_tick à#  
should_exit`7   0 ÀC	next_allowàC@ƒhit_state 7  @C@?à_  +dash_ability `7 6 /root/Training Grounds/World/Players 
 1/Animator€@{@ 
 Gis_p - C€—À›Acurr!_a`=ion /@7@Órun@x _ R`  À/posi@.  ‰ˆˆ<@3  Àspeed @  €?@- à%Ó 2 /AK@W@?  healthÃ d @  À@  
1125515264| 
4204543 @`÷olliderà È à;37311 Ahurtboxà :@Sà7àsAçÀ7sizeà 3086324736|109261619@÷@  s"Wàj` k485990 ß70079 /@7Bs 7@j``3àk77936128à3"' gbced B#@@OA_veloc"Ÿ@  30|0`  Â÷@@Idl`ßBCC›ÀAË@@Àã÷· 2ãF·C#idleC´AgB¯Ã“Ã#A¿   /@C[Àã³B $ ,  	Ÿ†» 
 ¨ AË@k@CDcframe_typ% E_@@@Ev@ G 7@@/"rt% m`/ Ôdnƒ l@BoenE®meàdurdª  7Å °rh‘Íd_@7log`…@o N ° @«CK@[@{à«@'@@À« H ;@@/à« äà«  'input_complet!Fe v E @C@# C à	# D #AK%2r_#ü@/@“@·@?@C/#al_la%Æ`_@c@@£remo ``@@?@@7advantag!jà   Qcul ›d_à &¢`?@[€ß`Ö`? J   mess Ys_sFEto_ Äàƒ à'd Àï@3 Ô ¸@· "à3tot!dÚà3  3à«à’aW@Û@g@Ã@ I 3@Áï  "w'+ sa `E¿Ã'A	B{X9´Èvââ {â³ åâ#B—â³•C‹lçïà 7â³ | tAû@«A@?à#À@@‹@¿ F §Ea @C@@ Rà @7 - è$_ /@O@{@O ÿ  @  'Û@@ €€@oÀ@o@ÄGg¼¶ &`@#@W@@'à'—!Ö`?@{@C – —€@ @@ @@‡@@ @o@À— 8 — ¬ @“AK@#Cä3@ À#ÛäËáûBû£›Aªs_receiv#nfrom_2âûB‹@SAïâKâ@¿ ü 0@¯@çÀ?à#@ï@@@„@Ä›@ã ¿ê ·Bÿ@'  à‚SyncMan#är/Spawn €s@K@/FG s@@àords ?@“@ @@W c*¿+ˆà +  €gêçDummyç$@S@O@A—(³êÛ@ @iãêÛ@ @#ç`@ÓÀCÇ@ïAs@?â'«ÃC@W@?Eóê"Ï)ä1439|ê+Ïà;ê"Ïà7êVÏ315868+`vêbÏEÛ1117126656|0A›ã@B¿ R`GWêıÛêÛîX“      current_position   ‰ˆ=   Àspeed @  €?@-   /root/Training Grounds/World/Players  2 /  @W@?  health    d @  À@  
1125515264| 
4204543 @  colliderà È @à;37311 Ahurtboxà :à7às  ?À7sizeà 3086324736|109261619@÷@ @3 iàj` £485990 ß70079 /@7   7@j``3àk77936128 +À3is_gaed  @@A_velocity@  0|0`  state @@Idl`ß 	 jab_ÀAË@@À i m x 'AÏ@ @AŸlast_"hered_tick à#@ã
should_exit`7@¯ 0 'ÀC	next_allowàC@ƒ!'àŸ@C@?à_AÏdash_abil! v`7 6 â$ã/Animatorá 
 G! p##'€—À›AÃg a`=#ˆ /@·C#idle_ O@B¯À+Ã#A¿@Ã.:@C[Àã³@s$ {]ğ»?¨ AÇ@g@?@§frame_typ"A£@@@Aº@ H 7@@/"rt!Ô m`/ ådnƒ h@BkenAòmeàdur`î  7q=
×£pÍd[@7log`…@o N ì @«A@[@{à«@'@@À« I ;@@/à« ôà«  'input_complet!B© v F @C@# C à	# E #   r$back`A sCÀ›  !" s`Ï@_@[@óÀ7AÍÌ@  èaBŸÁ×@”@˜nƒÀÊá`A¿%¢r_$l@£@kA+@W@C#ñal_la"~`sÀwAremo Ô`@@?À7advantage 7À   Qcul!d_à &B@ @?@[S@µ€[ K @  mess Ys_s$_to_ Äàƒ à'eÀï@3 Ô œ@[ "à3tot!eJà3  3à«à’aW@Û@g@Ã@ J 3@ÂcAÃâï õâ_@âïö(\Âõúa¿@âï | ËAÃ@s@Óà#À@A]@‡ G @EÇ`Ë @C@@ Rà @' - ä#ßG7@O@{@O ÿ  @  (@@ €€@oÀ@o@„ g¼¶ &`@#@W@@'à'—!`?@{@C – —€@ @@ @@‡@@ @o@À— 8 — ¬ @“AK@#BËäo@ À$åáûBÃ£cAªs_receiv#6from_2âÃBS@SAïâKâ/Cä@¯@çÀ?à#@ï@@@„@Ä×@ã ¿g÷@CD£@'  V‚SyncMan#¬r/Spawn €/@K@/F s@@àord$ú`O@ @@W c*#(à +  €gêKDummyç\@£@O@A—ç[@ @ç[@ @#FOÅ[çS@ @@ÓÀÇS@ïB3@â'«ÃC@W@?E»ë"4353359|ë+à;ë"à7ëV3322+è€ßëcGc1117126656|0A›ã@B¿RunLì`GWëıë 1ã¶ã·ÃSã·As rƒKa‡ãÃÎÌLîıËîË4543       hurtbox_size@  1086324736|1092616192 @  hi`2position``7	124859904|@
270079 /@7   7@j``3àk77936128 +À3is_grounded  @@  velocity@  0|0`  state @@Idl`ß 	 jab_À  @@À i m x   @ @  last_entered_tick à#@ã
should_exit`7@¯ 0 'ÀC	next_allowàC@ƒ!'àŸ@C@?à_AÏdash_abil! v`7 6 /root/Training GaSs/World/Players 
 2/Animatorá 
 G! p - C€—À›Acurr!_a`=B€  idle_ O@Ç  À+ÂDA¿DÃ®9@ àspe!ù  aß  €?@@s$ A{ I·åƒ 
 ¨ AË@k@#@«frame_typ"A§@@@A¾@ I 7@@/"rt!Øme@+ õdnƒ l@BoenAöme@ öàdur`ò  7´Èv¾ŸÏ`«@7log`…@o N ì @«A@[@{à«@'@@À« J ;@@/à«eà«  'input_complet!B­ v G @C@# C à	# F #  rollback`A sAà›  !" s`Ï@@[@óÀ7AD‹lçû©éaB£Áû@”@ÙÎ÷Sãá`A¿!òr_$p@£AA+@W@C#õal_la"‚`sÀwAremo Ô`@@?À7advantag!Şà   Qcul!d_à &B“@ @?@[S@µ€? L @  mess Ys_sCto_ Äàƒ à'eÀï@3 Ô ¸@[ "à3tot!eNà3  3à«à’aW@Û@g@Ã@ K 3@ÂcAÃ eâïenãâï˜nƒÀÊûa¿@7âï | ËAÃ@s@Óà#À@A]@‡ H @EË`Ë @C@@ Rà @' - ä#ã 1 /@O@{@O ÿ  @  $c@@ €€@oÀ@o@Äƒg¼¶ &`@#@W@@'à'—!`?@{@C – —€@ @@ @@‡@@ @o@À— 8 — ¬ @“AK@#BËäo@ À$åáûBÃ£cAªs_receiv#6from_2âÃBS@SAï eâKeâKâ/Cä@¯@çÀ?à#@ï@@@„@Ä×@ã ¿gû@CD£@'  V‚SyncMan#¬r/Spawn €/@K@/Fƒ s@@àord$ú`O@ @@W c(—(à +  €gçkDummyç`@£@O@A—ç_@ @ç_@ @#FOÅ[çW@ @@ÓÀÇW@ïB3@â'«ÃC@W@?E»health€W d x@AÿÀ@i÷	124435279|@
20454Ê—`ë&wid&À8 Kà;3731@‹@[A hªÓÀ:@à7àsF—À7EQà 3êŸë%34+F 6+C êëd@Ë1117126656|0@Ëã@B¿RunJ`GWëıë 1ã¶ã·ÃSbËëAs rƒKa‡B¿À/Â¿  ‰ˆˆ=A·CkÀÃÃ@  &·@- äëë /Dƒ@W@?ã&Ã551526­ïãO`÷ãÃà;ã"Ãà7àsB÷ãFÃîÉÏ         last_entered_tick   @ @#  
should_exit`   0 @@C	next_allowàC 	 +hit_state   @C@?à_  +dash_ability `7 6 /root/Training Grounds/World/Players 
 2/Animator€@{@ 
 Gis_p - C€—À›@Ûcurr!_a`=ion /@7  idle_ O@  À+posi@*     /@  Àspeed €€?@@s$ A{ ‡Îš 
 ¨ A+@k@#@«frame_typ!HA§@@@A¾@ J 7@@/!srt!Ø m`/ enƒ l@  'enAömeàdur`ò  7R¸…ëQĞ`«@7log`…@o N ì @«  @[@{à«@'@@À« Kà/à«eà«  'input_complet!B­ v H @S@# C à	# G #  rollback`A sCÀ›  !" s`Ï@_@[@óÀ7Aq=
×£påaB£ÁÛ@”@?5^ºIâ`A¿!òr_2 `£@kA+@W@Clocal_la"‚`sÀwAGremo Ô`@@?À7advantag!Şà   Qcul!d_à &‚s€?@[S@µ€? M   mess Ys_sCto_ Äàƒ à'_sizeA“@¯@3 Ô @· "à3tot!@9  à3  3à«à’aW@Û@g@Ã@ L 3@ÂcAÃ eâïenãâï\Âõ(\ùa¿@7âï | ËAÃ@s@Óà#À@A]@‡ I @  `Ë @C@@ Rà @' - ä#ã 1 /@O@{@O ÿ  @  $c@@ €€@oÀ@o@Äƒg¼¶ &`@#@W@@'à'—!`?@{@C – —€@ @@ @@‡@@ @o@À— 8 — ¬ @“AK@#BËäo@ À$åáûBÃ£cAªs_receiv#6from_2âÃBS@SAï eâKâ/Cä@¯@çÀ?à#@ï@@@„@Ä×@ã ¿ç ;D£@'  V‚SyncMan#¬r/Spawn €s@K@/Fƒ s@@àord$ú`“@ @@W c'C(à +  €gçkDummyç`@ç@O@A—ç_@ @ç_@ @#FOÅ[çW`@ÓÀÇW@ïB3@?â'«ÃC@W@?E»health€W d wAÿÀ@'  
1124517199|@
204543 @`ë&wid&À8 à;3731@‹@;Ahurtboxà :@à7àsF—À7EQà 3086324736|109261619C£@  “)«àj` k365020 7 ê270079 /  IÇ 7@j``3àk77936128 /À3" gi·ed A³@@A_ve')ó@@Ë11!\26656|0@ã@B¿RunJ`GWjabêw@'@À i y x B3@ @A«ëß 1ã¶ã·Á›AÃsëAW rƒKaOB¿À/Âú  «ªª=AoCkÀÃÃ@  &·@-  äëë /Dƒ@W@?ã&Ã5515264‚ããO`÷ãÃà;ã"Ãà7àsB÷ h£ûCX@ÏãWã%Ã485990 ßãcÃ !—0|0a“ã»@×Idl`ßBCãı·ã·î4Ïnt_animation      idle_r€  current_posi@*  @Ã.:@/  à speed @  €?@   $   	t½^• 
 ¨   @k@# 
 	frame_type@+€@@tick@ K @@/start_tim`/ enƒ l@  'end`@eàdur`ò  7V-²Í`«@7log`…@o N ì @«A@[@{à«@'@@À« L ;@@/à« &à  'input_complet! î!/  I @C@# C à	# H #  rollback`A sCÀ›  !-ings`Ï@_@[@óÀ7A¨ÆK7‰Aèa  3Áû@”@B`åĞ"Ûá`A¿!òr_2 `£@kA+@W@ 	 ?local_lag @s@@Aremo Ô`@@?@@7advantage 7À   Qcul!d_à &‚s€?@[S@µ€[ N   mess Ys_sBÕto_ Äàƒ à'_sizeA“@“@3 Ô @· "à3tot!@9  à3  3à«à’aW@Û@g@Ã@ M 3@ÂcAÃ eâï'enãâï¤p=
×£úa¿@7âï | ËAÃ@s@Óà#À@A]@‡ J @  `Ë @C@@ Rà @' - 
/root/Train"“ Grounds/World/Players  1 /@O@{@O ÿ  @  $c@@ €€@oÀ@o@Äƒg¼¶ &`@#@W@@'à'—!`?@{@C – —€@ @@ @@‡@@ @o@À— 8 — ¬ @“AK@#BËäo@ À$åáûBÃ£cAªs_receiv#6from_2âÃBS@SAï eâKâ/C¬@¯@çÀ?à#@ï@@@„@Ä×@ã ¿te F@CD£@'  ‚SyncMan#¬r/Spawn €/@K@/Fƒ s@@àord$ú`O@ @@W c"_ t 8@g@ @ + €gâ‡Dummy/AnG" o€;@7@A—is_p"©"¿Ë@ @  Å7ç_@ @#FOÀ#çW@ @@ÓÀÇW@ïB3@â'«ÃC@W@?E»health€W d x@AÿÀ@  
1124599119|@
204543 @`ë&wid&À8 à;3731@‹@;Ahurtboxà :@à7àsF—À7EQà 3086324736|109261619C£@  “hiàj` k381404 7 ê270079 /@7   7@j``3àk77936128 +À3" gdÓed A³@@A_ve'ity@@Ë1117126656|0@ã@B¿RunE(`Gjab_ã;@'@À i y x B3@ @A«last_&öer$C à#@ï
should_exit`7@» 0 'ÀCnex"ØllowàC@ƒ!3àŸ@C@?à_Adash_abil!# v`7 6 ã«æ3ã¶có@{@ã·À›AÃsã·@Ó rƒK`KB¿À/Âú  ÍÌÌ=@kCkÀÃÃ@  &·@- à%ÓBËD¿@W@?ã&Ã5515264‚ããO`÷ãÃà;ã"Ãà7àsAç h£ûCX@ÏãWã%Ã48$¤ 0 ßãcÃ !Ç0|0a“ã»@×Idl`ßBCãı·ã· 2ãF·C#îÏDÃ®9A«C[ã³D+É³£;Íõ!ú  î/Ï L ;@sD“%ËéÇF3é“(enëßœÄ °rhÑd_@7é‹@»îÏ   
   frame_type        tick@ M @/start_tim`/ 7enƒ 4@3  'input_complet X B`W J À# C à	# I #  rollback`A sà›   ings  @£@[  À7  ›Ãõ(\Âé?@  curren@½€´Èv¾Ÿë`  peer_2 `Ç Ò`[@;@ 	 local_lag @s@@Aremo Ô`@@?@@7advantage 7À   Qcul!d_à &  @ @?@[S@µ€[ O @  mess Ys_s`Ùo_ Äàƒ à'_sizeA·@“@3 Ô @[ "à3tot!@9  à3  3à«à’aW@Û@g@Ã@ N 3@ÂcAÃend ímeB_9enâ _@durationAßZd;ßO @@¯@logbÉ@O Æ | B@sà#À@A]@7 K 7@  `Ë @C@@ Rà @' - 
/root/Train"“ Grounds/World/Players  1 /@O@{@O ÿ  @  €?@@ €€@oÀ@o@ $` g¼¶ 
`@#@W@@'à'—!`?@{@C – —€@ @@ @@‡@@ @o@À— 8 — ¬ @“AK@#BËäo@ À$ä[áûBÃ£cAªs_receiv#6from_2âÃBS@SB eâKâ/C¬@¯@çÀ?à#@ï@@@„@Ä×@ã ¿ t#`CD£@'  ‚SyncMan#¬r/Spawn €/@K@/  / s@@àord$ú`O@ @@W c"_ t 8@«@ @ + €gâ‡Dummy/Animato€;@7@A—is_p"©"¿Ë@ @  Å7 a`<#| @@ @  À#posi@"  @ @@ÓÀ s$Ÿ d @ïB3@â'«ÃC@W@?E»health€W d _@AÿÀ@  
1124681039|@
204543 @`ë&wid&À8 à;3731@‹@;Ahurtboxà :@à7àsF—À7EQà 3086324736|109261619C£@  “hiàj` k397788 7 ê270079 /@7   7@j``3àk77936128 +À3" gdÓed A³@@A_ve'ity@@Ë1117126656|0@ã@B¿RunE(`Gjab_ã;@'@À i y x B3@ @A«last_&öer$C à#@ï
should_exit`7@» 0 'ÀCnex"ØllowàC@ƒ!3àŸ@C@?à_Adash_abil!# v`7 6 ã«æ3ã¶có@{@ã·À›AÃsã·@Ó rƒ _ R`KB¿À/Âú  ïîî=@kCkÀÃÃ@  &·@-  à$ÓBËD¿@W@?ã&Ã5515264‚ããO`÷ãÃà;ã"Ãà7àsAç h£ûCX@ÏãWã%Ã485990 ßãcÃ !Ç0|0a“ã»@×Idl`ßBCãı·ã· 2ãF·C# i!C´A‹ã³   /@C[ã³D+É³.,©ü 7 ¨ C—@k@CDcé³Ec@@Ev@Ë¿@/%ËéÇF3é“ëßyé&1¬Ìd_@7é‹@» ° x@«G@‹@{à«@'@@À« N ã@@/à«Henì oJSlî
«Ì'@# C-úî	ÏÊAK(öî…[   
   input_tick     P     messages_sen #o_peer_2`'  @'  à'_size @+@[ Ô @3 " à3total`9  à3  3à«à’  @g  #@g@Ã@ O  N @w  timings   `  curr`å!	  ®Gáz®ß?@7  end me Henƒ <Àduration@7ªñÒMbìà 7log_typ 7€o | 7@{@«À?à#À@@‹@7 L ;@  a @C@@ Rà @' - 
/root/Train ï Grounds/World/Players  1 /@O@{@O ÿ  @  €?@@ €€@oÀ@o@ $` g¼¶ 
`@#@W@@'à'—!Ö`?@{@C – —€@ @@ @@‡@@ @o@À— 8 — ¬ @“AK@#Cframea¥à?@star"û!ù@ IáûBûremot <"6s_received_from_2B“@ƒ@“B‹@oâKàO@â@; ü @¯@çÀ?à#@[@@@„@ K ã@@ã ¿ t º`CBÿ@  ‚SyncManager/Spawn €/@K@/  / s@@àords @“@ @@W c"_ t 8à +  €gâ‡Dummy/Animato€;@O@A{is_p"©"¿@ @  Ã¯ a`<#| @@ @  À#posi@"  @ @@ÓÀ s$× d @ïAs@â'«ÃC@W@?  Ohealth€W d @!Î  À@  
1124762959|@
204543 @`ëollid%zÀ8 à;3731@‹@;Ahurtboxà :@à7àsEÀ7EÃà 30863 ª36|109261619C£@  “hiàj`Àk10759 ß70079 /@7   7@j``3àk77936128 +À3" gdÓed A³@@A_velocity@@Ë1117126656|0@ã@B¿RunE(` 	 gjab_ã;@'@À i y x 'B3@ @A«last_&Her$C à#@ï
should_exit`7@» 0 'ÀCnex"ØllowàC@ƒ!3àŸ@C@?à_Adash_abil!# v`7 6 ã«æ3ã¶có@{@ã·À›AÃsã·@Ó rƒ _ R`KB¿À/Âú  ‰ˆ>@kCkÀÃÃ@  &·@- à%ÓBËD¿@W@?ã&Ã5515264ã,Ãà;ã"Ãà7ãWÃ 8#Á 0 ßãcÃAÓ0|0a“ã»A§Idld£BCãı·ã· 2ãF·C# i!C´A‹ã³@Ã.:@C[ã³D+‰³  Å‚Æ¨ C“@g@?D_é¯@+@@Er@ N 7@@/%ÇéÃF/ eëÛéëÛX9´Èv¾Ïd[@7é‡@· ° x@«GÀ{à«@'@@À«Êà«Xenì kJOkÿ_compleªw`ÿ L ï@# ï à	#ÊAK(òMÊ`/@“@·@“@CG'A-‡la)z`_ Ú`@£ rŠó`@@?À7advant*P /à   Qcul ›d_à &CÛ@ @?@[€ßA€? Q @î³@ÃAî—@ÓHw,Y*ßîZd;ßOİâ { eâ³â#B—â³–C‹lçûéà 7log_type      |         log_type À@tick@ M @  input @C@@ Rà @' - /root/Training Grounds/World/Players  1 /@O@{@O ÿ  @  €?@@ €€@o@@ €o@ $   	Wg¼¶ 
 €@W@à+— 2 C@?@{@C – —€@ @@ @@‡@@ @o@À— 8 — ¬ @SAK@# 
 frameaà?@start_tim` Yenƒ X@;  ;remot <!ªs_received_from_2  *`“ P @3Aïend 0 m!ïàO@â@; ü @¯@çÀ?à#@ï@@@„@ L k@ã ¿ t º`C  @'  ‚SyncManager/Spawn €/@K@/  / s@@àords @“@ @@W c"_ t 8à +  €gâ‡Dummy/Animato€;@O@A{is_p"©"¿@ @  current_a`<ion @@ @  À#posi@"  @ @@ÓÀspeed @ïAs@ã/C@W@?  Ohealth€W d @!Î  À@  
1124844879|@
204543 @`ëolliderà È à;3731CÏ@;Ahurtboxà :@à7às  _À7sizeà 3086324736|109261619C£@ @3 iàj`Àk18951 ß70079 /@7   7@j``3àk77936128 +À3" gdÓed A³@@A_velocity@@Ë1117126656|0@ã@B¿RunE(` 	 gjab_ã;@'@À i y x 'B3@ @A«last_"˜er$C à#@ï
should_exit`7@» 0 'ÀCnex"ØllowàC@ƒ!3àŸ@C@?à_Adash_abil!# v`7 6 ã«æ3ã¶có@{@ã·À›AÃsã·@Ó rƒ _ R`KB¿À/Ã3  š™>@kCkÀÃÃ@  &·@- à%ÓBËD¿@W@?ã&Ã5515264ã,Ãà;ã"Ãà7ãWÃ85990 ßãcÃAÓ0|0a“ã»A§Idld£BCãı·ã· 2ãF·C# i!C´A‹ã³DÃ®9@C[ã³D+‰³  ×©×\¨ C“@g@?D_é¯@+@@Er@ O 7@@/%ÇéÃF/édurh^  ™X9´ÈvÎd[@7é‡@· ° x@«GÀ{à«@'@@À«Êà«henê oJOkÿ_compleªw`ÿÌ#@# ï à	# L¡AK(òr_$ğ@/@“@·@“@CG'Aal_la)z`_ Ú`@£ªó`@@?À7advant*P /à   Qcul ›d_à &CÛ@ @?@[€ßA€? R @  mess Ys_s'`_to_ ÄàgK“à'h`Àï@3 Ô ¸@[ "à[ e t!hšà3  3à«à’aW@Û@g@Ã@ Q 3@ÁïHw,*ß sa `G£Ã#A	B{ßO—nÛâ { eìCâ#B—â³q=
×£péà 7â³î+ N §E‹a B?@Û@@ÇÀA_ç'‡J¿@?Á?-ö­÷î²      $     8g¼¶ 
 ¬        
 	frame_type@+€ Àstart_tim` ienƒ X@  *remot <icks_received_from_2  *   Q @3  end 0meàO@log`‰@3@; ø @¯  7À?à#@'@@@„@ M +@ã ¿ t º`C  @'  /root/SyncManager/Spawn €/@K@/  / s@@àords @“@ @@Wcount 8à +  €g
Training Gr 'ds/World/Dummy/Animato€;@O@A—is_play 7@ @  current_a`<ion @@ @  À#posi@"  @ @@ÓÀspeed @ïAs@ - à» P ™ers  1 /@û@W@?  health€W d @!Î  À@  
1124844879|@
204543 @`ëolliderà È à;3731@‹@;Ahurtboxà :@à7às  _À7sizeà 3086324736|1092616192 +@  hiàj`Àk18951 ß70079 /@7   7@j``3àk77936128 +À3" gbKed A³@@A_velocity@  30|0`ã@BcJab AcB€ 	 /jab_ã7@+@À i u x 'â/A§last_"”er$CŒ #Ã@ë
should_exit`S@· 0 '@_@Cnex"ÔllowàC@ @#@ƒ!/àŸ@C@à_A×dash_abil!ÀS 6 â$ëã²bó@{@AO!—ã³À›@ÛÃoã³D?As1_r`GB·À+Ã+AÇ@ @gCcÀÃ»€€?@- à%ÏBÃã2»5515264ã,»à;ã"»à7ãW»85990 ßã»AçIdle@CB?ã³@ @7B“ã³@ @#ãS@Cã›³ 2ãF³Fßidle#²  A'ã³ /@ã³D'É«ÌçA ¨ C—@k@CD_é«Eƒ@@Er@ P 7@@/"é¿F+é‹durhZ  u“VÍd_@7éƒ@» ° x@«GÀ{à«@'@@À«Êà«yenê kJKinput_compleªs`ÿ N ï@# ï à	#ÆƒAK(îr_$ô@/@“@·@“@CK'=al_la)v`_ Ú`@£ªï`@@?À7advant*L /à   Qcul ›d_à &…³€?@[€ßA€? S   mess Ys_s'`_to_ ÄàgKà'h\Àï@3 Ô ¸@· "à[ e t!h–à3  3à«à’aW@Û@g@Ã@ R 3@ÁïFó,*Û sa `G£ÆÛA	B{ÇK7‰A`İâ { eì?â#B—â³®Gázêà 7â³ | tAû@«A@?à#À@@‹@¿ O §IKa @C@@ Rà @7ç'‹J»@O@{@O ÿ  @  'Û@@ €€@o@@ €o@ÄG W­ó@@@W@à+—!Ö`?@{@C – —€@ @@ @@‡@@ @o@À—î?‹zenä Bû£›Aªî‹B‹@“Aï eâKàO@â@¿ ô AC@çÀ?à#@ï@@@„@Ä›B/d›!@CBÿ@'îP‹er   `    + /root/Training Grounds/World/Dummy/Animator @;@7@ 
 ;is_play 7   @ @  current_a`<ion @@ @  À#posi@"  @ @  Àspeed   @g@ - à» P ™ers  1 /@¿@W@?  health€W d @  À@  
1124844879|@
204543 @`ëolliderà È à;3731@‹@;Ahurtboxà :@à7às  _À7sizeà 3086324736|1092616192 +@  hiàj`Àk18951 ß70079 /@7   7@j``3àk77936128 +À3" gbKed A³@@A_velocity@  30|0`  state @BcJab AcB€ 	 jab_À'AÓ@+@À i u x 'â/A§last_"”ered_tick # M @?@ë
should_exit`@· 0 @Cnex"ÔllowàC@ @C@ƒ!/àŸ@C@à_A×dash_abil!ÀS 6 â$ëã²áAO!—ã³À›@ÛÃoã³  As1_r`ÇB·À+Ã+AÇ‰ˆˆ<@çCcÀÃ»@  €?@- à%ÏBÃAç@W@?ã&»5515264ã,»à;ã"»à7ãW»85990 ßã»A§Idle@CB?ã³@ @7B“ã³@ @#ãS@Cã›³ 2ãF³C#idle#²  A'ã³@Ã.:@C[ã³D'$ …SLMĞP¨ C“@g@?D[frame_typ%ÀE{@@@En@ Q 7@@/"rt%ˆ m`/ zenƒ h@F'enE¦meàdurhV  7¨ÆK7‰AĞd[@7log`…@o N ° @«G@[@{à«@'@@À« R ;@@/à«Šeà«  'input_complet!F] v O @C@# C à	# N #AK(êr_$ğ@/@“@·@?@CG'9al_la)r`_@c@@£remo ``@@?@@7advantag!jà   Qcul ›d_à &…¯€?@[€ß`Ö`? T   mess Ys_s'\_to_ Äàƒ à'hXÀï@3 Ô ¸@· "à3tot!h’à3  3à«à’aW@Û@g@Ã@ S 3@ÁïFï"w*× sa `GŸÃ#A	B{¬Zd;@@¯B{ eâ³enâÏâ³Å °rh‘à 7â³ | tAû@«À[à#À@@‹@¿ P §IGa @C@@ Rà @7ç'‡J·@O@{@O ÿ  @  '×@@ €€@o@@ €o@„C Wg¼¶ `@#@W@à+—!Ö`?@{@C – —€@ @@ @@‡@@ @o@À— 8 — ´ @“AK@#Cä3@ À#ÛäËáûBû£›Aªs_receiv#nfrom_2Bû@@Â‹B›@[âSâ@Ç ô 0@·@ïÀ?à#@c@@@Œ@Ä£@ë Çk@CC@'  èŠSyncMan#ìr/Spawn €/@K@/FK s@@èords ?@O@ @@W c.g+ˆàîıîR   
1124844879|@
	237311      hurtbox_position@  @,à704543 @  À7size@`3086324736|1092616192 +@  hiàj``712418951 £70079 /@7   7@j``3àk77936128 +À3is_grounded  @@  velocity@  0|0`  state @ 
 Jab AcA€ 	 jab_À'  @+@À i u x   Àw  last_entered_tick @# M @?@ë
should_exit`@? 0 @C	next_allowàC@ @C@ƒ!/àŸ@C@à_A×dash_abil!ÀS 6 /root/Training Ga[s/World/Players 
 1/AnimatoráAO!— p - C€—À›@Ûcurr!_a`="Œ w@·  As1_r`B·À+Â·AÇ‰ˆ=@/  /Àspe"  aç  €?@- à%ÏBÃAç@W@?  ?health¿ d @B[À@b§125515264ƒãG`óolliderà È Kà;ã"»àsAã h£óCPà §ãOã&»85990 ßã»@×Idl`ßCB?ã³@ @?AŸã³@ @#ãS@Cã›³ 2ãF³C#idle#²  A'ã³DÃ®9@C[ã³D' $!tE/ÛšÉk¨ C“@g@?D[frame_typ%À@'@@@En@ R 7@@/"rt%ˆ m`/ enƒ h@CËenE¦meàdurd¢  7d;ßO—Îd[@7log`…@o N ¨ @«G@[@{à«@'@@À« S ;@@/à«›eà«  'input_complet!F] v P @C@# C à	# O #AK%.r_$ğ@/@“@·@?@CG'9al_la%¾`_@#@@£remo ``@{À@7advantag!j`@ @7   Qcul ›d_à &  @ @#@[€ß`Ö`? U @  mess Ys_sF=to_ Äàƒ à'eÀï@3 > ¸@[ "à3tot!EA  à3  3à«à’aW@c@@Ã@ T 3@oFç"o' saw †`E³ÃABs•C‹lëâ s eâ«œenâÇâ«¤p=
×£ôà 7â« ô"ÀAóA@“ à#@¯@@@‹@Âcé?@C@Ï@'  Cˆ?SyncMan!¬r/Spawn €/@K@/D s@_records ?@O@ @@W c)Û)Hà +  €gè§Dummyäè@S@O@bc sè›@ @EÃÁè›@ @#äß@ @@ÓÀCÈ“@ïÁã - (à»éc /@¿@W@_C»è"“ëÛ`ëè“à;è"“à7éBß hèF“ìıOìıOì/OÎÌLìµOtion       
1125515264| 
4237311 @  hurtbox_position@à704543 /@  À7size@`3086324736|1092616192 +@  hiàj``7 ˜85990 £70079 /@7   7@j``3àk77936128 +À3is_grounded  @@  velocity@  0|0`  state @@Idl`ß 	 jab_À  @@À i m x   @ @  last_entered_tick à#@ã
should_exit`7@¯ 0 'ÀC	next_allowàC@ƒ!'àŸ@C@?à_AÏdash_abil! v`7 6 /root/Training GaSs/World/Players 
 2/Animatorá 
 G! p - C€—À›Acurr!_a`="„ /@·  idle_ O@B¯À+Â¯A¿   /@  Àspe!ù  aß  €?@@s$ {
Êû¨ AÇ@g@@§frame_typ"A£@@@Aº@ S 7@@/"rt!Ô m`/ œenƒ h@BkenAòmeàdur`î  7h‘í|?5Î`§@7log`…@o N ° @«CG@[@{à«@'@@À« T ;@@/à«¬eà«  'input_complet!B© v P @C@# C à#AK!zr_#ø@/@“@·@?@B§#}al_la"
`_@c@@£remo ``@@?@@7advantag!jà   Qcul ›d_à &¢`?@[€ß`Ö`? V   mess Ys_sB‰to_ Äàƒ à'dœÀï@3 Ô ¸@· "à3tot!dÖà3  3à«à’aW@Û@g@Ã@ U 3@Áï  "w#o sa `CëÃ#A	B{^ºI+ãâ { eâ³­enâÏâ³…ëQ¸…ïà 7â³ | tAû@«Aâ×À@@‹@¿ Q §E‹a @C@@ Rà @7 - ä#£Fû@O@{@O ÿ  @  $#@@ €€@o@@ €o@„C Wg¼¶ `@#@W@à+—!Ö`?@{@C – —€@ @@ @@‡@@ @o@À— 8 —á+ R P@Oáıá5 ¬!KBAKASDƒå³@ À%[æKã{D{¥C*s_receiv$îfrom_2ä{D@SCo eãËã¯ç/Äs@ßàÃàä[9´Èv¾ŸŠä[ ì"üA[H@ë@{á[C@@A4 2á @/à«½eäëAOdæ
ëÃ#@# C&®ç  srollback¹ƒ·À›å§@£@¯A+À7E£¬Zd;çaåÃ!°r(B à`ç£ƒ W!@ïçKƒ Ğ!d@[ç#ƒÀ3ç#ƒ@ÃA·ç‹@wAÃ eã¾ençKbîùa¿@7ã›å+ËÊ§DbË!kC3@«@!à @¯çıKçKå7Ëáûå#ËBSA›B eâKlog_type      ô         	 log_type @@@tick@ Q @  state @C  @  /root/SyncManager/Spawn €/@K@/  / s@_records @O@ @@Wcount 8à +  €g
Training Gr 'ds/World/Dummy/Animato€;@O@ 
 ;is_play 7  A@ @  current_a`<ion @@ @  À#posi@"  @ @@ÓÀspeed @ï@g@ - à» P ™ers  1 /@û@W@?  health€W d @A¿À@  
1124844879|@
204543 @`ëolliderà È à;3731@‹@;Ahurtboxà :@à7às  _À7sizeà 3086324736|1092616192 +@  hiàj`Àk18951 ß70079 /@7   7@j``3àk77936128 +À3" gbKed A³@@A_velocity@  30|0`ã@BcJab AcB€ 	 /jab_ã7@+@À i u x 'â/A§last_"”ered_CŒ # M @?@ë
should_exit`@· 0 @Cnex"ÔllowàC@ @C@ƒ!/àŸ@C@à_A×dash_abil!ÀS 6 â$ëã²bó@{@AO!—ã³À›@ÛÃoã³D?As1_r`GB·À+Ã+AÇ‰ˆˆ=@gCcÀÃ»@  €?@- à%ÏBÃã2»5515264ã,»à;ã"»à7ãW»85990 ßã»AçIdle@CB?ã³@ @7B“ã³@ @#ãS@Cã›³ 2ãF³Fßidle#²  A'ã³@Ã.:@ã³D'$ …S!ô…!ÔC“C×@?E×è÷ R ?@+åç@CD_@èı÷èı÷èı÷èı÷è—÷«ªªèl÷ ]¥OE{É‡EGkŸèƒGì³è¿èı÷è÷   1114
636288|3265 664      state @  [Reference:3441]@ 	 jab_À+  @@Àindex   @ @  last_ent Sd_tick à#  
should_exit`7   0 ÀC	next_allowàC@ƒhitàŸ@C@?à_  gdash_ability `7 6 /root/Training Grounds/World/Players 
 2/Animatorá 
 Gis_p - C€—À›Acur!m Ş`=ion /@·A›@Ó l A›À+posi@*  @ @/  Àspeed €€?@@s$ A{ ˜=, 
 ¨ AË  @#@«frame_typ"A§@@@A¾@ Uà/"rt!Ø m`/ ¾enƒ l@/  'enAöme@¿eàdur`ò  7ÓMbX9Ü`«@7log`…@o N ° @«  @[à«@'@@À« Và/à« Ìà  'input_complet!B­ v S @S@# C à	# R #AK!~r_2 `/@“@·@?@B«local_la"`_@c@@Óremo ``@@?@@7advantag!jà   Qcul ›d_à &ÿ€?@[€ß`Ö`? X   mess Ys_sBto_ Äàƒ à'_sizeA@¯@3 Ô @· "à3tot!@9  à3  3à«à’aW@Û@g@Ã@ W 3@Áï  "w#s sa `CïÃ'A	B{®Gáz®ãâ { eâ³ÍenâÏâ³ƒÀÊ¡E¶ïà 7â³ | tAû@«Aâ×À@@‹@¿ T §Cÿa @C@@ Rà @7 - ä#§ 1 /@O@{@O ÿ  @  $'@@ €€@o@@ €o@ÄGWg¼¶ `@#@W@à+—!Ö`?@{@C – —€@ @@ @@‡@@ @o@À— 8 — ¬ @“AK@#Cäß@ À#ÛäËáûBû£›Aªs_receiv#nfrom_2âûB‹@SAï eâKâ/ #ä@¯@çÀ?à#@ï@@@„@Ä›@ã ¿gË@CBÿ@'  à‚SyncMan#är/Spawn €/@K@/FG s@@àords ?@O@ @@W c''Ğà +  €gç/Dummyç$@S@O@A—ç#@ @ç#@ @#ç+@ïB3@?ã/CA+@?Eóhealth€W d ˜@AÿÇ«@  
1124844879|@
204543 @`ëollid&?À8 à;3731CÏ@;Ahurtboxà :@à7àsEÀ7E‰à 3086324736|109261619C£@Gƒ(›àj`Àk18951 ß70079 ÃI‹ 7@jà3àk77936128à3" gi{ed A³@@‡A_ve'M)·@  30|0`ã@BcJab AcI9€#nê$×ÀwA§ê× M S@o@ëê»× 1ã²ã³áÇcê×D?LK1_ra'B·À+ÂòAÇÍÌÌ=AGCcÀê× -!oäwë§ /D{@W@_ã» ] @B[À@¢Û5577523c»117# /Bã»à;4992ÃA hã»à7àsãK»92216 ß82697 ßBÏã;»@ AOA_ã»_13849855îı«î<«rld/Players  2/Animator       
 is_p -ing   @@  current_a`=ion @  hit_l @  À+posi@*  ‰ˆˆ<@  Àspeed @  €?@@s$    Ìæ%S¨ @§  @@§	frame_type€'@+@@tick@ Và/start_tim`/ Íenƒ h@/  'end`àdur`î  7+‡ÙÎ`§@7log`…@o N ° @«  @[à«@'@@À« Wà/à«Şeà«  'input_complet! î`ÿ T @S@# C à	# S #AK!zr_2 `/@“@·@?@ 	 'local_la"
`_ Ú`@Óremo ``@@?À7advantag!jà   Qcul ›d_à &û€?@[€ß`Ö`? Y   mess Ys_sB‰to_ Äàƒ à'_sizeA@¯@3 Ô @· "à3tot!@9  à3  3à«à’aW@Û@g@Ã@ X 3@Áï  "•#o sa `  Ã#A	B{bX9´ÈŞâ { eâ³ŞenâÏâ³°rh‘í|ëà 7â³ | tAû@«Aâ×À@@‹@¿ U Ÿ@Cûa @C@@ Rà @' - 
/root/Train ï Grounds/World¤›ä £ 1 /@O@{@O ÿ  @  $#@@ €€@o@@ €o@„C Wg¼¶ `@#@W@à+—!Ö`?@{@C – —€@ @@ @@‡@@ @o@À— 8 — ¬ @“AK@#Cäß@ À#ÛäË ßáûBû£›Aªs_receiv#nfrom_2âûB‹@SAï eâKàO@â/ $@¯@çÀ?à#@ï@@@„@Ä›@ã ¿ t#J`CBÿ@'  ‚SyncMan#är/Spawn €/@K@/FC s@@àords ?@“@ @@W c"_ t 8à +  €gâ‡Dummyç @;@O@A—ç@ @ç@ @#ç@ @@ÓÃóÇ@ïB3@ã/C@W@?Eóhealth€W d x@AãÇ§@  
1124844879|@
204543 @`ëollid&?À8 à;3731CÏ@;Ahurtboxà :@à7àsEÀ7E‰à 3086324736|109261619C£@Gƒ(—àj`Àk18951 ß70079 Ã   7@jà3àk77936128 +@k@3" gdÓed A³@@A_ve'Mity@  30|0`ã@BcJab AcI5€#n jab_ã7@+@À i u x 'â/A§last_'*er$CŒ # M @?@·
should_exit`@· 0 @Cnex)ôllowàC@ @C@ƒ!/àŸ@C@à_A×dash_abil!ÀS 6 ã§ P*¥æ/ã²ã³À›@ÛÃoêÓD?As1_r`ÇB·À+ÂòAÇïîî=@çCcÀÃ»@  &¯@-  à$ÏBÃD{@W@?ã» ] O@B[À@¢Û563666‚Û02654áÏã»à;82774 kA hã»à7àsAãÀ7CPà §ãOã&»98130€ß11554A/@WBo"‹Có@j`aàkã»@ @OA_ã»`K113102744|32625!$ 9ÄãÏA3[Ref#nce:3441]@WC3B_ãÓ@ @7B³ãÓ@ @#Aã»Óîq§ ãÓDG‰Ë  tsCî/§ÌEû"éÛB‹é§ëóÁÊ¡E¶óÍ?      log_type     °        
 frame`%   `'@@tick@ X @@/start_tim`/ îenƒ \@  'input_complet X B`W U À# C à	# T #  peer_2 `S ^`·@?@ 	 local_lag @£@@@£remo ``@@?@@7advantag ¾à   Qcul ›d_à &  @ @?@[€ß`Ö`? Z @  mess Ys_sen #o_ Äàƒ à'_sizeAC@¯@3 Ø @[ "à3tot!@9  à3  3à«à’aW@Û@g@Ã@ Y 3@Áï  !éingsa `  curr`å!à  áz®Gáâ?@¯B{end  m"{â#@duration@7ƒÀÊ¡Eîà 7â³ | tB³@«À[à#À@@‹@¿ V Ÿ@  a @C@@ Rà @' - 
/root/Train ï Grounds/World/Players  1 /@O@{@O ÿ  @  €?@@ €€@o@@ €o@ $ AWg¼¶ 
 €@W@à+—!Ö`?@{@C – —€@ @@ @@‡@@ @o@À— 8 — ¬ @“AK@#Cä3@ À#Ûäïenä Bû£›Aªs_receiv#nfrom_2âûB‹@SB/ eâKàO@â@¿ #ä@¯@çÀ?à#@ï@@@„@Ä›@ã ¿ t#J`CBÿ@'  ‚SyncMan#är/Spawn €/@K@/  / s@@àords @“@ @@W c"_ t 8à +  €gâ‡Dummy/Animato€;@O@A—is_p"©"¿@ @  Ã¯ a`<#| @@ @  À#posi@"  @ @@ÓÀ s$× d @ïAs@ã/C@W@?Eóhealth€W d _@AãÀ@  
1124844879|@
204543 @`ëollid&?À8 à;3731CÏ@;Ahurtboxà :@à7àsEÀ7E‰à 3086324736|109261619C£@Gƒhiàj`Àk18951 ß70079 Ã   7@jà3àk77936128 +@k@3" gdÓed A³@@A_ve'Mity@  30|0`ã@BcJab AcB€#n jab_ã7@+@À i u x 'â/A§last_&Der$CŒ # M @?@·
should_exit`@· 0 @Cnex"ÔllowàC@ @C@ƒ!/àŸ@C@à_A×dash_abil!ÀS 6 ã§æ/ã²cï@{@AO!—ã³À›@ÛÃoã³D?As1_r`GB·À+ÂòAÇ‰ˆ>@gCcÀÃ»@  &¯@- à%ÏBÃD·@W@?ã» ] O@B[À@¢Û5692857C»3932685 /`óã»à;9822ã»à7àsAã h£óCPà §ãOã%»503749`ß4063757 ßBo"‹D^@ja#aàkã»@ @§A_ã»`K%392989|325765378Ã/ãÏB7[Ref#nce:3441]@WC3B_ãÓ@ @7A¿ãÓ@ @#Aã»Ó 2ãFÓA›"_l!(A'A›Ã³ÃC  ÎÌL=@C{ÀãÓDGÉËŞşìÆ : ¨ C·C¯@CDéË  #@@E’@Ì@/"éßBé«ë÷u“VÍd@7é£@» ì x@«A@‹@{à«@'@@À«Ê7@/à«şenê ‹Jklî
‡Ì?@# C.Jî	«Ê3 !/ r$³backfÃ)ì ºà ›E«-)“C@@¯@óÀ7Mm¶çaD“ÁÛ@×@/İ$á`A¿)‚ï   local_lag       
 remote€@  @ 	 advantage à   Qculated_à &  @ @?@[	input_tick€? [ @  mess Ys_sen #o_peer_2àg à'_size @¯@› Ô @[ " à[ e t!@9  à3  3à«à’  @g@Û@g@Ã@ Z 3@ Y @w  end íme •ÿenƒ “@duration j¼t“ú?À7log_typ 7€Ï | 7  @sà#À@A]@7 W /@  `Ë @C@@ Rà @' - /root/Training Grounds/World/Players  1 /@O@{@O ÿ  @  €?@@ €€@o@@ €o@ $ AWg¼¶ 
 €@W@à+—!`?@{@C – —€@ @@ @@‡@@ @o@À— 8 — ¬ @“AK@#BËframea¥à?@star"Ã!ù@áûBÃ£cAªs_receiv#6from_2B[@ƒ@“BS@oB/ eâKâ/ #¬@¯@çÀ?à#@[@@@„@ V ã@@ã ¿ t º`C  @  ‚SyncMan#¬r/Spawn €/@K@/  / s@@àords @“@ @@W c"_ t 8à +  €gâ‡Dummy/Animato€;@O@A{is_p"©"¿G@ @  currD] a`<#| @@ @  À#posi@"  @ @@ÓÀ s$Ÿ d @ïA¯@ã/C@W@?  Ohealth€W d @AÿÀ@  
1124844879|@
204543 @`ëollid%BÀ8 à;3731CÏ@;Ahurtboxà :@à7às  _À7EQà 3086324736|109261619C£@ @3 iàj`Àk18951 ß70079 /@7   7@j``3àk77936128 +À3" gdÓed A³@@A_ve'ity@  30|0`ã@BcJab AcB€#n jab_ã7@+@À i u x 'â/A§last_"”er$CŒ # M @?@ë
should_exit`@· 0 @Cnex"ÔllowàC@ @C@ƒ!/àŸ@C@à_A×dash_abil!ÀS 6 ã§æ/ã²cï@{@AO!—ã³À›@ÛÃoã³D?As1_r`GB·À+ÂòAÇš™>@gCcÀÃ»@  &¯@- à%ÏBÃD·@W@?ã» ] O@B[À@b§1257462C123#Ã285 /`óã»à; 9$ 2ã»à7àsAã h£óCPà §ãOã%»509087#ó$¦010357 ßBo"‹D^@ja#aàkã»@ @§A_ã»`K  718721|3 ‰81862Ã/ãÏB7[Ref#nce:3441]@WC3B_ãÓ@ @7A¿ãÓ@ @#Aã»Ó 2ãFÓA›"_l!(A'A›Ã³ÃC  ‰ˆˆ=@C{ÀãÓDGÉËZm : ¨ C·C¯@CDéËE£@@E’@Ë×@/"éßBé« fnë÷B`åĞ"ÛÑd@7é£ 9 ° x@«G'@‹@{à«@'@@À«Ê7@/à« àJkl_comple-÷@B`ÿÌ?@# C à	#Ê3AK)M®`/@“@·@“@CK']-kîys \!W@“î³s@Ã"î{@ÓG,u*û saA‡@Eßcurrent_tick  ®Gáz®ß?    end_time  fnƒ  Àdurationà7 ëà 7log_typ 7   9  |     À?à#À@tick@7 X +  input @C@@ Rà @7 - /root/Training Grounds/World/Players  1 /@O@{@O ÿ  @  €?@@ €€@o@@ €o@ $ AWg¼¶ 
 €@W@à+— 2 C@?@{@C – —€@ @@ @@‡@@ @o@À— 8 — ¬ @SAK@# 
 framea¥à?@startaù@áû  ;remot <!ªs_received_from_2 @ƒ@“ [ @oâKâ@;	 `¯@çÀ?à#@[@@@„@ W k@ã ¿ t º`C  @'  ‚SyncManager/Spawn €/@K@/  / s@@àords AC@ @@W c"_ t 8à +  €gâ‡Dummy/Animato€;@O@A{is_p"©"¿@ @  current_a`<#| @@ @  À#posi@"  @ @@ÓÀspeed @ïAs@ã/C@W@?  Ohealth€W d @AÿÀ@  
1124844879|@
204543 @`ëolliderà È à;3731CÏ@;Ahurtboxà :@à7às  _À7sizeà 3086324736|109261619C£@ @3 iàj`Àk18951 ß70079 /@7   7@j``3àk77936128 +À3" gdÓed A³@@A_velocity@  30|0`ã@BcJab AcB€#n jab_ã7@+@À i u x 'â/A§last_"”er$CŒ # M @?@ë
should_exit`@· 0 @Cnex"ÔllowàC@ @C@ƒ!/àŸ@C@à_A×dash_abil!ÀS 6 ã§æ/ã²cï@{@AO!—ã³À›@ÛÃoã³D?As1_r`GB·À+Ã+AÇ«ª*>@gCcÀÃ»@  &¯@- à%ÏBÃD·@W@?ã» ] O@B[À@b§12579694#12386633ÂÛ`óã»à;931875 kA hã»à7àsAãÀ7CPà §ãOã%»514158€ß9974ä _Bo"‹D^@ja#aàkã»@ @§A_ã»`K  078167|323365305B¯@/ãÏA3[Ref#nce:3441]@'C3B_ãÓ@ @7A¿ãÓ@ @#Aã»Ó 2ãFÓA›"_l!(A'A›Ã³ÃC  «ªª=@C{ÀãÓDG‰Ë  S¦M¨ C³C«@?D{éÇ@+@@E@ Z 7@@/"éÛB‹ëóu“VÍd{@7éŸ@· ì x@«AÀ{à«@'@@À«Ê3à« !ìƒJgl_compleª`ÿÌ;@# ï à	#Ê/ ! r$¯backf¿)è ºà ›E§-) s`Ï@@¯@óÀ7MÕxé&1èaDÁ×@×@j¼t“â`A¿)~r_%„@£AA+@W@C»'Íal_la*`sÀwA«`@@?À7advant*Ü 7À   Qculat'eà &B@ @?@[S@µ€[Æ  $mess Ys_s'ğ_to_ ÄàƒLà'e0Àï@3 Ô œ@w "à[ e t!ejà3  3à«à’aW@Û@g@Ã@ \ 3@ÂcAÃâï "â_@îãçû©ñÒMúa¿@âïî+ã Y @ÿD7`Ë B@£@!à @'ç'ãK@OÁ.J ÿ@  (3@_                 @@    @ $   	Wg¼¶ 
 €  @' - /root/Training Grounds/World/Players  2 /@?  @O ÿ  @@ @@ à@‡À@o@À— 8 — ¬ 4@S  @# 
 	frame_typeà?@start_tim` "fnƒ X@;  ;remot <icks_received_from_2  *`“ \ @3  end 0meàO@log`‰@Ç@;	 `¯@çÀ?à#@'@@@„@ X c@@ã ¿ t º`C  @  ‡SyncManager/Spawn €/@K@/  / s@@àords AC@ @@W c!Ç t 8à +  €gáïDummy/Animato€;@O@A{is_p""'@ @  current_a`<ion @@ @  À#posi@"  @ @@ÓÀspeed @ïAs@â'« 1 ?@û@W@?  health€W d @AãÀ@  
1124844879|@
204543 @`ëolliderà È à;3731@‹@;Ahurtboxà :@à7às  _À7sizeà 3086324736|109261619C£@ @3 iàj`Àk18951 ß70079 /@7   7@j``3àk77936128 +À3" gd;ed A³@@A_velocity@  30|0`ã@BcJab AcB€#n jab_ã7@+@À i u x 'â/A§last_"”er$CŒ # M @?@ë
should_exit`@· 0 @Cnex"ÔllowàC@ @C@ƒ!/àŸ@C@à_A×dash_abil!ÀS 6 ã§å— 1ã²bó@{@AO!—ã³À›@ÛÃoã³D?As1_r`GB·À+Ã+AÇ¼»;>@gCcÀÃ»@  €?@- à%ÏBÃã» ] O@WB[À@b§125845120C»3893847 /`óã»à;95 <Ã÷A hã»à7àsAãÀ7CPà §ãOã%» 5#»76`ß402491ãG»@ @§A_ã»_1046964 09533471A¯@/ãÏA3[Ref#nce:3441]@'C3B_ãÓ@ @7A¿ãÓ@ @#ãs@Cã›Ó 2ãFÓA›D§ l!(A'A›Ã³ÃC  ÍÌÌ=@ãÓDG‰Ë  â*e¨ C³Gg@?D{éÇ@+@@E@ [ 7@@/"éÛB‹é§ #é÷@durhv  ™yé&1¬Ìd{@éŸ@· ì x@«AÀ{à«@'@@À«Ê3à« 1àJginput_compleª`ÿ Y ï@# ï à	#Ê/  + r$¯backf¿)è ºà ›E§*·) s`Ï@@¯@óÀ7AÇK7‰A`éaDÁ÷@×@ÙÎ÷Sãİ`A¿)~r_#Ô@£AA+@W@C»'Íal_la*`sÀwA«`@@?À7advant*Ü 7À   Qcul!d_à &B@ @?@[S@µ€[ ^ @  mess Ys_s'ğ_to_ ÄàƒLà'e›Àï@3 Ô œ@[ "à[ e t!EÕ  à3  3à«à’aW@Û@g@Ã@FÓ@ \ ;@wAÃâï 2â_@âïX9´Èv¾ùa¿@âï | ËAÃ@sÀ[à#À@A]@‡ Z ‡D7`Ë @C@@ Rà @7ç'ãK@O@{@O.J®K€?@@ @@ @@o@îëãáûBÃremote_ticks_received_from_2       ]     end_time 2fnƒ $Àlog_typ €;	     à#@'@@tick@ Y +  state @C  @'  /root/SyncManager/Spawn €/@K@/  / s@@àords @O@ @@Wcount 8à +  €g
Training Gr 'ds/World/Dummy/Animato€;@O@ 
 ;is_play 7@ @  current_a`<ion @@ @  À#posi@"  @ @@ÓÀspeed @ï!Š` - à» P ™ers  1 /@û@W@_  health€W d @AÿÀ@  
1124844879|@
204543 @`ëolliderà È à;3731@‹@;Ahurtboxà :@à7às  _À7sizeà 3086324736|1092616192 +@  hiàj`Àk18951 ß70079 /@7   7@j``3àk77936128 +À3" gbKed A³@@A_velocity@  30|0`ã@BcJab AcB€#n jab_ã7@+@À i u x 'â/A§last_"”er$CŒ # M @?@ë
should_exit`@· 0 @Cnex"ÔllowàC@ @C@ƒ!/àŸ@C@à_A×dash_abil!ÀS 6 â$ëã²bó@{@AO!—ã³À›@ÛÃoã³D?As1_r`GB·À+Ã+AÇÍÌL>@gCcÀÃ»@  €?@- à%ÏBÃã»å»À@gb§12589088#12396181áÏã»à;402734A‹@[A hã»à7àsAãÀ7CP@K`§ãOã%»523552`ß4083177!_@WBo"‹D^@j`àkã»@ @Oã»`K ­891540!_0683021Á#ãÏA3[Ref#nce:3441]@WC3 jã"Ó@ @7B³ãÓ@ @#Aã»Ó 2ãFÓA›"_l!(A'A›Ã³ÃC  ïîî=@ãÓDG $ /Esoqæ|¨ C³Gg@?D{framei=€'@+@@E@ \ 7@@/%ãrt%¨ m`/é	‹é§ 3é§durhv  7Zd;ßOÍd{BÃéÃ ì x@«AÀ{à«@ß@@À«Äwà« AàJginput_complet!*
`ÿ Z ï@# ï à	#Ê/  + r(kback`A)è ºà ›  !-) s`Ï@@¯@óÀ7A{®GázèaDÁ÷@”@oƒÀÊ¡á`A¿)~r_%„@£AA+@W@C»'Íal_la*`sÀwAremo Ô`@@?À7advant*Ü 7À   Qcul!d_à &B@ @?@[S@µ€[ _ @  mess Ys_s'ğ_to_ Äàƒ à'e0Àï@3 Ô œ@[ "à3tot!ejà3  3à«à’aW@Û@g@Ã@ ^ 3@ÂcAÃâï Bâ_@âï}?5^ºIúa¿@âï | ËAÃ@s@Óà#À@A]@‡ [ @D7`Ë @C@@ Rà @'ç'ãK@O@{@O ÿ  @  (3@@ €€@o@@ €o@„ Wg¼¶ `@#@W@à+—!`?@{@C – —€@ @@ @@‡@@ @o@À— 8 — ¬ @“AK@#BËäo@ À$åáûBÃ£cAª sNîãBS@SAïâKâ/ #ä@¯@çÀ?à#@ï@@@„@Ä×@ã ¿îyã/Training Grounds/World/Dummy/Animator      
 is_play 7   @ @  current_a`<ion @@ @  À#posi@"  @ @  Àspeed   @g@ - /root/Trà» P ™ers  1 /@¿@W@?  health€W d @  À@  
1124844879|@
204543 @`ëolliderà È à;3731@‹@;Ahurtboxà :@à7às  _À7sizeà 3086324736|1092616192 +@  hiàj`Àk18951 ß70079 /@7   7@j``3àk77936128 +À3" gbKed A³@@A_velocity@  30|0`  state @BcJab AcB€ 	 jab_À'AÓ@+@À i u x 'â/A§last_"”ered_tick # M @?@ë
should_exit`@· 0 @Cnex"ÔllowàC@ @C@ƒ!/àŸ@C@à_A×dash_abil!ÀS 6 â$ëã²áAO!—ã³À›@ÛÃoã³  As1_r`ÇB·À+Ã+AÇŞİ]>@çCcÀÃ»@  €?@- à%ÏBÃAç@W@?ã» ] O@B[À@b§125934363c»07022AO@`óã»à;104617 kA hã»à7àsAãÀ7CP@‡`§ãOã%»527900€ß 1$_85 £Bo"‹D^@j`óàkã»@ @§A_ã»`K ­ 3$Ö45!_11917754 0@/ãÏA3[Ref#nce:3441]@'C3B_ãÓ@ @7A¿ãÓ@ @#Aã»Ó 2ãFÓA›"_l!(A'A›Ã³ÃC  ‰ˆãÓDG $ /  	VëÙ 
 ¨ C·C¯@cDframe_typ%äEŸ@@@E’@ÃÏ@/"rt%¬ m`/ Bfnƒ l@/BenEÊme@ Càdurhz  7%•C‹Ìd@7log`…@o N ì @«A@[@{à«@'@@À« ^ ;@@/à« Rà  'input_complet!F v [ @C@# C à	# Z #   r$³back`A sCÀ›E«!)“ s`Ï@_@[@óÀ7A´Èv¾ŸçaD“Áû@”@ôıÔxé&á`A¿)‚r_%ˆ@£@kA+@W@C¿'Ñal_la*
`sÀwAremo Ô`@@?À7advantag!Şà   Qcul!d_à &B“@ @?@[S@µ€?` €  mess Ys_s'ô_to_ Äàƒ à'e4Àï@3 Ô ¸@w "à3tot!enà3  3à«à’aW@Û@g@Ã@_ €ÂcAÃâï Sâ_@âï‡ÙÎ÷Sùa¿@âï | ËAÃ@s@Óà#À@A]@ \ @D;`Ë @C@@ Rà @'ç'çK@O@{@O ÿ  @  (7@@ €€@o@@ €o@ÄƒWg¼¶ `@#@W@à+—!`?@{@C – —€@ @@ @@‡@@ @o@À— 8 — ¬ @“AK@#BËäo@ À$åáûBÃ£cAªs_receiv#6from_2âÃBS@SAïâKâ/ #ä@¯@çÀ?à#@ï@@@„@Ä×@ã ¿k×@CD£@'  àŠ×SyncMan#¬r/Spawn €/@K@/Iÿ s@@àord$ú`O@ @@W c.¿+àà +  €gî+î÷ç      1124844879|@
	204543      collider_position @à;37311   hurtboxà :à7às à7sizeà 3086324736|1092616192 +@  hiàj`À£18951 ß70079 /@7   7@j``3àk77936128 +À3is_grounded  @@  velocity@  0|0`  state @ 
 Jab AcT@ 	 jab_À'  @@À i u x   ÀwA§last_entered_tick @# M @?@ë
should_exit`@? 0 @C	next_allowàC@ @C@ƒ!/àŸ@C@à_A×dash_abil!ÀS 6 /root/Training Ga[s/World/Players 
 1/AnimatoráAO!— p - C€—À›@Ûcurr!_a`=âÇ  As1_r`ÇB·À+ÂòAÇïîn>@ç  /Àspe"  aç  €?@-  à$ÏBÃAç@W@?  ?health¿ ] @B[À@b§125975667c»146284 /`óã»à;7905@‹@[A hã»à7àsAãÀ7CP@K`§ãOã%»532030€ß21182Â¯Bo"‹D^@j`·àkã»@ @§A_ã»`K ¸ q610!_1622856ÄãÏA3[Ref#	nce:3441] \C3 jã"Ó@ @7A¿ãÓ@ @#Aã»Ó 2ãFÓA›"_l!(A'A›Ã³ÃC  š™ãÓDG $ /EO’å=¨ C³C«@_D{frame_typ%à@'@@@E@ ^ 7@@/%ãrt%¨ m`/ Sfnƒ h@B‹enEÆme@ TàdurdÂ  7yé&1¬Ìd{@7log`…@o N ì @«A@[@{à«@'@@À« _ ;@@/à« cà  'input_complet!F} v \ @C@# C à	# [ #   r$¯back`A sCÀ›E§!%Û s`Ï@_@[@óÀ7AåĞ"Ûù~æaDÁ÷@”@ f`  â`A¿%Âr_$ø@£@kA+@W@C»'Íal_la&R`sÀwAremo Ô`@@?À7advantag!Şà   Qcul!d_à &B@ @?@[S@µ€? a @  mess Ys_sFÑto_ Äàƒ à'e0Àï@3 Ô ¸@[ "à3tot!ejà3  3à«à’aW@Û@g@Ã@` €ÂcAÃâï dâ_@âïìQ¸…ëùa¿@âï | ËAÃ@s@Óà#À@A]@ÇcD7`Ë Ÿ@C@@ Rà @7ç'ãK@O@{@O ÿ  @  (3@@ €€@o@@ €o@„ Wg¼¶ `@#@W@à+—!`?@{@C – —€@ @@ @@‡@@ @o@À— 8 — ¬ @“AK@#BËäo@ À$åáûBÃ£cAªs_receiv#6from_2âÃ` €SAïâKâ/ #ä@¯@ç@“@?à#@ï@@@„@ \ k@ã ¿kÓ@CD£@'  ŠÓSyncMan#¬r/Spawn €/@K@/Iû s@@àord$ú`O@ @@W c,o+Üà +  €gë;Dummyç\@£@O@A—ë/@ @H{Å7ë/@ @#FOÀ#çS@ @@ÓÀË'@ïB3@ã/C@W@?E»ë' d x@A¿À@‰Çîıãîã086324736|1077936128      is_grounded  @@  velocity@  0|0`  state @ 
 	Jab Action€ 	 jab_À'  @+@À i u x   Àw  last_entered_tick @# M @?@·
should_exit`@? 0 @C	next_allowàC@ @C@ƒhitàŸ@C@à_  Ddash_abil! `7 6 /root/Training Ga[s/World/Players 
 1/AnimatoráAO!— p - C€—À›@Ûcurr!_a`=ar`  As1_r`  À+posi@*AÇ  €>@ç  à spe"  aç  €?@- à%Ï 2 /Aç@W@?  health¿ ] @B[À@  
1126014905| 
4204543 @`óolliderà È à;37311 Ahurtboxà :@Sà7àsAãÀ7sizeà 3086ã O9261619@÷@  s"Sàj` k535954 ß70079 /@7Bo 7@j``3àkã2»@Ë 1 L ·961|0@sãÃA'[Ref#snce:3441]@'C'BSãÇ@ @7A³ãÇ@ @#@÷ã»Ç 2ãFÇA›"_l!(A'A›ãÇ«ª*ãÇD; $ K  	˜ÕAè 
 ¨ C«C£@cDsframe_typ%ØEo@@@E†@ _ 7@@/"rt%  m`/ dfnƒ l@CãenE¾me@ eàdurdº  7%•C‹Ìds@7log`…@o N ì @«A@[@{à«@'@@À«` €@/à« sà  'input_complet!Fu vä ³@# C à	# \ '@w   r$§back`A sCÀ›EŸ!%Ó s`Ï@_@7@óÀ7A-²ï§êaC»Áû@”@/İ$á`A¿%ºr_$„@£@kA+@W@C¿'Åal_la&J`sÀwAremo Ô`@@?À7advantag!Şà   Qcul!d_à &  @ @?@[S@µ€? b @  mess Ys_sFÉto_ Äàƒ à'e(Àï@3 Ô ¸@[ "à3tot!ebà3  3à«à’aW@Û@g@Ã@ a 3@ÂcAÃâï tâ_@âïš™@  ûa¿@âï | ËAÃ@s@Óà#À@A]@‡^ €D;`Ë @C@@ Rà @7 - è$« /@O@{@O ÿ  @  (+@@ €€@o@@ €o@ÄƒWg¼¶ `@#@W@à+—!`?@{@C – —€@ @@ @@‡@@ @o@À— 8 — ¬ @“AK@#BËäo@ À$åáûBÃ£cAªs_receiv#6from_2âÃBS@SAïâKâ/ #ä@¯@çÀ?à#@ï@@@„@É‹@ã ¿kË@CD£@'  à‚SyncMan#¬r/Spawn €/@K@/Ió s@@àord$ú`O@ @@W c,g+Ôà +  €gë3Dummyç`@£@O@A—ë'@ @HÅ7ë'@ @#FOÀ#Ê @  @@ÓÀË@ïB3@ã/C@W@?E»ë d wAÿÀ@'j+844879|@
ê«`ë&wëà;ë"à7ëV418951 ßëc !wîĞÛ            
should_exit`@ 0 @  dash_ability ` 6 /root/Training Grounds/World/Players  1/Animator  @@[@ 
 Gis_p - C€{@@  current_a`=ion @  jab_1_r`  À+posi@*  ‰ˆˆ>@/  Àspeed @  €?@- à%Ï 2 /@Ç@W@?  health    ] @  À@  
1126052181| 
4204543 @`óolliderà È à;37311 Ahurtboxà :@Sà7àsAãÀ7sizeà 3086324736|109261619@÷@  shiàj` k539682 ß70079 /@7Bo 7@j``3àk77936128à3"# gb_ed B@@OA_veloc"›@@Ë 1 A854095|0@  Gstate @A'[Refe"Yce:3441]@ 	 BSÀ+Aß@@À i  x 'Aã@ @A³last_"¨ Sd_tick à#@÷ãg@Cnex"èllowàC@ƒ!;àŸÁà_Aã;Ç 2ãFÇA›@Ó l!/AKA›Ã§Ã7  ¼»;ãÇA $ /  	Ğ†}„ 
 ¨ AËC£@cDsframe_typ"A§@@@A¾@` €@/"rt!Ø m`/ ufnƒ l@/BƒenAömeàdurdº  7Å °rh‘Íds@7log`…@o N ì @«A@[@{à«@'@@À« a ;@@/à« „à«  'input_complet!B­ v ^ @C@# C à	#Ä×  + r$§back`A sCÀ›EŸ!%Ó s`Ï@_@[@óÀ7AHáz®GéaB£Áû@”@–C‹lçûå`A¿%ºr_$„@£@kA+@W@C$	al_la&J`sÀwAremo Ô`@@?À7advantag!Şà   Qcul!d_à &B“@ @?@[S@µ€? c @  mess Ys_s$ _to_ Äàƒ à'e(Àï@3 Ô ¸@[ "à3tot!ebà3  3à«à’aW@Û@g@Ã@ b 3@ÂcAÃâï …â_@âï#Ûù~j¼üa¿@âï | ËAÃ@s@Óà#À@A]@‡ _ @D;`Ë @C@@ Rà @' - è$« /@O@{@O ÿ  @  (+@@ €€@o@@ €o@ÄƒWg¼¶ `@#@W@à+—!`?@{@C – —€@ @@ @@‡@@ @o@À— 8 — ¬ @“AK@#BËäo@ À$åáûBÃ£cAªs_receiv#6from_2âÃBS@SAïâK †âKâ/	 `¯@çÀ?à#@ï@@@„@Ä×@ã ¿h@óD£@'  à‚SyncMan#¬r/Spawn €/@K@/Ió s@@àord$ú`O@ @@W c+(à +  €gë3Dummyç`@£@O@A—)ë'@ @H;Å7ë'@ @#FOÀ#çW@ @@ÓÀË@ïB3@ã/C@W@?E»ë d x@AÿÀ@j+844879|@
ê«`ë&wëà;ë"à7ëV418951 ß 7ëb !w0|0a{ãA{BcJab AcM=€#në$Â/A§ë M S@oê³@Cë›îoÛ‘ë -!o/root/Training Grounds/World/Players  2          health    ] @  position@  
1126087594| 
4204543 @  collider_À8 @à;37311   hurtboxà :à7às à7sizeà 3086324736|109261619@÷@ @3 iàj` £ Ğ223 ß70079 /@7   7@j``3àk77936128 +À3is_gaed  @@A_velocity@@Ë 1 A406772|0@  /state @A'[Reference:3441]@ 	 jab_À+Aß@@À i  x '  @ @A³last_ent Sd_tick à#@÷
should_exit`7@Ã 0 'ÀC	next_allowàC@ƒ!;àŸ@C@?à_Adash_abil!+ v`7 6 /root/Trainiâ÷/Animatorá 
 G!£ p#% C€—À›Acur!m Ş`=# /@·A›@Ó l A›À+Âş  ÍÌL>@/CoÀspe"  @  €?@@s$ {ïHo-¨ AÇCŸ@@§frame_typ"A£@@@Aº@ a 7@@/"rt!Ô m`/ †fnƒ h@BenAòmeàdur`î  7‹lçû©ñÒ`§@7log`…@o N ì @«A@[@{à«@'@@À« b ;@@/à« •à«  'input_complet!B© v _ @C@# C à	# ^ #   r$£back`As `CÀ›  !" s`Ï@_@[@óÀ7Aú~j¼t“èaBŸÁ×@”@øSã¥›Äà`A¿!îr_$€@£@kA+@W@C$al_la"~`sÀwAremo Ô`@@?À7advantag!Şà   Qcul!d_à &‚o€?@[S@µ€?B“@[  #mess Ys_sBıto_ Äàƒ à'e$Àï@3 Ô ¸@[ "à3tot!e^à3  3à«à’aW@Û@g@Ã@ c 3@ÂcAÃâï –â_@âïX9´Èvúa¿@âï | ËAÃ@s@Óà#À@A]@‡` €D7`Ë @C@@ Rà @7 - ä#ßGK@O@{@O ÿ  @  $_@@ €€@o@@ €o@„ Wg¼¶ `@#@W@à+—!`?@{@C – —€@ @@ @@‡@@ @o@À— 8 — ¬ @“AK@#BËäo@ À$åáûBÃ£cAªs_receiv#6from_2âÃBS@SAïâKâ/ #ä@¯@çÀ?à#@ï@@@„@Ä×@ã ¿h@CD£@'  à‚SyncMan#¬r/Spawn €/@K@/F s@@àord$ú`O@ @@W c*7(à +  €gçgDummyç\@£@O@A—ç[@ @ç[@ @#FOÅ[çS@ @@ÓÀÇS@ïB3@ã/C@W@?E»ë d x@AÿÀ@j+844879|@
ê§`ë&wëà;ë"à7ëV418951 ß 7ëb !w0|0a{ãA{BcJab Ac‰œ@#në$Â/A§ë M S@[ê¯@Cë› 1ã²ã³áÃoëD?Lƒ1_ra'ã»›™™ë -!oäwîF×1212N/"æãGAÏã»à;ã"»à7ã<»itbox_position     
1125465876| 
4270079 @  hitb 7size``308632473 3077936128 +À3is_grounded  @@  velocity@  1106667375|0@  state @  [Reference:3441]@ 	 jab_À+  @@À i  x   @ @  last_ent Sd_tick à#@÷
should_exit`7@Ã 0 'ÀC	next_allowàC@ƒ!;àŸ@C@?à_Adash_abil!+ v`7 6 /root/Training Gags/World/Players 
 2/Animatorá 
 G!£ p - C€—À›Acur!m Ş`=B-€A›@Ó l A›À+ÂX  Şİ]>@ç  Àspe"  @  €?@@s$ A{ ÛÆ°… 
 ¨ AË  @#@«frame_typ"A§@@@A¾@ bà/"rt!Ø m`/ –fnƒ l@/BƒenAöme@ —àdur`ò  7+‡ÙÎ`«@7log`…@o N ì @«A@[à«@'@@À« c ;@@/à« ¥à  'input_complet!B­ v ` €C@# C à	# _ #  rollback`As `CÀ›  !" s`Ï@_@Ÿ@óÀ7AìQ¸…ëåaB£ÁÛ@”@¼t“VŞ`A¿!òr_2 `£@kA+@W@C$	al_la"‚`sÀwAremo Ô`@@?À7advantag!Şà   Qculat#•à &‚s€?@[S@µ€?@G@[  #mess Ys_sCto_ Äàƒ à'e(A“@¯@3 Ô @[ "à3tot!ebà3  3à«à’aW@Û@g :`Cc@ÂcAÃâï ¦â_@âï‚î ÷a¿@âï | ËAÃ@s@Óà#À@A]@‡ a —@D;`Ë @C@@ Rà @' - ä#ã 1 /@O@{@O ÿ  @  $c@@ €€@o@@ €o@ÄƒWg¼¶ `@#@W@à+—!`?@{@C – —€@ @@ @@‡@@ @o@À— 8 — ¬ @“AK@#BËå@ À$åáûBÃ£cAªs_receiv#6from_2âÃBS@SAïâKâ/ #ä@¯@çÀ?à#@ï@@@„@` €@ã ¿h@CD£@'  ‚SyncMan#¬r/Spawn €/@K@/Fƒ s@@àord$ú`O@ @@W c(«(à +  €gçkDummyç`@£@O@A—ç_@ @ç_@ @#FOÅ[çW@ @@ÓÀÇW@ïB3@ã/C@W@?E»health€W d x@AÿÀ@j*4844879|@
204543 /`ë&wid&À8 à;3731CÏ@[Ahurj|À:@à7àsF—À7EQà 3ê³9261619C£@  “(×JçÀj`Àk18951 ß 7ëb  —0|0`‹ã@³BcJab Ac‰ @#në$Â/A§ë M S@[ê³@Cë› 1ã²ã³áÃoëD?L‡1_ra'B·À+ÂLAÇ$"¢ë -!oäwëã /D{ã» ] A¿ã»615319-Ç#ÆãGAÏã»à;ã"»à7ãV»54978N§@ßãc»D‡	1105859958îzÛ         should_exit @   0 @  next_allowed_tick   @ @# 	 hit_state   @C@à_  +dash_ability `7 6 /root/Training Grounds/World/Players 
 2/Animator€@{@ 
 Gis_p - C€—À›@Ûcurren Ş`=ion /@7  @Ó l @  À+posi@*  ïîn>@  Àspeed @  €?@@s$ A7 5AS— 
 ¨ A+  @#@«frame_typ!HAc@@@Az@ cà/!srt!” m`/ ¦fnƒ l@/  'enA²meàdur`ò  7¼t“VÎ`«@7log`…@o N ° @«  @[à«@'@@À«A@@/à« ¶à«  Winput_complet!Bi v a @C@# C à	#` €#AK!~r_2 `/@“@·@?@B«local_la"`_@c@@£remo ``@@?@@7advantag!jà   Qcul ›d_à &ÿ€?@[€ß`Ö`? f   mess Ys_sBto_ Äàƒ à'_sizeA@¯@3 Ô @· "à3tot!@9  à3  3à«à’aW@Û@g@Ã@ B`Áï  "w#s sa `CïÃ'A	B{=
×£p=Úâ {â³â#B—â³/İ$•çà 7â³ | tAû@«A@?à#À@@‹@Ç b §Cÿa @C@@ Rà @7 - ä#§ 1 /@O@{@O ÿ  @  $'@@ €€@o@@ €o@ÄGWg¼¶ `@#@W@à+—!Ö`?@{@C – —€@ @@ @@‡@@ @o@À— 8 — ¬ @“AK@#Cäß@ À#ÛäË ·äBû£›Aªs_receiv#nfrom_2âûB‹@SAïâKàO@â@¿ ô @¯@çÀ?à#@ï@@@„@Ä›@ã ¿æ ÿBÿ@'  à‚SyncMan#är/Spawn €s@K@/FG s@@àords ?@“@ @@W c' t 8à +  €gç/Dummyç$@;@O@A—ç#@ @ç#@ @#ç@ @@ÓÃóÇ@ïAs@ã/C@W@?Eóhealth€W d x@!Î  Ç«@  
1124844879|@
204543 @`ëollid&?À8 à;3731CÏ@;Ahurtboxà :@à7àsEÀ7E‰à 3086324736|109261619C£@Gƒ(›àj`Àk18951 ß70079 ÃI‹ 7@jà3àk77936128à3" gi{ed A³@@‡A_ve'M)·@  30|0`ã@BcJab AcI9€GSjabê7@+@À i u x WB/@@A§last_'*er$CŒ #Ã@ëê»× 1ã²ã³Á—AÃoê×D?As2_raKB·À+ÂòAÇ@ AkCcÀÃ»€Š×-  äwë§ /D{@W@_ã» ] @B[À@¢Û615319##ÆãG`óã»à;ã"»à7ãV»54978Có@ßã»AIdld›Ã—æë@@Àã³@ @AŸã³@ @#ã¿³îG‹C#idl,•'ã7³   $      ^šü¨         
 frame_type  @'@@@tick@ d '@@/start_tim`/ ·fnƒ€  'end`àduration 7‰A`åĞ"Ó?@W@7log`…@o N ¬ @«  @#@{à«@'@@À« –`@/à« Æà«  'input_complet! î`ÿ b @S@# C à	# a #AKpeer_2 `/@“@·@?@ 	 'local_lag  Ö`@@£remo ``@@?@@7advantag@Óà  C Qcul ›d_à &  @ @?@[€ß`Ö`?@@  $mess Ys_sen #o_ Äàg à'_sizeA@¯@3 Ô @[ "à3tot!@9  à3  3à«à’aW@Û@g@Ã@ f 3@ J`w  "•ingsa `  curr`å!àB{ºI+‡Şâ {â³â#B—â³@  `à 3â¯ | pA÷@'A@;à#À@@‡@»c €  `ÿ @C@@ Rà @7 - 
/root/Train ë Grounds/World/Players  1 /@O@{@O ÿ  @  €?@@ €€@o@@ €o@ $ CËWg¼¶ 
 €@W@à+—!Ò`?@{@C – —€@ @@ @@‡@@ @o@À— 8 — ¬ @“AK@#Bÿä/@ À#×äÇ ÇäB÷£—Aªs_receiv#jfrom_2â÷B‡@SAïâGàO@â@¿ ô @¯@çÀ?à#@ï@@@„@Ä—@ã ¿ tBû@CBû@'  à‚SyncMan#àr/Spawn €/@K@/  / s@@àords @O@ @@W c"_ t 8à +  €gâ‡Dummy/Animato€;@O@A—is_p"©"¿@ @  Ã« a`<&, @@ @  À#posi@"  @ @@ÓÀ s$ÓF»@ïAs@ã/C@W@?Eïhealth€W d x@!Î  À@  
1124844879|@
204543 @`ëollid&;À8 à;3731CÏ@;Ahurtboxà :@à7àsEÀ7E…à 3086324736|109261619C£@Ghiàj`Àk18951 ß70079 Ã   7@jà3àk77936128 +@k@3" gdÓed A³@@A_ve'Iity@  30|0`ã@BcJab AcB€GOjab_ã7@+@À i u x WB/@@A§last_&@er$CŒ #È@·
should_exit`7@· 0 'ÀCnex"ÔllowàC@ @#@ƒ!/àŸ@C@à_A×dash_abil!ÀS 6 ã§æ/ã²cï@{@AO!—ã³À›AÃoã³D?As2_r`GB·À+ÂòAÇ‰ˆˆ<@gCcÀÃ»@  &¯@- à%ÏBÃD·@W@?ã» ] O@B[À@¢Û615319##ÆãG`óã»à;ã"»à7ãV»54978Có@ßã»AIdld›CB?ã³@ @?AŸã³@ @#ãS@Cã›³ 2ãF³C#idl,‘'ã³@Ã.:AGC[ã³D'‰«  ¡ë~(î/ƒHë@oD‹"é»CËé‡ëÏ ®GázÎd[@7é@· ° ´D?GÀ{êS@'@@F 2ê à« ×êgJGk÷î
_Ì@# ï."î	ƒÊA³(êîƒ   	   local_lag       
 remote€@  @@7advantage à   Qculated_à &  @ @?@[	input_tick€? h @  mess Ys_sen #o_peer_2àg à'_size @¯@› Ô @[ " à[ e t!@9  à3  3à«à’  @g@Û@g@Ã@ÁK f ;@w  timings   `  curr`å!	  Ûù~j¼tç?@7  end me Øfnƒ <Àduration@7Ãõ(\Âñà 7log_typ 7€o | 7@{@«À?à#À@@‹@7 d ;@  a @C@@ Rà @' - 
/root/Train ï Grounds/World/Players  1 /@O@{@O ÿ  @  €?@@ €€@o@@ €o@ $ AWg¼¶ 
 €@W@à+—!Ö`?@{@C – —€@ @@ @@‡@@ @o@À— 8 — ¬ @“AK@#Cframea¥à?@star"û!ù@ áûBû£›Aªs_receiv#nfrom_2B“@ƒ@“B‹@oâKâ@; ô 0@¯@çÀ?à#@[@@@„@ c ã@@ã ¿ t º`CBÿ@  ‚SyncMan#är/Spawn €/@K@/  / s@@àords @“@ @@W c"_ t 8à +  €gâ‡Dummy/Animato€;@O@A{is_p"©"¿@ @  Ã¯ a`<#| @@ @  À#posi@"  @ @@ÓÀ s$×Cc@ïAs@ã/C@W@?  hhealt$Œ@W d @!Î  À@  
1124844879|@
204543 @`ëollid%zÀ8 à;3731CÏ@;Ahurtboxà :@à7àsEÀ7E‰à 3086324736|109261619C£@  “hiàj`Àk18951 ß70079 /@7   7@j``3àk77936128 +À3" gdÓed A³@@A_ve'Mity@  30|0`ã@BcJab AcB€GSjab_ã7@+@À i u x WA×@@A§last_&Der$CŒ # a @#@ë
should_exit`@· 0 @Cnex"ÔllowàC@ @C@ƒ!/àŸ@C@à_A×dash_abil!ÀS 6 ã§æ/ã²cï@{@AO!—ã³À›@ÛÃoã³D?As2_r`GB·À+ÂòAÇ‰ˆ=@gCcÀÃ»@  &¯@- à%ÏBÃD·@W@?ã» ] O@B[À@b§ 1#5319##ÆãG`óã»à;ã"»à7ãV»54978Có@ßã»AIdld›CB?ã³@ @?AŸã³@ @#ãS@Cã›³ 2ãF³C#idl,•'ã³DÃ®9AGC[ã³D'‰«  09xC¨ C“@g@?D[é§@+@@En@ f 7@@/"é»CËëÓÉv¾Ÿ/Íd[@7é@· ì x@«AÀ{à«@'@@À«(Ö`à« èìcJGk÷_comple.@B`ÿÈW@# ï à	#Ê  o r$back`A)È ºà ›E‡*é)o@@¯@óÀ7Lã¬Zd;ïaFSÁ×@”@ á`A¿)^N6`£AA+@W@C»'­-óîyû i!@“îdû_to_peer_2_total_size     Ô     input_ticks_sen 
 o 6     @3 i  h  g @C  end A
me  éfnƒ _@duration –C‹lçûı?À7log_typ 7     |   @sà#À@@±@7 Ò`  `Ë @C@@ Rà @7 - /root/Training Grounds/World/Players  1 /@O@{@O ÿ  @  €?@@ €€@o@@ €o@ $ AWg¼¶ 
 €@W@à+—!`?@{@C – —€@ @@ @@‡@@ @o@À— 8 — ¬ @“AK@# 
 framea¥à?@star"0!ù@ êáû  ;remot <b\received_from_2B[@ƒ@“BS@oB/âKàO@â/ ø @¯@çÀ?à#@[@@@„@ d —@@ã ¿ t º`C  @  ‚SyncManager/Spawn €/@K@/  / s@@àords @“@ @@W c"_ t 8à +  €gâ‡Dummy/Animato€;@O@A{is_p"©"¿G@ @  currCÊ a`<#| @@ @  À#posi@"  @ @@ÓÀspeeA3@ïA¯@ã/C@W@?  hhealt!ø@W d @!Î  À@  
1124844879|@
204543 @`ëollid$æÀ8 à;3731CÏ@;Ahurtboxà :@à7às  _À7EQà 3086324736|109261619C£@ @3 iàj`Àk18951 ß70079 /@7   7@j``3àk77936128 +À3" gdÓed A³@@A_velocity@  30|0`ã@BcJab AcB€ 	 /jab_ã7@+@À i u x 'A×@@A§last_"”er$CŒ # a @#@ë
should_exit`@· 0 @Cnex"ÔllowàC@ @C@ƒ!/àŸ@C@à_A×dash_abil!ÀS 6 ã§æ/ã²cï@{@AO!—ã³À›@ÛÃoã³D?As2_r`GB·À+ÂòAÇÎÌL=@gCcÀÃ»@  &¯@- à%ÏBÃD·@W@?ã» ] O@B[À@b§ 1#5319##ÆãG`óã»à;ã"»à7ãV»54978Có@ßã»AIdld›CB?ã³@ @?AŸã³@ @#ãS@Cã›³ 2ãF³C#idle_l'ã³   /AGC[ã³D'É«_hªê 7 ¨ C—@k@CD_é«Å@Er@(.`@/"é¿CÏé‹ë×Zd;ßOÍd_@7éƒ@» ° x@«G@‹@{à«@'@@À«(`@/à« øêkJKkû_compleªs`ÿIß@S@# C à	#ÈAK(î-2  `/@“@·@?@CK'=-KlaAG Ö`@@£ªï`@@?@@7advant*L 3À   Qcul ›d_à &  @ @?@[€ßA€[ j @  mess YíÀàƒKà'h\A@“@3Î "à[.&î9S@Ã@oî[@ÓFó,U*Û sa@—@G£Ã'A	NSoƒÀÊ¡áâ {â³â#B—â³¼t“Vîà 7â³î+‹ f!/@§IKa¯ B?@ã@@ÇÀ@'ç'‹J»@?B@O-ò­óî
‹         @    @ $   	Wg¼¶ 
 €  @' - /root/Training Grounds/World/Players  2 /@?  @O ÿ  @@ @@ à@‡À@o@À— 8 — ¬ 4@S  @# 
 	frame_typeà?@start_tim` ùfnƒ X@;  ;remot <icks_received_from_2  *`“ i @3  end 0meàO@log`‰@Ç@; ø @¯@çÀ?à#@'@@@„@ ª`@ã ¿ t@@C    ‡SyncManager/Spawn €/@K@W  / s@@àords @O@ @@W c!Ç t 8à +  €gáïDummy/Animato€;@O@A{is_p""'@ @  current_a`<ion @@ @  À#posi@"  @ @@ÓÀspeed @ïAs@â'« 1 ?@û@W@?  health€W d @!Î  À@  
1124844879|@
204543 @`ëolliderà È à;3731@‹@;Ahurtboxà :@à7às  _À7sizeà 3086324736|109261619C£@ @3 iàj`Àk18951 ß70079 /@7   7@j``3àk77936128 +À3" gd;ed A³@@A_velocity@  30|0`ã@BcJab AcB€ 	 /jab_ã7@+@À i u x 'B/@@A§last_"”er$CŒ # a @#@ë
should_exit`@· 0 @Cnex"ÔllowàC@ @C@ƒ!/àŸ@C@à_A×dash_abil!ÀS 6 ã§å— 1ã²bó@{@AO!—ã³À›@ÛÃoã³D?As2_r`GB·À+Ã+AÇ‰ˆˆ=@gCcÀÃ»@  €?@- à%ÏBÃã» ] O@WB[À@b§ 1#5319##ÆãG`óã»à;ã"»à7ãV»54978Có@ßã»AIdld›CB?ã³@ @?AŸã³@ @#ãS@Cã›³ 2ãF³Fßidle_l'ã³@Ã.:AGã³D'É«v’4Ş    ¨ C—@k@CD_é«Å@Er@'r`@/"é¿CÏé‹durhZ  V-²Íd_@7éƒ@» ì x@«A@‹@{à«@'@@À«Ê@/à«
gnê kJKinput_compleªs`ÿ f ï@# C à	#J@w  + r$“backf£)Ì ºà ›E‹*›)s s`Ï@@7@óÀ7AøSã¥›ÄèaFWÅ@×@–C‹lçûá`A¿)br_%h@£AA+@W@C¿'±al_la)ê`sÀwA r‹c`@@?À7advant*À 7À   Qcul!d_à &  @ @?@[S@µ€[ `  mess Ys_s'Ô_to_ ÄàƒLà'hĞÀï@3 Ô œ@w "à[ e t!i
à3  3à«à’aW@Û@g@Ã@ j 3@ÂcAÃâïgnâ _@âïßO—nûa¿@âï | ËAÃ@s@Óà#À@A]@‡AÛ@I‡`Ë Ÿ@C@@ Rà @'ç'ÇJ÷@O@{@O..®/€?@@ @@ @@o@îëÇáûBÃ£cAªîÇj         end_time  gnƒ  Àlog_typ      	     à#@'@@tick@ f +  state @C  @'  /root/SyncManager/Spawn €/@K@/  / s@_records @O@ @@Wcount 8à +  €g
Training Gr 'ds/World/Dummy/Animato€;@O@ 
 ;is_play 7@ @  current_a`<ion @@ @  À#posi@"  @ @@ÓÀspeed @ïAs@ - à» P ™ers  1 /@û@W@?  health€W d @AÿÀ@  
1124844879|@
204543 @`ëolliderà È à;3731@‹@;Ahurtboxà :@à7às  _À7sizeà 3086324736|1092616192 +@  hiàj`Àk18951 ß70079 /@7   7@j``3àk77936128 +À3" gbKed A³@@A_velocity@  30|0`ã@BcJab AcB€#n jab_ã7@+@À i u x 'B/@@A§last_"”ereCàck # a @#@ë
should_exit`@· 0 @Cnex"ÔllowàC@ @C@ƒ!/àŸ@C@à_A×dash_abil!ÀS 6 â$ëã²bó@{@AO!—ã³À›@ÛÃoã³D?As2_r`GB·À+Ã+AÇ«ªª=@gCcÀÃ»@  €?@- à%ÏBÃã» V O@WB[À@b§ 1#5319##ÆãG`óã»à;ã"»à7ãV»54978Có@ßãc»_14636288|3265 664¡ãÏB7[Ref#nce:3441]A§C3B_ãÓ@ @7A¿ãÓ@ @#ãs@Cã›Ó 2ãFÓA›D§ l!(A'A›Ã³ÃC  @ @ãÓDG $ ,EoónGv¨ C³Gg@?D{framei=€'@+@@E@ i 7@@/"rti‰@+é	‹é§gné§durhv  7®GázÎd{D#éÃ ° x@«G#À{à«@ß@@À« jà« à  'input_complet!F} v  ):`S@# ï à	# f #AK)
r_%@/@“@·@“@CG'Yal_la@W@_@@AOremo ``@@?@@7advant*h kà   Qcul ›d_à &â@[€ß`Ö`?ÂW  ?mess Ys_s'|_to_ Äàg à'hxÀï@3 Ô ¸@· "à3tot!h²à3  3à«à’aW@Û@g@Ã@ Ò`ÁïG,*÷ sa `G¿ÃCA	B{ã¥›Ä °ââ {â³gnâ³‹lçû©ñîà 7â³ | tAû@«Aâ×À@@‹@Ç*ê`Cûa @C@@ Rà @7ç'§J×@O@{@O ÿ  @  '÷@@ €€@o@@ €o@„C Wg¼¶ `@#@W@à+—!Ö`?@{@C – —€@ @@ @@‡@@ @o@À— 8 — ¬ @“AK@#Cä3@ À#ÛäËáûBû£›Aª sMÆeiv#nfrom_2âû k T@SAïâKâ/î+§DC@k@ã ¿îÕ§nimation    @ @  current_posit "  @ @  Àspeed     @ - /root/Training Grounds/World/Players  1 /  @W@?  health€W d @  À@  
1124844879|@
204543 @  colliderà È @à;3731@‹@Ahurtboxà :@à7às  _À7sizeà 3086324736|1092616192 +@  hiàj`Àk18951 ß70079 /@7   7@j``3àk77936128 +À3is_gaed A³@@A_velocity@  30|0`  state @ 
 Jab AcB€ 	 jab_À'AÓ@+@À i u x 'B/@@A§last_"pered_tick # a @#@ë
should_exit`@· 0 @C	next_allowàC@ @C@ƒ!/àŸ@C@à_A×dash_abil!ÀS 6 â$ë/AnimatoráAO!— p##/€—À›@ÛÃo a`=# w@·  As2_r`B·À+Ã+AÇÍÌÌ=@/CcÀÃ»@  €?@- à%ÏBÃAç@W@?ã» V O@B[À@b§126215455c»117# /`óã»à;4992ÃA hã»à7àsAãÀ7CPà §ãOã%»556009 ß82697 ßBo"‹D^@ja#aàkã»@ @§A_ã»`K1138498!_3265 664 0@/ãÏA3[Ref#nce:3441]@'C3B_ãÓ@ @7A¿ãÓ@ @#Aã»Ó 2ãFÓA›"_l!(A'A›Ã³ÃC  ‰ˆˆ<@C{ÀãÓDG $ /EoŒÏª*¨ C³C«@?D{frame_typ%à@'@@@E@ j 7@@/"rt%¨ m`/ gnƒ h@B‹enEÆmeàdurdÂ  7}?5^ºIÌd{@7log`…@o N ° @«G#@[@{à«@'@@À«F?@@/à«*gà«  cinput_complet!F} v  (~`C@# C à	#%ª`#AK)
r_%@/@“@·@ƒ@CG'Yal_la@3@_@@@£remo ``@@?@@7advantag!jà   Qcul ›d_à &B@ @?@[€ß`Ö`? m @  mess Ys_s'|_to_ Äàƒ à'd¼Àï@3 Ô ¸@[ "à3tot!döà3  3à«à’aW@Û@g@Ã@C#@ Ú`wG"w'C sa `EÛÃ#A	B{ƒÀÊ¡Eââ {â³+gnâÏâ³é&1¬ğà 7â³ | tAû@«Aâ×À@@‹@¿ i §Cûa @C@@ Rà @7ç'§GW@O@{@O ÿ  @  '÷@@ €€@o@@ €o@„C Wg¼¶ `@#@W@à+—!Ö`?@{@C – —€@ @@ @@‡@@ @o@À— 8 — ¬ @“AK@#Cä3@ À#ÛäËáûBû£›Aªs_receiv#nfrom_2âûB‹@SAïâKâ/ #ä@¯@çÀ?à#@ï@@@„@Ä›@ã ¿k—@CBÿ@'  àŠ—SyncMan#är/Spawn €/@K@/FC s@@àords ?@O@ @@W c-Ã+ à +  €gíëDummyç @S@O@A—êó@ @H?Ã¯êó@ @#ç@ @@ÓÀCÇ@ïB3@ã/C@W@?Eóî´§urtbox_size    1086324736|1092616192 @  hit@2position``7	124189519|@
270079 /@7   7@j``3àk77936128 +À3is_grounded  @@  velocity@  0|0`  state @ 
 Jab Ac`®` 	 jab_À'  @+@À i u x   @  last_entered_tick @# a @#@ë
should_exit`@· 0 @C	next_allowàC@ @C@ƒ!/àŸ@C@à_  Ddash_abil! `7 6 /root/Training Ga[s/World/Players 
 1/AnimatoráAO!— p - C€—À›@Ûcurr!_a`=B!€  As2_r`  À+ÂLAÇïîî=@ç àspe"  aç  €?@-  à$ÏBÃAç@W@?  ?health¿ V @B[À@b§126274601bÛ02654áÏcolliderà È Kà;82774 AhurãPàsAãÀ7CPà 3ãOã%» 5Cæ 4€ß11554A/@WBo"‹Có@j``×àkã»@ @OA_ã»`K11310!a4|3!i 5!$ 9ÄãÏA3[Ref#nce:3441]@WC3B_ãÓ@ @7B³ãÓ@ @#Aã»Ó 2ãFÓA›"_l!(A'A›ãÓ‰ˆãÓDG $ K  	ĞØ 
 ¨ C·C¯@cDframe_typ%äE{@@@E’@E—@@/"rt%¬ m`/ +gnƒ l@BenEÊmeàdurdÆ  7!°rh‘íÌd@7log`…@o N ° @«G'@[@{à«@'@@À«Á?@/à«<gà«  cinput_complet!F v i @S@# C à	#$ê`#AK%Rr_#ä@/@“@·@?@CK']al_la%â`_@c@@£remo ``@@?@@7advantag!jà   Qcul ›d_à &  @ @?@[€ß`Ö`?ÅK  $mess Ys_sFato_ Äàƒ à'dÀÀï@3 Ô ¸@w "à3tot!dúà3  3à«à’aW@Û@g@Ã@ m 3@ÁïG"w'G sa `EßÃGA	B{®Gáz®ßâ {â³â#B—â³‰A`åĞ"ëà 7â³ | tAû@«A@?à#À@@‹@¿ j §Cÿa @C@@ Rà @7 - è${ /@O@{@O ÿ  @  'û@@ €€@o@@ €o@ÄGWg¼¶ `@#@W@à+—!Ö`?@{@C – —€@ @@ @@‡@@ @o@À— 8 — ¬ @“AK@#Cä3@ À#ÛäË=gnä ËBû£›Aªs_receiv#nfrom_2âûB‹@SAïâKàO@â@¿ #ä@¯@çÀ?à#@ï@@@„@Ä›@ã ¿k›@CBÿ@'  à‚SyncMan#är/Spawn €/@K@/IÃ s@@àords ?@O@ @@W c,7+¤à +  €gëDummyç$@S@O@A—ê÷@ @HCÃ¯ê÷@ @#ç@ @@ÓÀCÊï@ïAs@ã/C@W@?Eóêï d x@Aãê
ï4844879|*ú4204543 /`ëêïà;3731CÏ@kA hêïà7àsEÀ7E‰@Kj7êƒê%ïîı«   should_exit      0 @  next_allowed_tick   @ @# 	 hit_state   @C@  à_  dash_ability `7 6 /root/Training Grounds/World/Players 
 1/Animator€@{@ 
 Gis_p - C€—À›@Ûcurren Ş`=ion /@7  jab_2_r`  À+posi@*  ‰ˆ>@/  Àspeed @  €?@- à%Ï 2 /AG@W@?  health{ V @  À@  
1126330789| 
3932685 @`óolliderà È à;98221 Ahurtboxà :@Sà7àsAãÀ7sizeà 3086324736|109261619@÷@  s"Sàj` k567542`ß4063757 /@7Bo 7@j``3àk77936128à3"# gb_ed B@ @OA_veloc"›@`KaU29!_325765378Ã/  8Ã@/A3[Refe"ece:3441]@C3B_À+Aë@@À i  x O  @ @A¿last_"´ SãAãs@Cã›Ó 2ãFÓA›"_l!LAKA›Ã³ÃC  ÎÌL=@C{ÀãÓB' $ /AŸtñN¨ AÇC«@?D{frame_typ%@'@@@EJ@À@/"rt%d m`/ =gnƒ h@/B‹enAòmeàdurdÂ  7!°rh‘íÌd{@7log`…@o N ° @«Cg@[@{à«@'@@À« m ;@@/à«Mgà«  'input_complet!F9 v j @C@# C à	# i #AK%Nr_$@/@“@·@?@C+#al_la%Ş`_@c@@£remo ``@@?@@7advantag!jà   Qcul ›d_à &B@ @?@[€ß`Ö`? o @  mess Ys_s#¨_to_ Äàƒ à'd¼Àï@3 Ô ¸@[ "à3tot!döà3  3à«à’aW@Û@g@Ã@F@ÁïG"w'C sa `EÛÃ#A	B{u“Váâ {â³â#B—â³ü©ñÒMbìà 7â³ | tAû@«A@?à#À@@‹@¿!š`Cûa @C@@ Rà @7 - è$w /@O@{@O ÿ  @  '÷@@ €€@oÀ@o@„C g¼¶ &`@#@W@@'à'—!Ö`?@{@C – —€@ @@ @@‡@@ @o@À— 8 — ¬ @“AK@#Cä3@ À#ÛäËNgnä ËBû£›Aªs_receiv#nfrom_2âûB‹@SAïâKàO@â@¿ #ä@¯@çÀ?à#@ï@@@„@Ä›@ã ¿ê ÏBÿ@'  à‚SyncMan#är/Spawn €s@K@/FC s@@àords ?@“@ @@W c*×'Ìà +  €gêÿDummyç @S@O@A—(Ïêó@ @GûÃ¯êó@ @#ç@ @@ÓÀCÇ@ïAs@â'«ÃC@W@?Eóêë d x@AãÇ§@‰‹2484487Š204543 /`ëêëà;3731@‹@[A hêëà7àsEÀ7E‰@K`§êê%ë418951 ß70079 ßIç(ÏK#@j`·àkêëÁ·A_ vêë  g0|0`Wã@ÓBcJab AcM	€#nê$ÓB3@KA§êÓ a S@#@ëê»Óîo§š™î§       €?   - /root/Training Grounds/World/Players  2 /    @?  health    V @  position@  
1126384168| 
3879285 @  collider_À8 @à
;944821   hurtboxà :à7às à7sizeà 3086324736|109261619@÷@ @3 iàj` £572880`ß4010357 /@7   7@j``3àk77936128 +À3is_gaed  @ @A_velocity@`K  718721|3250818620 0@  state @A3[Reference:3441]@ 	 jab_À+Aë@@À i  x 'Aï@ @A¿last_ent Sd_tick à#A
should_exit`7@ÓÀ£@C	next_allowàC@ƒ!GàŸ@C@ƒà_Aïdash_abil!7 `7 6 ã$/Animatorá 
 G!¯ p#1#G€—À›@Ûcur!m Ş`=# /@·A›@Ó l A›À+Ã
  ‰ˆˆ=@/C{Àspe"  @  £Ó@s$ A{ ÑbİÜ 
 ¨ AËC¯@C@«frame_typ"A§@@@A¾@ m 7@@/"rt!Ø m`/ Ngnƒ l@BenAömeàdur`ò  7mçû©ñÒÍd@7log`…@o N ì @«A@[@{à«@'@@À«ÁO@/à«\gà«  cinput_complet!B­ v  B³@S@# C à	# j '@#   r$³back`A sCÀ›  !" s`Ï@_@7@óÀ7AƒÀÊ¡E¶çaB£ÁÛ@”@œÄ °rhá`A¿!òr_$@£@kA+@W@C$al_la"‚`sÀwAremo Ô`@@?À7advantag!Şà   Qcul!d_à &‚s€?@[S@µ€? p   mess Ys_sCto_ Äàƒ à'e4Àï@3 Ô ¸@· "à3tot!enà3  3à«à’aW@Û@g@Ã@ o 3@ÂcAÃâï]gnãâïbîMúa¿@7âï | ËAÃ@s@Óà#À@A]@‡Ä+D;`Ë Ÿ@C@@ Rà @7 - ä#ãG[@O@{@O ÿ  @  $c@@ €€@oÀ@o@Äƒg¼¶ &`@#@W@@'à'—!`?@{@C – —€@ @@ @@‡@@ @o@À— 8 — ¬ @“AK@#BËäo@ À$åáûBÃ£cAªs_receiv#6from_2âÃBS@SAïâKâ/ #ä@¯@çÀ?à#@ï@@@„@#’`@ã ¿h@C    ‚SyncMan#¬r/Spawn €/@K@WFƒ s@@àord$ú`O@ @@W c*G(à +  €gêoDummyç`@£@O@A—ç_@ @ç_@ @#FOÅ[çW@ @@ÓÀÇW@ïB3@â'«ÃC@W@?E»ë+ d x@AÿÀ@‰Ë248*ä79|@
204543 /`ë&wë+à;3731@‹@[A hë+à7àsF—À7EQ@K`§ê¿ë%+418951 ß70079 ßIÇ)KÎ@j`·àkë+Á·A_ë+  g0|0`Wã@ÓBcJab Ac‰ @#në$B3@7A§ë a S@#@ëë» 1ã²ã³Á—AÃoëD?L‡2_ra'B·À+Ã+AÇ«ª*>AGCcÀÃ»@  &¯@- äwîFç43#» 8C»386633ÂÛ`óã»à;93-ÏÏ#A hã»à7àsã»ize      1086324736|1092616192 @  hitbox_position``7	125779518| 
3997411 /@7   7size``3àk <36128 +À3is_grounded  @ @  velocity@`K  078167|3233653056 '@  state @  [Reference:3441]@ 	 jab_À+  @@À i  x   @ @  last_ent Sd_tick à#A
should_exit`7@Ó 0 'ÀC	next_allowàC@ƒ!GàŸ@C@?à_  gdash_abil!7 `7A#/root/Training Gass/World/Players 
 2/Animatorá 
 O!¯ p - C€—À›Acur!m Ş`=B9€A›@Ó l A›À+Âd  «ªª=@ç  Àspe"  @  €?@@s$ {<q£0¨ AÇ  @@§frame_typ"A£@@@Aº@ÀŸ@/"rt!Ô m`/ ]gnƒ h@/B‹enAòme@^gàdur`î  7Å °rh‘Í`§@7log`…@o N ì @«A@[@{à«@'@@À« o ;@@/à« mà  'input_complet!B© v  Á@# C à	#BÓ@g  /rollback`A sCÀ›  !" s`Ï@_@7@óÀ7AÓMbX9èaBŸÁ×@”@#Ûù~j¼Ü`A¿!îr_$Œ@£@kA+@W@C$al_la"~`sÀwAremo Ô`@@?À7advantag!Şà   Qcul!d_à &‚o€?@[S@µ€? q   mess Ys_sBıto_ Äàƒ à'e0Àï@3 Ô ¸@· "à3tot!ejà3  3à«à’aW@Û@g@Ã@ p 3@ÂcAÃâïngnãâïÉv¾Ÿ/ùa¿@7âï | ËAÃ@s@Óà#À@A]@‡ m @D7`Ë @C@@ Rà @' - ä#ßF³@O@{@O ÿ  @  $_@@ €€@oÀ@o@„ g¼¶ &`@#@W@@'à'—!`?@{@C – —€@ @@ @@‡@@ @o@À— 8 — ¬ @“AK@#BËäo@ À$åáûBÃ£cAªs_receiv#6from_2âÃBS@SAïâKâ/ #ä@¯@çÀ?à#@ï@@@„@Ä×@ã ¿h@CD£@'  à‚SyncMan#¬r/Spawn €/@K@/F s@@àord$ú`O@ @@W c(³(à +  €gçgDummyç\@£@O@A—ç[@ @ç[@ @#FOÅ[çS@ @@ÓÀÇS@ïB3@â'«ÃC@W@?E»health€W d x@AÿÀ@‰Ç24844879|@
204543 /`ë&wid&À8 à;373ê ƒAhurê¼àsF—À7EQà 3ê»ë%'418+' ß70079 ÃIÃ)K_@ja#`×àkë'Á·A_ë'  g0|0`Wã@ÓBcJab Ac‰œ@#në$B3@7A§ë a S@#@ëë» 1ã²ã³Á—AÃoëD?Lƒ2_ra'B·À+ÂòAÇ¼»;>AGCcÀÃ»@  &¯@- äwëß /D{@W@?ã» V @B[À@b§126483052C»3893847 /`óã»à;95 <Ã÷A hã»à7àsãJ»582769`ß402491ãG»@ AOA_ã»_10469640O›533471A¯@/ãÏA3î ã      	   jab_index   @ @  last_entered_tick à#  
should_exit`7   0 ÀC	next_allowàC@ƒhit_state 7  @C@?à_  +dash_ability `7 6 /root/Training Grounds/World/Players 
 2/Animator€@{@ 
 Gis_p - C€—À›Acurr!_a`=ion /@7  @Ó l @  À+posi@*  ÍÌÌ=@  Àspeed @  €?@@s$ A{ ]ÆÌ 
 ¨ A+  @#@«frame_typ!HA§@@@A¾@ oà/!srt!Ø m`/ ngnƒ l@/  'enAöme@ogàdur`ò  7Év¾Ÿ/Í`«@7log`…@o N ì @«A@[à«@'@@À« p ;@@/à« ~à  'input_complet!B­ v m @C@# C à	#Á§  +rollback`A sCÀ›  !" s`Ï@_@[@óÀ7á éaB£ÁÛ@”@ƒÀÊ¡E¶ã`A¿!òr_2 `£@kA+@W@Clocal_la"‚`sÀwAremo Ô`@@?À7advantag!Şà   Qcul!d_à &‚s€?@[S@µ€?#`[  mess Ys_sCto_ Äàƒ à'_sizeA“@¯@3 Ô @· "à3tot!@9  à3  3à«à’aW@Û@g@Ã@ q 3@ÂcAÃâïgnãâïáz®Gáüa¿@7âï | ËAÃ@s@Óà#À@A]@‡ä;`Ë Ÿ@C@@ Rà @7 - ä#ã 1 /@O@{@O ÿ  @@ @@ à@oÀ@o@Äƒg¼¶@/@@@W@@'à'—!`?@{@C –à0— 8 — ¬ SE‡@“BËå@ À$å €áûBÃ£cAªs_receiv#6from_2âÃBS@SAïâKàO@â/ #äACAÀ?à#A@@@„@Ä×@ã ¿ç ;D£@'  à‚SyncMan#¬r/Spawn €s@K@/Fƒ s@@àord$ú`“@ @@W c'C(à +  €gçkDummyç`@ç@O@A—ç_@ @ç_@ @#FOÅ[çW@ @@ÓÀÇW@ï   @â'«ÃC@W@?E»health€W d WAãÀ@'  
1124844879|@
204543 @`ë&wid&À8 à;3731@‹@;Ahurtboxà :@à7àsF—À7EQà 3086324736|109261619C£@  “(×àj`Àk18951 ß70079 /@7IÇ 7@j``3àk77936128à3" gi·ed A³@@OA_ve')ó@  30|0`ã@BcJab AcIu€#nj÷ã7@+@ÀëB3@A§ë a S@#@ëë» 1ã²ã³Á—AÃoëD?Lk2_ra'B·À+ÂòAÇÍÌL>AGCcÀÃ»@  «-  äwëã /D{@W@_ã» V @B[À@b§126528818C»396181ìãã»à;402734LŸ@[A hã»à7àsãJ»58 — 5`ß4083177¡BÏã;»@ @óA_ã»_09891540!_0683021Á#ãÏA3[Ref.“nce:3441]@WÃ·ãÓ@ @7B³ãÓ@ @#Aã»Ó2/Animator      € 
 is_playing   @@  current_animation @  hit_l @  À+posi@*  ïîî=@  Àspeed @  €?@@s$    	ØHhç 
 ¨ @«  @#@«	frame_type@+€@@tick@ p @@/start_tim`/ €gnƒ€  'end`àdur`ò  7h‘í|?5Î`«@7log`…@o N ° @«  À{à«@'@@À« qà/à«gà«  'input_complet! î!/  Á“@# C à	# m '@wAK!~r_2 `/@“@·@@ 	 'local_la"`_@c@AOremo ``@@?@@7advantag!jà   Qcul ›d_à &ÿ€?@[€ß`Ö`? s   mess Ys_sBto_ Äàƒ à'_sizeA@¯@3 Ô @· "à3tot!@9  à3  3à«à’aW@Û@g@Ã@ r 3@Áï  "•#s sa `  Ã'A	B{%•C‹àâ {â³â#B—â³R¸…ëQìà 7â³ | tAû@«A@?à#À@@‹@¿ o Ÿ@Cÿa @C@@ Rà @' - 
/root/Train ï Grounds/World/P$yers  1 /@O@{@O ÿ  @@ @@ à@oÀ@o@ÄGg¼¶@/@@@W@@'à'—!Ö`?@{@C –à0— 8 — ¬ SAK@“Cä3@ À#ÛäËgnä ËBû£›Aªs_receiv#nfrom_2âûB‹@SAïâKàO@âAW #äACAÀ?à#A@@@„@Ä›@ã ¿ t#J`CBÿ@'  ‚SyncMan#är/Spawn €/@K@/FG s@@àordC_@“@ @@W c"_ t 8à +  €gâ‡Dummy/Afæ o€;@O@A—ç#@ @ç#@ @#  ÃÓç@ @@ÓÀÇ@ïAs@â'«ÃC@W@?Eóhealth€W d x@AãÀ@  
1124844879|@
204543 @`ëollid&?À8 à;3731@‹@;Ahurtboxà :@à7àsEÀ7E‰à 3086324736|109261619C£@Gƒ(›àj`Àk18951 ß70079 Ã   7@jà3àk77936128 +@k@3" gdÓed A³@@A_ve'Mity@  30|0`ã@BcJab AcI9€#n jab_ã7@+@À i u x 'B/@@A§last_'*er$CŒ # a @#@·
should_exit`@· 0 @Cnex)øllowàC@ @C@ƒ!/àŸ@C@à_A×dash_abil!ÀS 6 ã§æ/ã²cï@{@AO!—ê(×D?As2_r`GB·Ã›ÂòAÇŞİ]>@gCcÀÃ»@  ª×- à%ÏBÃD·@W@_ã» V O@B[À@¢Û6572295c»07022AO@AÏã»à;104617 kA hã»à7àsAãÀ7CP@‡`§ãOã%»591693€ß 1$_85 £Bo"‹Có@j`óàkã»@ @§A_ã»`K ­ 3$Ö 4@11917754 0@/ãÏA3[Ref#nce:3441]@'C3B_ãÓ@ @7A¿ãÓ@ @#Aã»Ó 2ãFÓA›"î«‰ˆãÓDãŠc  ZPÀtî/§ÌD«"éÛB‹é§ëóî§ì          
 frame_type     @@tick@ r @/start_tim`/ Ÿgnƒ 4@/  'input_complet X B`W o À# C à	# n #  rollback`A sà›   ings @Ï@£@[  À7  ›¼t“Vê?@  curren@½€…ëQ¸İ`  peer_2 `Ç Ò`[@;@ 	 local_lag @s@@Aremo Ô`@@?@@7advantag!2à   Qculated_à &  @ @?@[S@µ€? t @  mess Ys_s`Ùo_ Äàƒ à'_sizeA·@¯@3 Ô @[ "à3tot!@9  à3  3à«à’aW@Û@g@Ã@!Ú`ÂcAÃend ímeB_ gnâ _@durationAßªñÒMbúa¿@logbÉ@W  W | B@s@Óà#À@A]@7 p 7@  `Ë @C@@ Rà @' - 
/root/Train"“ Grounds/World/Players  1 /@O@{@O ÿ  @@ @@ à@oÀ@o@ $ $Ag¼¶ 
 €@W@@'à'—!`?@{@C –à0— 8 — ¬ SAK@“BËäo@ À$ä[ ¡áûBÃ£cAªs_receiv#6from_2âÃBS@SAïâKàO@â/ #¬ACAÀ?à#A@@@„@Ä×@ã ¿ t#`CD£@'  ‚SyncManager/Spawn €/@K@/  / s@@àord@Ë@“@ @@W c"_ t 8à +  €gâ‡Dummy/Animato€;@O@A—is_p"©"¿‚c@ @  Å7 a`<#| @@ @FOÀ#posi@" @  @@ÓÀ s$Ÿ d @ïBË@â'«ÃC@W@?E»health€W d _@AãÀ@  
1124844879|@
204543 @`ë&wid&À8 à;3731@‹@;Ahurtboxà :@à7àsF—À7EQà 3086324736|109261619C£@  “hiàj`Àk18951 ß70079 /@7   7@j``3àk77936128 +À3" gdÓed A³@@A_ve'ity@  30|0`ã@BcJab AcB€#n jab_ã7@+@À i u x 'B/@@A§last_&òer$CŒ # a @#@ë
should_exit`@· 0 @Cnex"ÔllowàC@ @C@ƒ!/àŸ@C@à_A×dash_abil!ÀS 6 ã§æ/ã²cï@{@AO!—ã³À›@ÛÃoã³D?As2_r`GB·À+ÂòAÇïîn>@gCcÀÃ»@  €gw-  à$ÏBÃD·@W@_ã» V O@B[À@b§12661359‚Û146284 /`óã»à;7905@‹@[A hã»à7àsAãÀ7CP@K`§ãOã%»595823€ß21182Â¯Bo"‹D^@j`·àkã»@ @§A_ã»`K ¸ q610%1622856ÄãÏA3[Ref#	nce:3441] \C3 jã"Ó@ @7A¿ãÓ@ @#Aã»Ó 2ãFÓA›"_l!(A'A›Ã³ÃC  š™ãÓDGŠc  ä³¸#¨ C³C«@_D{éÇ@+@@E@$²`@/%ãéÛB‹é§ëóî|?5^ºÑd{@7éŸ@· ì x@«A@‹@{à«@'@@À«Ig@@/à«°gnì ƒJglî
¿Ì;@# C.î	ãÊ/î?ãºI+‡æaDÁ÷@×M#!°rh‘íÜ?      peer_2           	 local_lag   @ 
 remote€@@?@@7advantage 'à   Qculated_à &  @ @?@[	input_tick€? u @  mess Ys_sen #o_ Äàg à'_sizeÀï@3 Ô ¸@[ "à3tot!@9  à3  3à«à’aW@Û@g@Ã@ t 3@ s @w  end íme!E±gnƒ “@duration ğ§ÆK7‰÷?À7log_typ 7     | AÃ@sà#À@A]@7 q 7@  `Ë @C@@ Rà @' - /root/Training Grounds/World/Players  1 /@O@{@O ÿ  @@ @@ à@oÀ@o@ $ $Ag¼¶ 
 €@W@@'à'—!`?@{@C –à0— 8 — ¬ SAK@“BËframea¥€g@ Àstar"Ã!ù@áûBÃ£cAªs_receiv#6from_2âÃA³@SB/âKâ/ #¬ACAÀ?à#A@@@„@ p À@@ã ¿ t º`C  @  ‚SyncMan#¬r/Spawn €/@K@/  / s@@àordC@“@ @@W c"_ t 8à +  €gâ‡Dummy/Animato€;@O@A—is_p"©"¿‚c@ @  currD] a`<#| @@ @  À#posi@"  @ @@ÓÀ s$Ÿ d @ïBË@â'«ÃC@W@?  Ohealth€W d @AÿÀ@  
1124844879|@
204543 @`ëollid&À8 à;3731@‹@;Ahurtboxà :@à7às  _À7EQà 3086324736|109261619C£@ @3 iàj`Àk18951 ß70079 /@7   7@j``3àk77936128 +À3" gdÓed A³@@A_ve'ity@  30|0`ã@@Idl`ß#f jab_ã/@@À i m x 'B'@@AŸlast_"Œer#úC„ # a @#@ã
should_exit`@¯ 0 @Cnex"ÌllowàC@ @C@ƒ!'àŸ@C@à_AÏdash_abil!ÀS 6 ãŸæ'ãªcç@{@ã«À›@ÛÃgã«C#idle_ O@GB¯À+ÂêA¿@ @C[ÀÃ³€ €go- à%ÏB»D¯@W@_@ã³ V O@BSÀ@bŸ126652837ã,³à;ã"³à7ãV³599747 ßãc³B¯ 1$ $k961|0Asã»B+[Ref#snce:3441]@'C'ã#Ç@ @7B§ãÇ@ @#ãg@Cã›Ç 2ãFÇA›D› l!(A'A›Ã§Ã7C§«ª*>@CoÀãÇD;ÊOvjO ¨ [C«C£@CDsé·Å“@E†@H«@@/%ÛéËCãé—²gnëã?5^ºIÒds@7é@» ¬ x@«GÀ{à«@'@@À«Ê#à« ÁàJWl_comple-ã@B`ÿÌ+@# ï à	#ÊAK(úîœ_ v!ÿA+î³_@Ã"îg@ÓK?,a*ç sb7         current_tick @  ?    end me  Âgnƒ  Àduration •C‹lñà 7log_typ 7     |   @_À?à#À@@‡@7 r /@  input @C@@ Rà @' - /root/Training Grounds/World/Players  1 /@O@{@O ÿ  @@ @@ à@oÀ@o@ $ $Ag¼¶ 
 €@W@@'à'— 2 C@?@{@C –à0— 8 — ¬ SAK@“ 
 framea¥€g@ ÀstarB m`áû  (remot <"2s_received_from_2 A@» u @SâKâ@;	 á À?à#@[@@@„@ q k@ã ¿ t º`C  @'  ‚SyncManager/Spawn €/@K@/  / s@@àords A—@ @@W c"_ t 8à +  €gâ‡Dummy/Animato€;@O@A—is_p"©"¿@ @  Ã« a`<#| @@ @  À#posi@"  @ @@ÓÀspeed @ïas â'«ÃC@W@?  Chealth€W d @AÿÀ@  
1124844879|@
204543 @`ëolliderà È à;3731@‹@;Ahurtboxà :@à7às  _À7sizeà 3086324736|109261619C£@ @3 iàj`Àk18951 ß70079 /@7   7@j``3àk77936128 +À3" gdÓed A³@@A_velocity@  30|0`ã@@Idl`ß#f jab_ã/@@À i m x 'B'@@AŸlast_&8er#úC„ # a @#@ã
should_exit`@¯ 0 @Cnex"ÌllowàC@ @C@ƒ!'àŸ@C@à_AÏdash_abil!ÀS 6 ãŸæ'ãªcç@{@ã«À›@ÛÃgã«C#idle_ O@GB¯À+Ã#A¿@Ã.:@C[ÀÃ³@  €go- à%ÏB»D¯@W@_@ã³ V O@BSÀ@bŸ126690113ã,³à;ã"³à7ãV³603475 ßãc³B¯ 1#õ854095|0Asã»B+[Ref#snce:3441]@'C'ã#Ç@ @7B§ãÇ@ @#ãg@Cã›Ç 2ãFÇA›D› l!(A'A›Ã§Ã7C§¼»;>@CoÀãÇD;ÊOYÌıÒ V ¨ C«C£@CDsé·Å“@E†@K+@@/%ÛéËCãëãd;ßO—Îds@7é@» ° x@«GÀ{à«@'@@À«Ê#à«Ògnì sJWl_compleª`ÿ%J`S@# ï à	#ÊAK(úr_%@/@“@·@“@CK'Ial_la)‚`_ Ú`@£ rŠû`@@?À7advant*X /à   Qcul ›d_à &B@ @?@[€ßA€? w @  mess Ys_s't_to_ ÄàgK›à'hhÀï@3 Ô ¸@[ "à[ e t!h¢à3  3à«à’aW@Û@g@Ã@ v 3@ÁïK?,a*ç sa `EÃ'A	N_/İ$.b Ûâ {â³Ógnâ #B—î—ğ§ÆK7‰éà 7â³î+—LA7Cÿa ·B?@Û@@ÇÀ@'ç'ŸJÇ@?Á?-şí0ÿî—root/Training Grounds/World/Players  2         ÿ  @@ @@ à  À  @ $   	8g¼¶ 
 ¬ @S  @# 
 	frame_type@+€ Àstart_tim` Ógnƒ X@  *remot <icks_received_from_2  *   v @3  end 0meàO@log`‰@3@;	 `¯@çÀ?à#@'@@@„@ r c@@ã ¿ t º`C  @  /root/SyncManager/Spawn €/@K@/  / s@@àords AC@ @@W c!Ç t 8à +  €gáïDummy/Animato€;@O@A—is_p""'@ @  current_a`<ion @@ @  À#posi@"  @ @@ÓÀspeed @ïas  - à»â« 1 /@û@W@?  health€W d @AãÀ@  
1124844879|@
204543 @`ëolliderà È à;3731@‹@;Ahurtboxà :@à7às  _À7sizeà 3086324736|109261619C£@ @3 iàj`Àk18951 ß70079 /@7   7@j``3àk77936128 +À3" gd;ed A³@@A_velocity@  30|0`ã@@Idl`ß#f jab_ã/@@À i m x 'B'@@AŸlast_"Œer#úC„ # a @#@ã
should_exit`@¯ 0 @Cnex"ÌllowàC@ @C@ƒ!'àŸ@C@à_AÏdash_abil!ÀS 6 â$ããªbë@{@ã«À›@ÛÃgã«C#idle_ O@GB¯À+Ã#A¿DÃ®9@C[ÀÃ³@  €?@- à%ÏB»ã³ V O@WBSÀ@bŸ12672552##¾ã?`óã³à;ã"³à7ãV³607016 ßãc³B¯ 1#õ406772|0Asã»B+[Ref#snce:3441]@'C'ã#Ç@ @7A³ãÇ@ @#ãg@Cã›Ç 2ãFÇA›D› l!(A'A›Ã§Ã7  ÍÌL>@ãÇD;É·àŸŠ : ¨ C«D3@CDsé·  #@@E†@ u @/%ÛéËCãé—durhf  Év¾Ÿ/Íds@7é@» ì x@«A@‹@{à«@'@@À«Ê#@/à«âgnê wJWinput_compleª`ÿI›@S@# C à	#%n`#   r$§backf· < ºà ›I×*§) s`Ï@@[@óÀ7AV-²åaC»Áû@×@¼t“VŞ`A¿)nr_%|@£AA+@W@C¿'½al_la)ö`sÀwA«o`@@?À7advant*Ì 7À   Qculat']à &B“  ¦;@[S@µ€[Gë@[   mess Ys_s'è_to_ ÄàƒLà'hÜÀï@3 Ô œ@[ "à[ e t!ià3  3à«à’aW@Û@g@Ã@ w 3@ÂcAÃâïãgnâ _@âïš™@  ÷a¿@âï | ËAÃ@s@Óà#À@A]@‡ t @D;`Ë @C@@ Rà @'ç'ÛK@O@{@O.:î0; ®;@G@@W@à+—!`?à;—î?ÓáûBÃ£cAªîÓBSAAïâKâ/   	          log_type @@@tick@ s @  state @C  @  /root/SyncManager/Spawn €/@K@/  / s@_record@_@O@ @@Wcount 8à +  €g
Training Gr 'ds/World/Dummy/Animato€;@O@ 
 ;is_play 7   @ @  current_a`<ion @@ @  À#posi@"  @ @@ÓÀspeed @ï@g@ - à» P ™ers  1 /@û@W@?  health€W d @A¿À@  
1124844879|@
204543 @`ëolliderà È à;3731@‹@;Ahurtboxà :@à7às  _À7sizeà 3086324736|1092616192 +@  hiàj`Àk18951 ß70079 /@7   7@j``3àk77936128 +À3" gbKed A³@@A_velocity@  30|0`ã@@Idl`ß 	 'jab_ã/@@À i m x 'B'@@AŸlast_"Œered_C„ # a @#@ã
should_exit`@¯ 0 @Cnex"ÌllowàC@ @C@ƒ!'àŸ@C@à_AÏdash_abil!ÀS 6 â$ããªbë@{@ã«À›@ÛÃgã«C#idle_ O@GB¯À+Ã#A¿   /@C[ÀÃ³€€?@-  (d×äoã³B»ã³ V O@WBSÀ@bŸ126759168ã,³à;ã"³à7ãV³610380 ßãc³B¯1106667375|0Asã»B+[Ref#snce:3441]@'C'ã#Ç@ @7B§ãÇ@ @#ãg@Cã›Ç 2ãFÇA›D› l!(A'A›Ã§Ã7C§Şİ]>@ãÇD; $ K  	Èºö– 
 ¨ C«D3@CDsframei	@+€@@E†@ v @@/%Ûrt%  m`/ ãgnƒ l@CãenE¾ m)Wà	durhf  Év¾Ÿ/Íds@7é N ì x@«A@[@{à«@'@@À« w ;@@/à«ógà«  'input_complet!)ú!/ K @C@# C à	#I¿@#  + r([back`A @CÀ›  !) s`Ï@@7@óÀ7AƒÀÊ¡EæaC»Áû@”@®GázŞ`A¿)nr_%|@£@kA+@W@C¿'½al_la)ö`sÀwAremo Ô`@@?À7advant*Ì 7À   Qcul!d_à &B“  ¦;@[S@µ€[G(@[   mess Ys_s'è_to_ Äàƒ à'hÜÀï@3 Ô œ@[ "à3tot!ià3  3à«à’aW@Û@g@Ã@È·ÂcAÃâïôgnãâïTã¥›Ä øa¿@7âï | ËAÃ@s@Óà#À@A]@ u Ã@D;`Ë @C@@ Rà @'ç'ÛK@O@{@O ÿ  @@ @@ à@oÀ@o@Äƒg¼¶@/@@@W@@'à'—!`?@{@C –à0— 8 — ¬ SAK@“BËäo@ À$åáûBÃ£cAª sMòeiv#6from_2âÃBS@SAïâKâ/CäACAÀ?à#A@@@„@B@@ã ¿îİÓ     ` @  	current_position @ @  Àspeed     @ - /root/Training Grounds/World/Players  1 /  @W@?  health€W d @  À@  
1124844879|@
204543 @  colliderà È @à;3731@‹@Ahurtboxà :@à7às  _À7sizeà 3086324736|1092616192 +@  hiàj`Àk18951 ß70079 /@7   7@j``3àk77936128 +À3is_gaed A³@@A_velocity@  30|0`  state @@Idl`ß 	 jab_ÀAË@@À i m x 'B'@@AŸlast_"hered_tick # a @#@ã
should_exit`@¯ 0 @C	next_allowàC@ @C@ƒ!'àŸ@C@à_AÏdash_abil!ÀS 6 â$ã/Animatorá 
 G! p##'€—À›@ÛÃg a`=#ˆ /@·C#idle_ O@B¯À+Ã#A¿@Ã.:@C[ÀÃ³@  €?@- à%ÏB»Aç@W@?@ã³ V O@BSÀ@bŸ12679  8ã,³à;ã"³à7ãV³613576 ßãc³B¯1105859958|0Asã»B+[Ref#snce:3441]@'C'ã#Ç@ @7B§ãÇ@ @#ãg@Cã›Ç 2ãFÇA›D› l!(A'A›Ã§Ã7C§ïîn>@CoÀãÇD; $ KEc"Zwo¨ C§CŸ@?Doframe_typ%Ì@'@@@E‚@ w 7@@/%×rt%œ m`/ ôgnƒ h@CßenEºme@õgàdurd¶  7°rh‘í|Ïdo@7log`…@o N ì @«A@[@{à«@'@@À«FW@@/à«hà  cinput_complet!Fq v u @C@# C à	# t #   r(Wback`A sCÀ›  !%Ï s`Ï@_@[@óÀ7AoƒÀÊ¡åaC·Á×@”@ôıÔxé&Ù`A¿)jr_%x@£@kA+@W@C»'¹al_la&F`sÀwAremo Ô`@@?À7advantag!Şà   Qcul!d_à &B  ¦7@[S@µ€?z €[  mess Ys_s'ä_to_ Äàƒ à'hØÀï@3 Ô ¸@· "à3tot!ià3  3à«à’aW@Û@g@Ã@Gğ@ÂcAÃâï â_@âï'1¬Zöa¿@âï | ËAÃ@s@Óà#À@A]@‡ v Ã@D7`Ë @C@@ Rà @'ç'×Jÿ@O@{@O ÿ  @@ @@ à@oÀ@o@„ g¼¶@/@@@W@@'à'—!`?@{@C –à0— 8 — ¬ SAK@“BËäo@ À$åáûBÃ£cAªs_receiv#6from_2âÃBS@SAïâKâ/ ì 0ACAÀ?à#A@@@„@Ä×@ã ¿k¿@CD£@'  àŠÇSyncMan#¬r/Spawn €/@K@/F s@@àord$ú`O@ @@W c-ë+Ğà +  €gîDummyç\@£@O@A—ë#@ @H7Å7ë#@ @#FOÀ#çS@ @@ÓÀÇS@ïBË@â'«ÃC@W@?E»ë d x@!ÎëîiÏ124844879|1124204543      hurtbox_size@  1086324736|1092616192 @  hi`2position``7 `18951 k70079 /@7   7@j``3àk77936128 +À3is_grounded  @@  velocity@  0|0`  state @@Idl`ß 	 jab_À  @@À i m x   @  last_entered_tick @# a @#@ã
should_exit`@¯ 0 @C	next_allowàC@ @C@ƒ!'àŸ@C@à_AÏdash_abil!ÀS 6 /root/Training GaSs/World/Players 
 1/Animatorá 
 G! p - C€—À›@Ûcurr!_a`=B  `·  idle_ O@Ç  À+ÂDA¿DÃ®9@ àspe!ù  aß  €?@- à%ÏB»Aç@W@?@health¿ V O@BSÀ@bŸ12679  8ã	?`óolliderà È Kà;37311 A h£{à#sAãÀ7CHà §ãGã%³613576 ßã»³@ AAŸã³@ @#ãS@Cã›³ 2ãO³ l'B¯ã³@ AGC[Àã³D' $ ,E/"3xg¨ C“C‹@?D[frame_typ%¸@'@@@En@E—@@/%Ãrt%ˆ m`/ hnƒ h@CËenE¦meàdurd¢  7yé&1¬Ìd[@7log`…@o N ì @«A@[@{à«@'@@À«E€@@/à« à«  cinput_complet!F] v v @C@# C à	# u #   r$back`A sCÀ›  !%» s`Ï@_@[@óÀ7Ash‘í|?åaDoÁ×@”@²ï§ÆKß`A¿%¢r_%d@£@kA+@W@FÏ'¥al_la&2`sÀwAremo Ô`@@?À7advantag!Şà   Qcul!d_à &    ¦#@[S@µ€?{ €[  mess Ys_sF±to_ Äàƒ à'e{Àï@3 Ô ¸@· "à3tot!Eµ  à3  3à«à’aW@Û@g@Ã@ z 3@ÂcAÃâï â_@âï\Âõ(\÷a¿@âï | ËAÃ@s@Óà#À@A]@‡ w @I{`Ë @C@@ Rà @' - è$“ /@O@{@O ÿ  @@ @@ à@oÀ@o@„ g¼¶@/@@@W@@'à'—!`?@{@C –à0— 8 — ¬ SAK@“BËäo@ À$åáûBÃ£cAªs_receiv#6from_2âÃBS@SAïâKâ/ ì 0ACAÀ?à#A@@@„@Ä×@ã ¿k«@CD£@'  à‚SyncMan#¬r/Spawn €/@K@/F s@@àord$ú`O@ @@W c,G+¼à +  €gëDummyç\@£@O@A—ë@ @H7Å7ë@ @#FOÀ#Ê @  @@ÓÀÇS@ïBË@â'«ÃC@W@?E»ë d w!Îë 4îG`ë&wëà;ë"à7îı»î&»      last_entered_tick     a     
should_exit`   0 @@C	next_allowàC@ @# 	 hit_state   @C@à_  +dash_ability `7 6 /root/Training Grounds/World/Players 
 1/Animator€@{@ 
 Gis_p - C€—À›@Ûcurr!_a`=ion /@7  idle_ O@  À+posi@*     /@  Àspeed €€?@-  (à"Ï 2 /AG@W@?@health¿ V @  À@  112679 8| 4204543 @`óolliderà È à;37311 Ahurtboxà :@Sà7àsAãÀ7sizeà 3086324736|109261619@÷@  s"Sàj`Àk13576 ß70079 /@7Bo 7@j``3àk77936!à3"# gb_ed B@@OA_veloc"›@  30|0`  Âó@@Idl`ßCjabã@@À i m x CC@ @AŸã³@ @#@ãã»³ 2ãO³ l'B¯Ã“Ã#A¿@Ã.:AGC[Àã³B$ ŸR
b¨ C“C‹@?D[frame_typ$øAÇ@@@En@DÔ@@/"/rt%ˆ m`/ hnƒ h@BkenE¦meàdurd¢  7yé&1¬Ìd[@7log`…@o N ° @«CG@[@{à«@'@@À« z ;@@/à« %à«  'input_complet!F] v w @C@# C à	# v #AK%.r_#ø@/@“@·@?@C+#}al_la%¾`_@c@@£remo ``@@?@@7advantag!jà   Qcul ›d_à &B  ¥¯@[€ß`Ö`?| €[  mess Ys_sF=to_ Äàƒ à'dœÀï@3 Ô ¸@· "à3tot!dÖà3  3à«à’aW@Û@g@Ã@ { 3@Áï  "w'# sa `E»Ã#A	B{ÓMbX9Üâ {â³â#B—â³®Gáz®ëà 7â³ | tAû@«A@?à#À@@‹@¿E?@E‹a ·@C@@ Rà @' - ç#‡Fû@O@{@O ÿ  @@ @@ à@oÀ@o@„C g¼¶@/@@@W@@'à'—!Ö`?@{@C –à0— 8 — ¬ SAK@“Cä3@ À#ÛäË &äBû£›Aªs_receiv#nfrom_2âûB‹@SAïâKàO@âAW ì ACAÀ?à#A@@@„@Ä›@ã ¿ê ¯Bÿ@'  à‚SyncMan#är/Spawn €s@K@/FC s@@àords ?@“@ @@W c*·+€à +  €gêßDummyç @S@O@A—(¯êÓ@ @H?Ã¯êÓ@ @#ç@ @@ÓÀCÇ@ïAs@â'«ÃC@W@?EóêË d x@!ÎêË4844879|ê+Ëà;ê"Ëà7êVË418951 ß 7êºËB+AÏB‹êËîıî9êË       €?   - /root/Training Grounds/World/Players  2 /    @?  health    V @  position@  112679 8| 4204543 @  collider_À8 @à;37311   hurtboxà :à7às à7sizeà 3086324736|109261619@÷@ @3 iàj`À£13576 ß70079 /@7   7@j``3àk77936! +À3is_gaed  @@A_velocity@  0|0`  state @@Idl`ß 	 jab_ÀAË@@À i m x 'AÏ@ @AŸlast_entered_tick à#@ã
should_exit`7@¯ 0 'ÀC	next_allowàC@ƒ!'àŸ@C@?à_AÏdash_abil! v`7 6 â$ã/Animatorá 
 G! p##'€—À›Acurr!_a`="ø /@·C#idle_l€B¯À+ÂêA¿DÃ®9@/C[Àspe!ù  aß  £³@s$ {£ h(¨ AÇ@g@?@§frame_typ"A£@@@Aº@ z 7@@/"rt!Ô m`/ &hnƒ h@BkenAòmeàdur`î  7V-²Íd[@7log`…@o N ì @«A@[@{à«@'@@À« { ;@@/à« 5à«  'input_complet!B© v  BÓ@C@# C à	# w '@#   r$back`A sCÀ›  !" s`Ï@_@7@óÀ7Aî|?5^ºåaBŸÁ×@”@X9´ÈvŞ`A¿!îr_$l@£@kA+@W@C#ñal_la"~`sÀwAremo Ô`@@?À7advantag!Şà   Qcul!d_à &B  ¢o@[S@µ€?} €[  mess Ys_sBıto_ Äàƒ à'eÀï@3 Ô ¸@· "à3tot!eJà3  3à«à’aW@Û@g@Ã@ | 3@ÂcAÃâï 6â_@âïbî÷a¿@âï | ËAÃ@s@Óà#À@A]@‡D¸@EÇ`Ë Ÿ@C@@ Rà @' - ä#ßG7@O@{@O ÿ  @@ @@ à@oÀ@o@„ g¼¶@/@@@W@@'à'—!`?@{@C –à0— 8 — ¬ SAK@“BËäo@ À$åáûBÃ£cAªs_receiv#6from_2âÃBS@SAïâKâ/ ì 0ACAÀ?à#A@@@„@Ä×@ã ¿g÷@CD£@'  à‚SyncMan#¬r/Spawn €/@K@/F s@@àord$ú`O@ @@W c*#(à +  €gêKDummyç\@£@O@A—ç[@ @ç[@ @#FOÅ[çS@ @@ÓÀÇS@ïBË@â'«ÃC@W@?E»ë d x@!Îë4844879|ë+à;ë"à7ëV418951 ß 7ëºB+AÏB‹ë a!ë@#ê§@Cë› 1ãªã«ÃG@ÛÃgë OA'ã³ëã'³Æ_ã³îÜ»itbox_position     
1126135768| 
4270079 @  hitb 7size``3086324736|1077936128 +À3is_grounded  @@  velocity@  0|0`  state @@Idle@ 	 jab_À  @@À i m x   @ @  last_entered_tick à#@ã
should_exit`7@¯ 0 'ÀC	next_allowàC@ƒ!'àŸ@C@?à_  gdash_abil! `7 6 /root/Training GaSs/World/Players 
 2/Animatorá 
 G! p - C€—À›Acurr!_a`=B€  idle_l€  À+ÂDA¿   /@ç  Àspe!ù  aß  €?@@s$ {¦.
¨ AÇ@g@@§frame_typ"A£@@@Aº@ { 7@@/"rt!Ô m`/ 6hnƒ h@BkenAòmeàdur`î  7X9´ÈvÎ`§@7log`…@o N ° @«  @[@{à«@'@@À« |à/à« Fà«  'input_complet!B© v  B@S@# C à	#B÷@#AK!zr_2 `/@“@·@@B§#}al_la"
`_@c@@Óremo ``@@?@@7advantag!jà   Qcul ›d_à &‚û@[€ß`Ö`?~ €[  mess Ys_sB‰to_ Äàƒ à'dœA@¯@3 Ô @· "à3tot!dÖà3  3à«à’aW@Û@g@Ã@ } 3@Áï  "w#o sa `CëÃ#A	B{`åĞ"ÛùŞâ {â³ Fâ#B—â³"°¾Ÿëà 7â³| `{@«A@?à#À@@‹@¿ z §E‹a B?@@ Rà @7 - ä#£ 1 /@O@{@O ÿ  @@ @@ à@oÀ@o@„C g¼¶@/@@@W@@'à'—!Ö`?@{@C –à0— 8 — ¬ SAK@“Cä3@ À#ÛäË GáûBû£›Aªs_receiv#nfrom_2âûB‹@SAïâKàO@âAW ì ACAÀ?à#A@@@„@Ä›@ã ¿g»@CBÿ@'  à‚SyncMan#är/Spawn €/@K@/FC s@@àords ?@O@ @@W c(W'Ìà +  €gç+Dummyç @S@O@A—ç@ @ç@ @#ç`@ÓÃóÇ@ïAs@?â'«ÃC@W@?Eóhealth€W d w!Î  Ç§@'i·)à844879|@
204543 '@`ëollid&?À8 à;3731@‹@;Ahurj(À:@à7àsEÀ7E‰à 3ê_ 9*Ÿ619C£@Gƒ)kJ“Àj`Àk18951 ß 7êºËB+@÷AŸêË a¡§êk@Cê›Ë 1ãªã«ÃG@ÛÃgêË OAKB¯À+ÂD !C  êË -@(ë#› /Dsã³ V @—ã³679#® 8ã,³à;ã"³à7ãV³îıîWd_exit      0 @  dash_ability ` 6 /root/Training Grounds/World/Players  2/Animator   ;@[@ 
 is_p - C€{@@  current_a`=ion @  idle_l€  À+posi@*  @Ã.:@/  à speed @  €?@@s$    R
b¨ @§@g@@§	frame_type€'@+@@tick@ | 7@@/start_tim`/ Ghnƒ h@  'end`àdur`î  7ÍÌ` `§@7log`…@o N ì @«A@[@{à«@'@@À« } ;@@/à« Và«  'input_complet! î`ÿ z @C@# C à	#B4@#  +rollback`A sCÀ›  !-" s`Ï Ö`7@óÀ7A`åĞ"ÛùêaBŸÁ÷@”@)\Âõ(à`A¿!îr_2 `£  SA+@@ 	 local_la"~`sÀwAremo Ô`@@?À7advantag!Şà   Qcul!d_à &âo@[S@µ€?  7@[  mess Ys_sBıto_ Äàƒ à'_sizeA“@¯@3 Ô @[ "à3tot!@9  à3  3à«à’aW@Û@g@Ã@ ~ 3@ÂcAÃâï Wâ_@âïçû©ñÒMüa¿@âï | ËAÃ@s@Óà#À@A]@‡ { @  `Ë @C@@ Rà @' - ä#ß 1 /@O@{@O ÿ  @@ @@ à@oÀ@o@„ g¼¶@/@@@W@@'à'—!`?@{@C –à0— 8 — ¬ SAK@“BËäo@ À$å XáûBÃ£cAªs_receiv#6from_2âÃBS@SAïâKàO@â/ ì ACAÀ?à#A@@@„@Ä×@ã ¿ t#`C  @'  ‚SyncMan#¬r/Spawn €/@K@/F s@@àord$ú`O@ @@Wcount 8@«@ @ + €gçgDummyç\@;@7@A—ç[@ @ç[@ @#FOÅ[çS@ @@ÓÀÇS@ïBË@â'«ÃC@W@?E»health€W d x@!Î  À@  
1124844879|@
204543 @`ë&wid&À8 à;3731@‹@;Ahurtboxà :@à7àsF—À7EQà 3086324736|109261619C£@  “hiàj`Àk18951 ß70079 /@7   7@j``3àk77936128 +À3" gi³ed A³@@A_ve')ï@  30|0`ã@@Idl`ßGKjab_ã/@@À i m x OB'@@AŸlast_&êer#úC„ # a @#@ãshould_eê§@Cnex*(llowàC@ @C@ƒ!'àŸÀóà_AÏë; 1ãªã«À›@ÛÃgë O@ãB¯À+ÂêA¿ë-  äoë× /Dsã³ V @—BSÀ@bŸ12679  8ã,³à;ã"³à7ãV³613576 ßã»³@ A¿B“ã³@ @#ãS@Cã›³îo»DÃ®9AGC[ÃÓÇgCÓ  î
»£ h(î,»   }      
 start_time    Xhnƒ€  end`àduration 7´Èv¾ŸÏ?@W@7log_typ 7     ì     @#@{frame`%@{€'@@tick@ ~ @@/à« hà«  'input_complet X B Ó  { @C@# C à	# z #  rollback`A sà›  !-ings`Ï@_@[@óÀ7AºI+‡êa  3currenAi€×£p=
×Û`  peer_2 `£A/A+@W@ 	 local_lag @s@@Aremo Ô`@@?@@7advantag!bà   Qcul!d_à &    €`—@[S@µ€?€ €[  mess Ys_s`Ùo_ Äàƒ à'_sizeA“@¯@3 Ô @· "à3tot!@9  à3  3à«à’aW@Û@g@Ã@ €ÂcAÃâï iâ_@âïyé&1¬úa'@âï | ËAÃ@s@Óà#À@A]@ | @  `Ë @C@@ Rà @' - 
/root/Train"“ Grounds/World/Players  1 /@O@{@O ÿ  @@ @@ à@oÀ@o@ $ $Dg¼¶ 
 €@W@@'à'—!`?@{@C –à0— 8 — ¬ SAK@“BËäo@ À$åáûBÃ£cAªs_receiv#6from_2âÃBS@SAïâK jâKâ/ ì 0ACAÀ?à#A@@@„@Ä×@ã ¿ t#`CD£@'  ‚SyncMan#¬r/Spawn €/@K@/  / s@@àord$ú`O@ @@W c"_ t 8@«@ @ + €gâ‡Dummy/Animato€;@7@A—is_p"©"¿‚c@ @  Å7 a`<&l @@ @FOÀ#posi@" @  @@ÓÀ s$Ÿ d @ïBË@â'«ÃC@W@?E»health€W d _@!Î  À@  
1124844879|@
204543 @`ë&wid&À8 à;3731@‹@;Ahurtboxà :@à7àsF—À7EQà 3086324736|109261619C£@  “hiàj`Àk18951 ß70079 /@7   7@j``3àk77936128 +À3" gdÓed A³@@A_ve'ity@  30|0`ã@@Idl`ßGjab_ã/@@À i m x OB'@@AŸlast_&êer#úC„ # a @#@ã
should_exit`@¯ 0 @Cnex"ÌllowàC@ @C@ƒ!'àŸ@C@à_AÏdash_abil!ÀS 6 ãŸæ'ãªcç@{@ã«À›@ÛÃgã«C#idle_ O@GB¯À+ÂêA¿DÃ®9@C[ÀÃ³@  ¨—- à%ÏB»D¯@W@_@ã³ V O@BSÀ@bŸ12679  8ã,³à;ã"³à7ãV³613576 ßã»³@ A¿B“ã³@ @#ãS@Cã›³ 2ãO³ l'ã³   /AGC[ã³D'Š;  ¦.
¨ C“C‹@?D[éŸ@+@@En@Ë«@/%Ãé³écéëËòÒMbXÑëË ° x@«Fû@‹@{à«@ß@@À«Ê@/à« xêJ?kïî
—Ì@# C-æî	»ÊAK(âîGocal_lag       
 remote_`@  @ 	 advantage à  
calculated_à &    €?@?@[	input_tick€? €[  mess Ys_sen #o_peer_2àg à'_size @¯@› Ô @w " à[ etal`9  à3  3à«à’  @g@Û@g@Ã@€ €  @w  timings   `  curr`å!	  !°rh‘íàa'  end me yhnƒ <@S@durationà7 ğà 7log_typ 7€o | 7@{@«À?à#À@@‹@7 } ;@  a @C@@ Rà @' - 
/root/Train ï Grounds/World/Players  1 /@O@{@O ÿ  @@ @@ à@oÀ@o@ $ $Ag¼¶ 
 €@W@@'à'—!Ö`?@{@C –à0— 8 — ¬ SAK@“Cframea¥€g@ Àstar"û!ù@áûBû£›Aªs_receiv#nfrom_2B“A@»B‹@SB/âKâ@; ì 0ACAÀ?à#@[@@@„@| €@ã ¿ t º`CBÿ@'  ‚SyncMan#är/Spawn €/@K@/  / s@@àords @“@ @@W c"_ t 8à +  €gâ‡Dummy/Animato€;@O@A—is_p"©"¿@ @  Ã¯ a`<#| @@ @  À#posi@"  @ @@ÓÀ s$× d @ïAs@â'«ÃC@W@?  Ohealth€W d @!Î  À@  
1124844879|@
204543 @`ëollid%zÀ8 à;3731@‹@;Ahurtboxà :@à7àsEÀ7EÃà 3086324736|109261619C£@  “hiàj`Àk18951 ß70079 /@7   7@j``3àk77936128 +À3" gdÓed A³@@A_velocity@  30|0`ã@@Idl`ßGKjab_ã/@@À i m x OB'@@AŸlast_&<er#úC„ # a @#@ã
should_exit`@¯ 0 @Cnex"ÌllowàC@ @C@ƒ!'àŸ@C@à_AÏdash_abil!ÀS 6 ãŸæ'ãªcç@{@ã«À›@ÛÃgã«C#idle_ O@GB¯À+ÂêA¿   /@C[ÀÃ³€ˆÏ-  (æ"÷B»D¯@W@_@ã³ V O@BSÀ@bŸ12679  8ã,³à;ã"³à7ãV³613576 ßã»³@ A¿B“ã³@ @#ãS@Cã›³ 2ãO³ l'ã³@Ã.:AGC[ã³D'Š;  R
b¨ C“C‹@?D[éŸ@+@@En@Ëã@/%Ãé³CËéëË=
×£p=ÒëË ° x@«Fû@‹@{à«@ß@@À«Ê@/à« ‰ì[J?kï_comple.@B`ÿÌ@# C à	#ÊAK(âMº`/@“@·@“@F['1-wnb`_ Ú`@£ rîb ‚ wî³@ÃA?î‡AgK',I*Ïî
urrent_tick  Ï÷Sã¥›à?    end me Šhnƒ  Àduration@79´Èv¾Ÿğà 7log_typ 7   9  |     À?à#À@@‹@7 ~ +  input @C@@ Rà @7 - /root/Training Grounds/World/Players  1 /@O@{@O ÿ  @@ @@ à@oÀ@o@ $ $Ag¼¶ 
 €@W@@'à'— 2 C@?@{@C –à0— 8 — ¬ SAK@“ 
 framea¥€g@ ÀstarB m`áû  (remot <"6s_received_from_2 A@»  @SâKâ@; ì 0ÁÀ?à#@[@@@„@ } k@ã ¿ t º`C  @'  ‚SyncManager/Spawn €/@K@/  / s@@àords @“@ @@W c"_ t 8à +  €gâ‡Dummy/Animato€;@O@A—is_p"©"¿@ @  currC¯ a`<#| @@ @  À#posi@"  @ @@ÓÀspeed @ïAs@â'«ÃC@W@?  Ohealth€W d @!Î  À@  
1124844879|@
204543 @`ëolliderà È à;3731@‹@;Ahurtboxà :@à7às  _À7sizeà 3086324736|109261619C£@ @3 iàj`Àk18951 ß70079 /@7   7@j``3àk77936128 +À3" gdÓed A³@@A_velocity@  30|0`ã@@Idl`ß 	 'jab_ã/@@À i m x 'B'@@AŸlast_"Œer#úC„ # a @#@ã
should_exit`@¯ 0 @Cnex"ÌllowàC@ @C@ƒ!'àŸ@C@à_AÏdash_abil!ÀS 6 ãŸæ'ãªcç@{@ã«À›@ÛÃgã«C#idle_ O@GB¯À+Ã#A¿@Ã.:@C[ÀÃ³@  €go- à%ÏB»D¯@W@_@ã³ V O@BSÀ@bŸ12679  8ã,³à;ã"³à7ãV³613576 ßã»³@ A¿B“ã³@ @#ãS@Cã›³ 2ãO³ l'ã³DÃ®9AGC[ã³D'Š;  £ h(¨ C“C‹@?D[éŸ@+@@En@€ €@/%Ãé³CËëË®GázÎd[@7éw@· ° x@«Fû@‹@{à«@'@@À«Ê@/à« šì[J?kï_compleªg`ÿÌ@# C à	#ÊAK(âr_$ğ@/@“@·@“@F['1al_la)j`_ Ú`@£ rŠã`@@?À7advant*@ /à   Qcul ›d_à &å¯@[€ßA€? ƒ 7@[  mess Ys_s'\_to_ ÄàgKƒà'hPÀï@3 Ô ¸@[ "à[ e t!hŠà3  3à«à’aW@Û@g@Ã@ ‚ 3@ÁïK',I*Ï sa `GŸÃ#A	NG+‡ÙÎßâ {â³ ›â#B—îÂõ(\îE  §I?a B?@Û@@ÇÀA_ç'‡J¯@?Á?-æí0çî0rld/Players  2         ÿ  @@ @@ à  À  @ $   	8g¼¶ 
 ¬ @S  @# 
 	frame_type@+€ Àstart_tim` ›hnƒ X@  *remot <icks_received_from_2  *   ‚ @3  end 0meàO@log`‰@3@; ì @¯@çÀ?à#@'@@@„@ ~ c@@ã ¿ t º`C  @  /root/SyncManager/Spawn €/@K@/  / s@@àords @“@ @@Wcount 8à +  €g
Training Gr 'ds/World/Dummy/Animato€;@O@A—is_p" 7@ @  current_a`<ion @@ @  À#posi@"  @ @@ÓÀspeed @ïAs@ - à» P ™â« 1 /@û@W@?  health€W d @!Î  À@  
1124844879|@
204543 @`ëolliderà È à;3731@‹@;Ahurtboxà :@à7às  _À7sizeà 3086324736|109261619C£@ @3 iàj`Àk18951 ß70079 /@7   7@j``3àk77936128 +À3" gbKed A³@@A_velocity@  30|0`ã@@Idl`ß 	 'jab_ã/@@À i m x 'B'@@AŸlast_"Œer#úC„ # a @#@ã
should_exit`@¯ 0 @Cnex"ÌllowàC@ @C@ƒ!'àŸ@C@à_AÏdash_abil!ÀS 6 â$ããªbë@{@ã«À›@ÛÃgã«C#idle_ O@GB¯À+Ã#A¿DÃ®9@C[ÀÃ³@  €?@- à%ÏB»ã³ V O@WBSÀ@bŸ12679  8ã,³à;ã"³à7ãV³613576 ßã»³@ A¿B“ã³@ @#ãS@Cã›³ 2ãO³ l'ã³   /AGã³D'‰£  ¦.
¨ C“D@?D[éŸ@+@@En@  7@@/%Ãé³CËédurhN  ™u“VÕd[@7éw@· ì x@«AÀ{à«@'@@À« ‚à« ªê_J?input_compleªg`ÿ  C@# ï à	#Ê  + r(CbackfŸ)À ºà ›I¿*)g s`Ï@@¯@óÀ7AD‹lçû©åaFSÅ‹@×@•C‹lß`A¿)Vr_%d@£AA+@W@FÏ'¥al_la)Ş`sÀwAÃ«W`@@?À7advant*´ 7À   Qcul!d_à &æ#@[S@µ€[ „ 7@[  mess Ys_s'Ğ_to_ ÄàƒK÷à'hÄÀï@3 Ô œ@[ "à[ e t!hşà3  3à«à’aW@Û@g@Ã@ ƒ 3@ÂcAÃâï «â_@âï %aÀ øa¿@âï | ËAÃ@s@Óà#À@A]@‡€ €I{`Ë @C@@ Rà @7ç'ÃJë@O@{@O."î0# ®#@G@@W@à+—!`?à;—î?»áûBÃ£cAªî»BSAAïâKâ/î$»ick         state     @  /root/SyncManager/Spawn €/@K@/  / s@_records @O@ @@Wcount 8à +  €g
Training Gr 'ds/World/Dummy/Animato€;@O@ 
 ;is_play 7   @ @  current_a`<ion @@ @  À#posi@"  @ @@ÓÀspeed @ï@g@ - à» P ™ers  1 /@û@W@?  health€W d @  À@  
1124844879|@
204543 @`ëolliderà È à;3731@‹@;Ahurtboxà :@à7às  _À7sizeà 3086324736|1092616192 +@  hiàj`Àk18951 ß70079 /@7   7@j``3àk77936128 +À3" gbKed A³@@A_velocity@  30|0`ã@@Idl`ß 	 'jab_ã/@@À i m x 'B'@@AŸlast_"Œered_tick # a @#@ã
should_exit`@¯ 0 @Cnex"ÌllowàC@ @C@ƒ!'àŸ@C@à_AÏdash_abil!ÀS 6 â$ããªbë@{@ã«À›@ÛÃgã«C#idle_ O@GB¯À+Ã#A¿   /@C[ÀÃ³€€?@-  (d×äoã³B»ã³ V O@WBSÀ@bŸ12679  8ã,³à;ã"³à7ãV³613576 ßã»³@ A¿B“ã³@ @#ãS@Cã›³ 2ãO³ l'ã³@Ã.:AGã³D'$ …OR
b¨ C“D@?D[frame_typ(ÈEw@@@En@ ‚ 7@@/%Ãrt%ˆ m`/ «hnƒ h@CËenE¦me@ ¬àdurhN  7+‡ÙÎd[@7log`…@o N ì @«A@[@{à«@'@@À« ƒ ;@@/à« »à  'input_complet!F] v € €C@# C à	#Ê  + r(Cback`A)À@CÀ›I¿!)g s`Ï@@Ÿ@óÀ7AßO—nçaFSÅ‹@”@¸…ëQ¸Ş`A¿)Vr_%d@£@kA+@W@FÏ'¥al_la)Ş`sÀwAremo Ô`@@?À7advant*´ 7À   Qcul!d_à &æ#@[S@µ€[ … 7@[  mess Ys_s'Ğ_to_ Äàƒ à'hÄÀï@3 Ô œ@[ "à3tot!hşà3  3à«à’aW@Û@g@Ã@ „ 3@ÂcAÃâï ¼â_@âïáz®Gáøa¿@âï | ËAÃ@s@Óà#À@A]@‡  @I{`Ë @C@@ Rà @'ç'ÃJë@O@{@O ÿ  @@ @@ à@oÀ@o@„ g¼¶@/@@@W@@'à'—!`?@{@C –à0— 8 — ¬ SAK@“BËäo@ À$åáûBÃ£cAª sMÚeiv#6from_2âÃBS@SAïâKâ/ ì 0ACAÀ?à#A@@@„@Ä×@ã ¿îı»î»      -   /root/Training Grounds/World/Players  1 /    @?  health    d @  position@  
1124844879|@
204543 @  collider_À8 @à;3731@‹@  'hurtboxà :@à7às à7sizeà 3086324736|1092616192 +@  hiàj`Àk18951 ß70079 /@7   7@j``3àk77936128 +À3is_gaed  @@A_velocity@  0|0`  state @@Idl`ß 	 jab_ÀAË@@À i m x 'AÏ@@AŸlast_entered_tick # a @#@ã
should_exit`@¯ 0 @C	next_allowàC@ @C@ƒ!'àŸ@C@à_AÏdash_abil!ÀS 6 â$ã/Animatorá 
 G! p##'€—À›@Ûcurr!_a`="ø /@·C#idle_ O@B¯À+ÂêA¿@Ã.:@C[Àspe!ù  aß  €?@- à%ÏB»Aç@W@?@ã³ V O@BSÀ@bŸ12679  8ã,³à;ã"³à7ãV³613576 ßã»³@ A¿B“ã³@ @#ãS@Cã›³ 2ãO³ l'ã³DÃ®9AGC[ã³D' $!tEO£ h(¨ C“C‹@?D[frame_typ%¸@'@@@En@ ƒ 7@@/%Ãrt%ˆ m`/ ¼hnƒ h@CËenE¦me@ ½àdurd¢  7V-²Ïd[@7log`…@o N ° @«Fû@[@{à«@'@@À« „ ;@@/à« Ëà  'input_complet!F] v  @C@# C à	#€ €#AK%.r_$ğ@/@“@·@?@F['1al_la%¾`_@c@@£remo ``@@?@@7advantag!jà   Qcul ›d_à &EÏ  ¥¯@[€ß`Ö`?† €[  mess Ys_sF=to_ Äàƒ à'hPÀï@3 Ô ¸@· "à3tot!hŠà3  3à«à’aW@Û@g@Ã@ … 3@Áï  "w'# sa `GŸÃ#A	B{Ûù~j¼tÛâ {â³â#B—â³‡ÙÎ÷Sëà 7â³ | tAû@«A@?à#À@@‹@¿ ‚ §I?a @C@@ Rà @7ç'‡J¯@O@{@O ÿ  @@ @@ à@oÀ@o@„C g¼¶@/@@@W@@'à'—!Ö`?@{@C –à0— 8 — ¬ SAK@“Cä3@ À#ÛäË ÌäBû£›Aªs_receiv#nfrom_2âûB‹@SAïâKàO@âAW ì ACAÀ?à#A@@@„@Ä›@ã ¿ko@CBÿ@'  àŠwSyncMan#är/Spawn €/@K@/FC s@@àords ?@O@ @@W c-›+€à +  €gíÃDummyç @S@O@A—êÓ@ @GûÃ¯êÓ@ @#ç@ @@ÓÀCÊË@ïAs@â'«ÃC@W@?EóêË d x@!ÎêËîıN      1086324736|1077936128      is_grounded  @@  velocity@  0|0`  state @@Idle@ 	 jab_À  @@À i m x   @  last_entered_tick @# a @#@¯
should_exit`@¯ 0 @C	next_allowàC@ @C@ƒhitàŸ@C@à_  Ddash_abil! `7 6 /root/Training GaSs/World/Players 
 1/Animatorá 
 G! p - C€—À›@Ûcurr!_a`=ion /@·  idle_ O@  À+posi@*A¿DÃ®9@ àspe!ù  aß  €?@- à%Ï 2 /Aç@W@?@health¿ V @BSÀ@bŸ12679 8| 4204543 /`óolliderà È à;37311 Ahurtboxà :àsAãÀ7sizbÓ`kãG9261619@÷@S  s"Sàj``7 ß13576 ß70079 /@7Bo 7@j``3àkãŠ³@ @¿AŸã³@ @#@ãã»³ 2ãO³ l'B¯ã³   /AGC[Àã³D' $ ,E/¦.
¨ C“C‹@?D[frame_typ%¸@'@@@En@ „ 7@@/%Ãrt%ˆ m`/ Ìhnƒ h@CËenE¦meàdurd¢  7X9´ÈvÎd[@7log`…@o N ì @«A@[@{à«@'@@À« … ;@@/à« Üà«  'input_complet!F] v ‚ @C@# C à	#  #   r$back`As `CÀ›  !%» s`Ï@_@[@óÀ7A-²ï§êaDoÁ×@”@+‡ÙŞ`A¿%¢r_$l@£@kA+@W@FÏ'¥al_la&2`sÀwAremo Ô`@@?À7advantag!Şà   Qcul!d_à &    ¦#@[S@µ€?‡ €[  mess Ys_sF±to_ Äàƒ à'eÀï@3 Ô ¸@· "à3tot!eJà3  3à«à’aW@Û@g@Ã@ † 3@ÂcAÃâï İâ_@âï¤p=
×£úa¿@âï | ËAÃ@s@Óà#À@A]@‡ ƒ @I{`Ë @C@@ Rà @' - è$“ /@O@{@O ÿ  @@ @@ à@oÀ@o@„ g¼¶@/@@@W@@'à'—!`?@{@C –à0— 8 — ¬ SAK@“BËäo@ À$åáûBÃ£cAªs_receiv#6from_2âÃBS@SAïâKâ/ ì 0ACAÀ?à#A@@@„@Ä×@ã ¿k«@CD£@'  à‚SyncMan#¬r/Spawn €/@K@/F s@@àord$ú`O@ @@W c,G+¼à +  €gëDummyç\@£@O@A—ë@ @H{Å7ë@ @#FOÀ#Êw @  @@ÓÀÇS@ïBË@â'«ÃC@W@?E»ë d w!Îë4844879|*2ë(à;ë"à7ë{F— h«?EQ@Ïê›ë%418951 ßë»B+AB‹ëîp»      0      dash_ability ` 6 /root/Training Grounds/World/Players  1/Animator   ;@[@ 
 is_p - C  @{@@  current_a`=ion @  idle_ O@  À+posi@*     /@  Àspeed €€?@-  (à"Ï 2 /@Ç@W@?@health    V @  À@  112679 8| 4204543 @`óolliderà È à;37311 Ahurtboxà :@Sà7àsAãÀ7sizeà 3086324736|109261619@÷@  shiàj`Àk13576 ß70079 /@7   7@j``3àk77936! +À3"# gb_ed B@@A_veloc"›@  30|0`  state @@Idl`ß 	 jab_ÀAË@@À i m x 'AÏ@ @AŸlast_"”ered_tick à#@ã
should_exit`7@¯ÃS@Cnex"ÔllowàC@ƒ!'àŸ@C@ƒà_AÏã;³ 2ãO³l `ÇB¯Ã“Ã#A¿@Ã.:@çC[Àã³A$ {R
b¨ AÇC‹@?D[frame_typ"A£@@@Aº@ … 7@@/"rt!Ô m`/ İhnƒ h@BkenAòme@ Şàdurd¢  7u“VÍd[@7log`…@o N ì @«A@[@{à«@'@@À« † ;@@/à« íà  'input_complet!B© v ƒ @C@# C à	# ‚ #   r$back`As `CÀ›  !%» s`Ï@_@[@óÀ7A—nƒÀæaBŸÁ×@”@…ëQ¸…Û`A¿%¢r_$l@£@kA+@W@C#ñal_la&2`sÀwAremo Ô`@@?À7advantag!Şà   Qcul!d_à &B  ¦#@[S@µ€?ˆ €[  mess Ys_s$_to_ Äàƒ à'eÀï@3 Ô ¸@· "à3tot!eJà3  3à«à’aW@Û@g@Ã@ ‡ 3@ÂcAÃâï îâ_@âï7‰A`åĞøa¿@âï | ËAÃ@s@Óà#À@A]@‡ „ @EÇ`Ë @C@@ Rà @' - ç#ÃG7@O@{@O ÿ  @@ @@ à@oÀ@o@„ g¼¶@/@@@W@@'à'—!`?@{@C –à0— 8 — ¬ SAK@“BËäo@ À$åáûBÃ£cAªs_receiv#6from_2âÃBS@SAïâKâ/ ì 0ACAÀ?à#A@@@„@Ä×@ã ¿g÷@CD£@'  à‚SyncMan#¬r/Spawn €/@K@/F s@@àord$ú`O@ @@W c*ó(à +  €gëDummyç\@£@O@A—(ë pë@ @H7Å7ë@ @#FOÀ#çS@ @@ÓÀÇS@ïBË@â'«ÃC@W@?E»ë d x@!Îë4844879|ë+à;ë"à7ëV418951 ßë»B+AÏB‹ë a!ë@#ê§@Cë›îo»ëã'³Æ_ã³   V       position@  112679 8| 4204543 @  collider_À8 @à;37311   hurtboxà :à7às à7sizeà 3086324736|1092616192 +@  hiàj`À£13576 ß70079 /@7   7@j``3àk77936! +À3is_grounded  @@A_velocity@  0|0`  state @@Idl`ß 	 jab_À  @@À i m x   @ @AŸlast_entered_tick à#@ã
should_exit`7@¯ 0 'ÀC	next_allowàC@ƒ!'àŸ@C@?à_AÏdash_abil! v`7 6 /root/Training GaSs/World/Players 
 2/Animatorá 
 G! p - C€—À›Acurr!_a`="ø /@·  idle_l€B¯À+ÂêA¿DÃ®9@/  /Àspe!ù  aß  €?@@s$ {£ h(¨ AÇ@g@@§frame_typ"A£@@@Aº@ † 7@@/"rt!Ô m`/ îhnƒ h@BkenAòme@ ïàdur`î  7V-²Í`§@7log`…@o N ° @«CG@[@{à«@'@@À« ‡ ;@@/à« ıà  'input_complet!B© v „ @C@# C à	# ƒ #AK!zr_#ø@/@“@·@?@B§#}al_la"
`_@c@@£remo ``@@?@@7advantag!jà   Qcul ›d_à &B  ¡û@[€ß`Ö`?‰ €[  mess Ys_sB‰to_ Äàƒ à'dœÀï@3 Ô ¸@· "à3tot!dÖà3  3à«à’aW@Û@g@Ã@ ˆ 3@ ‡ @w  "w#o sa `CëÃ#A	B{oƒÀÊ¡İâ {â³â#B—â³?5^ºIîà 7â³ | tAû@«@“@?à#À@@‹@¿ … §E‹a @C@@ Rà @7 - ä#£Fû@O@{@O ÿ  @@ @@ à@oÀ@o@„C g¼¶@/@@@W@@'à'—!Ö`?@{@C –à0— 8 — ¬ SAK@“Cä3@ À#ÛäË şäBû£›Aªs_receiv#nfrom_2âûB‹@SAïâKàO@âAW ì ACAÀ?à#A@@@„@Ä›@ã ¿g»@CBÿ@'  à‚SyncMan#är/Spawn €/@K@/FC s@@àords ?@O@ @@W c(W'Ìà +  €gç+Dummyç @S@O@A—ç@ @ç@ @#ç@ @@ÓÃóÇ@ïAs@â'«ÃC@W@?Eóhealth€W d x@!ÎêË4844879|ê+Ëà;ê"Ëà7êVË418951 ßê»ËB+AÏB‹êË a!ë@#êk@Cê›Ë 1ãªã«ÃG@ÛÃgêË OA'ã³êËã'³Æ_ã³îıîn|0       state @@Idle@ 	 jab_À  @@Àindex   @ @  last_entered_tick à#  
should_exit`7   0 ÀC	next_allowàC@ƒhitàŸ@C@?à_  gdash_ability `7 6 /root/Training Grounds/World/Players 
 2/Animatorá 
 Gis_p - C€—À›Acurr!_a`=ion /@·  idle_l€  À+posi@*     /@/  Àspeed €€?@@s$ {¦.
¨ AÇ@g@@§frame_typ"A£@@@Aº@ ‡ 7@@/"rt!Ô m`/ şhnƒ h@  'enAòmeàdur`î  7–C‹lçûÑ`§@7log`…@o N  @«A«@[@{à«@'@@À« ˆ ;@@/à«ià«  'input_complet!B© v … @C@# C à	# „ #  rollback`A sCÀ›  !" s`ÏÀ@óÀ7Ağ§ÆK7‰éaAŸ!Îr_2 `ƒ@3A@“@Bûlocal_la"^`³@·@@÷remo ´`@@?@@7advantag!¾à   Qcul ïd_à &âO@³áß áOCsfat “err#@s@@wAGà_mess@@@w F@7  ai mis#Qch@@oâ   GCPF